Archive member included to satisfy reference by file (symbol)

/usr/local/NXP/S32DS.3.6.3/S32DS/build_tools/gcc_v10.2/gcc-10.2-arm32-eabi/bin/../lib/gcc/arm-none-eabi/10.2.0/../../../../arm-none-eabi/lib/thumb/v7e-m/nofp/libc.a(lib_a-exit.o)
                              /usr/local/NXP/S32DS.3.6.3/S32DS/build_tools/gcc_v10.2/gcc-10.2-arm32-eabi/bin/../lib/gcc/arm-none-eabi/10.2.0/../../../../arm-none-eabi/lib/thumb/v7e-m/nofp/rdimon-crt0.o (exit)
/usr/local/NXP/S32DS.3.6.3/S32DS/build_tools/gcc_v10.2/gcc-10.2-arm32-eabi/bin/../lib/gcc/arm-none-eabi/10.2.0/../../../../arm-none-eabi/lib/thumb/v7e-m/nofp/libc.a(lib_a-impure.o)
                              /usr/local/NXP/S32DS.3.6.3/S32DS/build_tools/gcc_v10.2/gcc-10.2-arm32-eabi/bin/../lib/gcc/arm-none-eabi/10.2.0/../../../../arm-none-eabi/lib/thumb/v7e-m/nofp/libc.a(lib_a-exit.o) (_global_impure_ptr)
/usr/local/NXP/S32DS.3.6.3/S32DS/build_tools/gcc_v10.2/gcc-10.2-arm32-eabi/bin/../lib/gcc/arm-none-eabi/10.2.0/../../../../arm-none-eabi/lib/thumb/v7e-m/nofp/libc.a(lib_a-init.o)
                              /usr/local/NXP/S32DS.3.6.3/S32DS/build_tools/gcc_v10.2/gcc-10.2-arm32-eabi/bin/../lib/gcc/arm-none-eabi/10.2.0/../../../../arm-none-eabi/lib/thumb/v7e-m/nofp/rdimon-crt0.o (__libc_init_array)
/usr/local/NXP/S32DS.3.6.3/S32DS/build_tools/gcc_v10.2/gcc-10.2-arm32-eabi/bin/../lib/gcc/arm-none-eabi/10.2.0/../../../../arm-none-eabi/lib/thumb/v7e-m/nofp/libc.a(lib_a-memset.o)
                              /usr/local/NXP/S32DS.3.6.3/S32DS/build_tools/gcc_v10.2/gcc-10.2-arm32-eabi/bin/../lib/gcc/arm-none-eabi/10.2.0/../../../../arm-none-eabi/lib/thumb/v7e-m/nofp/rdimon-crt0.o (memset)
/usr/local/NXP/S32DS.3.6.3/S32DS/build_tools/gcc_v10.2/gcc-10.2-arm32-eabi/bin/../lib/gcc/arm-none-eabi/10.2.0/../../../../arm-none-eabi/lib/thumb/v7e-m/nofp/libc.a(lib_a-printf.o)
                              ./src/driver_port.o (printf)
/usr/local/NXP/S32DS.3.6.3/S32DS/build_tools/gcc_v10.2/gcc-10.2-arm32-eabi/bin/../lib/gcc/arm-none-eabi/10.2.0/../../../../arm-none-eabi/lib/thumb/v7e-m/nofp/libc.a(lib_a-vfprintf.o)
                              /usr/local/NXP/S32DS.3.6.3/S32DS/build_tools/gcc_v10.2/gcc-10.2-arm32-eabi/bin/../lib/gcc/arm-none-eabi/10.2.0/../../../../arm-none-eabi/lib/thumb/v7e-m/nofp/libc.a(lib_a-printf.o) (_vfprintf_r)
/usr/local/NXP/S32DS.3.6.3/S32DS/build_tools/gcc_v10.2/gcc-10.2-arm32-eabi/bin/../lib/gcc/arm-none-eabi/10.2.0/../../../../arm-none-eabi/lib/thumb/v7e-m/nofp/libc.a(lib_a-wsetup.o)
                              /usr/local/NXP/S32DS.3.6.3/S32DS/build_tools/gcc_v10.2/gcc-10.2-arm32-eabi/bin/../lib/gcc/arm-none-eabi/10.2.0/../../../../arm-none-eabi/lib/thumb/v7e-m/nofp/libc.a(lib_a-vfprintf.o) (__swsetup_r)
/usr/local/NXP/S32DS.3.6.3/S32DS/build_tools/gcc_v10.2/gcc-10.2-arm32-eabi/bin/../lib/gcc/arm-none-eabi/10.2.0/../../../../arm-none-eabi/lib/thumb/v7e-m/nofp/libc.a(lib_a-__call_atexit.o)
                              /usr/local/NXP/S32DS.3.6.3/S32DS/build_tools/gcc_v10.2/gcc-10.2-arm32-eabi/bin/../lib/gcc/arm-none-eabi/10.2.0/../../../../arm-none-eabi/lib/thumb/v7e-m/nofp/libc.a(lib_a-exit.o) (__call_exitprocs)
/usr/local/NXP/S32DS.3.6.3/S32DS/build_tools/gcc_v10.2/gcc-10.2-arm32-eabi/bin/../lib/gcc/arm-none-eabi/10.2.0/../../../../arm-none-eabi/lib/thumb/v7e-m/nofp/libc.a(lib_a-dtoa.o)
                              /usr/local/NXP/S32DS.3.6.3/S32DS/build_tools/gcc_v10.2/gcc-10.2-arm32-eabi/bin/../lib/gcc/arm-none-eabi/10.2.0/../../../../arm-none-eabi/lib/thumb/v7e-m/nofp/libc.a(lib_a-vfprintf.o) (_dtoa_r)
/usr/local/NXP/S32DS.3.6.3/S32DS/build_tools/gcc_v10.2/gcc-10.2-arm32-eabi/bin/../lib/gcc/arm-none-eabi/10.2.0/../../../../arm-none-eabi/lib/thumb/v7e-m/nofp/libc.a(lib_a-fflush.o)
                              /usr/local/NXP/S32DS.3.6.3/S32DS/build_tools/gcc_v10.2/gcc-10.2-arm32-eabi/bin/../lib/gcc/arm-none-eabi/10.2.0/../../../../arm-none-eabi/lib/thumb/v7e-m/nofp/libc.a(lib_a-vfprintf.o) (_fflush_r)
/usr/local/NXP/S32DS.3.6.3/S32DS/build_tools/gcc_v10.2/gcc-10.2-arm32-eabi/bin/../lib/gcc/arm-none-eabi/10.2.0/../../../../arm-none-eabi/lib/thumb/v7e-m/nofp/libc.a(lib_a-findfp.o)
                              /usr/local/NXP/S32DS.3.6.3/S32DS/build_tools/gcc_v10.2/gcc-10.2-arm32-eabi/bin/../lib/gcc/arm-none-eabi/10.2.0/../../../../arm-none-eabi/lib/thumb/v7e-m/nofp/libc.a(lib_a-vfprintf.o) (__sinit)
/usr/local/NXP/S32DS.3.6.3/S32DS/build_tools/gcc_v10.2/gcc-10.2-arm32-eabi/bin/../lib/gcc/arm-none-eabi/10.2.0/../../../../arm-none-eabi/lib/thumb/v7e-m/nofp/libc.a(lib_a-fini.o)
                              /usr/local/NXP/S32DS.3.6.3/S32DS/build_tools/gcc_v10.2/gcc-10.2-arm32-eabi/bin/../lib/gcc/arm-none-eabi/10.2.0/../../../../arm-none-eabi/lib/thumb/v7e-m/nofp/libc.a(lib_a-__call_atexit.o) (__libc_fini_array)
/usr/local/NXP/S32DS.3.6.3/S32DS/build_tools/gcc_v10.2/gcc-10.2-arm32-eabi/bin/../lib/gcc/arm-none-eabi/10.2.0/../../../../arm-none-eabi/lib/thumb/v7e-m/nofp/libc.a(lib_a-freer.o)
[...]
Memory Configuration

Name             Origin             Length             Attributes
m_interrupts     0x0000000000000000 0x0000000000000400 xr
m_flash_config   0x0000000000000400 0x0000000000000010 xr
m_text           0x0000000000000410 0x000000000007fbf0 xr
m_data           0x000000001fff8000 0x0000000000008000 rw
m_data_2         0x0000000020000000 0x0000000000007000 rw
*default*        0x0000000000000000 0xffffffffffffffff

Linker script and memory map

LOAD /usr/local/NXP/S32DS.3.6.3/S32DS/build_tools/gcc_v10.2/gcc-10.2-arm32-eabi/bin/../lib/gcc/arm-none-eabi/10.2.0/thumb/v7e-m/nofp/crti.o
LOAD /usr/local/NXP/S32DS.3.6.3/S32DS/build_tools/gcc_v10.2/gcc-10.2-arm32-eabi/bin/../lib/gcc/arm-none-eabi/10.2.0/thumb/v7e-m/nofp/crtbegin.o
LOAD /usr/local/NXP/S32DS.3.6.3/S32DS/build_tools/gcc_v10.2/gcc-10.2-arm32-eabi/bin/../lib/gcc/arm-none-eabi/10.2.0/../../../../arm-none-eabi/lib/thumb/v7e-m/nofp/rdimon-crt0.o
LOAD ./Project_Settings/Startup_Code/startup.o
LOAD ./Project_Settings/Startup_Code/startup_S32K144.o
LOAD ./Project_Settings/Startup_Code/system_S32K144.o
LOAD ./src/driver_gpio.o
LOAD ./src/driver_port.o
LOAD ./src/driver_usart.o
LOAD ./src/main.o
LOAD ./src/nvic_custom.o
START GROUP
LOAD /usr/local/NXP/S32DS.3.6.3/S32DS/build_tools/gcc_v10.2/gcc-10.2-arm32-eabi/bin/../lib/gcc/arm-none-eabi/10.2.0/thumb/v7e-m/nofp/libgcc.a
LOAD /usr/local/NXP/S32DS.3.6.3/S32DS/build_tools/gcc_v10.2/gcc-10.2-arm32-eabi/bin/../lib/gcc/arm-none-eabi/10.2.0/../../../../arm-none-eabi/lib/thumb/v7e-m/nofp/libc.a
END GROUP
START GROUP
LOAD /usr/local/NXP/S32DS.3.6.3/S32DS/build_tools/gcc_v10.2/gcc-10.2-arm32-eabi/bin/../lib/gcc/arm-none-eabi/10.2.0/thumb/v7e-m/nofp/libgcc.a
LOAD /usr/local/NXP/S32DS.3.6.3/S32DS/build_tools/gcc_v10.2/gcc-10.2-arm32-eabi/bin/../lib/gcc/arm-none-eabi/10.2.0/../../../../arm-none-eabi/lib/thumb/v7e-m/nofp/libc.a
LOAD /usr/local/NXP/S32DS.3.6.3/S32DS/build_tools/gcc_v10.2/gcc-10.2-arm32-eabi/bin/../lib/gcc/arm-none-eabi/10.2.0/../../../../arm-none-eabi/lib/thumb/v7e-m/nofp/librdimon.a
END GROUP
LOAD /usr/local/NXP/S32DS.3.6.3/S32DS/build_tools/gcc_v10.2/gcc-10.2-arm32-eabi/bin/../lib/gcc/arm-none-eabi/10.2.0/thumb/v7e-m/nofp/crtend.o
LOAD /usr/local/NXP/S32DS.3.6.3/S32DS/build_tools/gcc_v10.2/gcc-10.2-arm32-eabi/bin/../lib/gcc/arm-none-eabi/10.2.0/thumb/v7e-m/nofp/crtn.o
                0x0000000000000400                HEAP_SIZE = DEFINED (__heap_size__)?__heap_size__:0x400
                0x0000000000000400                STACK_SIZE = DEFINED (__stack_size__)?__stack_size__:0x400
                0x0000000000000400                M_VECTOR_RAM_SIZE = DEFINED (__flash_vector_table__)?0x0:0x400

.interrupts     0x0000000000000000      0x400
                0x0000000000000000                __VECTOR_TABLE = .
                0x0000000000000000                __interrupts_start__ = .
                0x0000000000000000                . = ALIGN (0x4)
 *(.isr_vector)
 .isr_vector    0x0000000000000000      0x400 ./Project_Settings/Startup_Code/startup_S32K144.o
                0x0000000000000000                __isr_vector
                0x0000000000000400                __interrupts_end__ = .
                0x0000000000000400                . = ALIGN (0x4)

.flash_config   0x0000000000000400       0x10
                0x0000000000000400                . = ALIGN (0x4)
 *(.FlashConfig)
 .FlashConfig   0x0000000000000400       0x10 ./Project_Settings/Startup_Code/startup_S32K144.o
                0x0000000000000410                . = ALIGN (0x4)

.text           0x0000000000000410     0x1400
                0x0000000000000410                . = ALIGN (0x4)
 *(.text)
 .text          0x0000000000000410       0x88 /usr/local/NXP/S32DS.3.6.3/S32DS/build_tools/gcc_v10.2/gcc-10.2-arm32-eabi/bin/../lib/gcc/arm-none-eabi/10.2.0/thumb/v7e-m/nofp/crtbegin.o
 .text          0x0000000000000498       0xf8 /usr/local/NXP/S32DS.3.6.3/S32DS/build_tools/gcc_v10.2/gcc-10.2-arm32-eabi/bin/../lib/gcc/arm-none-eabi/10.2.0/../../../../arm-none-eabi/lib/thumb/v7e-m/nofp/rdimon-crt0.o
                0x0000000000000498                _stack_init
                0x00000000000004a4                _mainCRTStartup
                0x00000000000004a4                _start
 .text          0x0000000000000590       0x6c ./Project_Settings/Startup_Code/startup_S32K144.o
                0x0000000000000590                Reset_Handler
                0x00000000000005f8                Reserved54_IRQHandler
                0x00000000000005f8                DebugMon_Handler
                0x00000000000005f8                Reserved88_IRQHandler
                0x00000000000005f8                CAN0_ORed_IRQHandler
                0x00000000000005f8                HardFault_Handler
                0x00000000000005f8                Reserved86_IRQHandler
                0x00000000000005f8                Reserved103_IRQHandler
                0x00000000000005f8                SysTick_Handler
                0x00000000000005f8                FTM2_Ovf_Reload_IRQHandler
                0x00000000000005f8                Reserved50_IRQHandler
                0x00000000000005f8                FTFC_Fault_IRQHandler
                0x00000000000005f8                FTM0_Ch6_Ch7_IRQHandler
                0x00000000000005f8                Reserved114_IRQHandler
                0x00000000000005f8                PendSV_Handler
                0x00000000000005f8                NMI_Handler
                0x00000000000005f8                Reserved89_IRQHandler
                0x00000000000005f8                ERM_double_fault_IRQHandler
                0x00000000000005f8                DMA2_IRQHandler
                0x00000000000005f8                Reserved59_IRQHandler
                0x00000000000005f8                LPIT0_Ch0_IRQHandler
                0x00000000000005f8                Reserved99_IRQHandler
                0x00000000000005f8                FTM3_Ch6_Ch7_IRQHandler
                0x00000000000005f8                CAN2_ORed_0_15_MB_IRQHandler
                0x00000000000005f8                LPIT0_Ch3_IRQHandler
                0x00000000000005f8                Reserved92_IRQHandler
                0x00000000000005f8                FTM0_Ch4_Ch5_IRQHandler
                0x00000000000005f8                CAN1_Error_IRQHandler
                0x00000000000005f8                FTM3_Ch0_Ch1_IRQHandler
                0x00000000000005f8                SWI_IRQHandler
                0x00000000000005f8                ADC0_IRQHandler
                0x00000000000005f8                FTM2_Ch4_Ch5_IRQHandler
                0x00000000000005f8                UsageFault_Handler
                0x00000000000005f8                FTM0_Ovf_Reload_IRQHandler
                0x00000000000005f8                DefaultISR
                0x00000000000005f8                DMA9_IRQHandler
                0x00000000000005f8                Reserved58_IRQHandler
                0x00000000000005f8                CAN1_ORed_0_15_MB_IRQHandler
                0x00000000000005f8                FTM1_Ch2_Ch3_IRQHandler
                0x00000000000005f8                DMA14_IRQHandler
                0x00000000000005f8                Reserved82_IRQHandler
                0x00000000000005f8                CAN0_ORed_16_31_MB_IRQHandler
                0x00000000000005f8                LPI2C0_Slave_IRQHandler
                0x00000000000005f8                Reserved71_IRQHandler
                0x00000000000005f8                Reserved69_IRQHandler
                0x00000000000005f8                Reserved70_IRQHandler
                0x00000000000005f8                ADC1_IRQHandler
                0x00000000000005f8                FTM2_Ch2_Ch3_IRQHandler
                0x00000000000005f8                Reserved53_IRQHandler
                0x00000000000005f8                DMA5_IRQHandler
                0x00000000000005f8                RTC_IRQHandler
                0x00000000000005f8                PDB0_IRQHandler
                0x00000000000005f8                FTM2_Ch6_Ch7_IRQHandler
                0x00000000000005f8                FTM3_Ch2_Ch3_IRQHandler
                0x00000000000005f8                FTM2_Ch0_Ch1_IRQHandler
                0x00000000000005f8                LPSPI1_IRQHandler
                0x00000000000005f8                LPUART1_RxTx_IRQHandler
                0x00000000000005f8                RTC_Seconds_IRQHandler
                0x00000000000005f8                CAN2_ORed_IRQHandler
                0x00000000000005f8                Reserved72_IRQHandler
                0x00000000000005f8                Reserved110_IRQHandler
                0x00000000000005f8                DMA11_IRQHandler
                0x00000000000005f8                Reserved107_IRQHandler
                0x00000000000005f8                Read_Collision_IRQHandler
                0x00000000000005f8                CAN2_Error_IRQHandler
                0x00000000000005f8                FTFC_IRQHandler
                0x00000000000005f8                DMA7_IRQHandler
                0x00000000000005f8                FTM1_Ch6_Ch7_IRQHandler
                0x00000000000005f8                Reserved105_IRQHandler
                0x00000000000005f8                LPIT0_Ch1_IRQHandler
                0x00000000000005f8                FTM1_Ch4_Ch5_IRQHandler
                0x00000000000005f8                FTM3_Ovf_Reload_IRQHandler
                0x00000000000005f8                LPUART2_RxTx_IRQHandler
                0x00000000000005f8                LPSPI0_IRQHandler
                0x00000000000005f8                WDOG_EWM_IRQHandler
                0x00000000000005f8                MemManage_Handler
                0x00000000000005f8                Reserved90_IRQHandler
                0x00000000000005f8                Reserved83_IRQHandler
                0x00000000000005f8                FTM0_Fault_IRQHandler
                0x00000000000005f8                Reserved48_IRQHandler
                0x00000000000005f8                SVC_Handler
                0x00000000000005f8                ERM_single_fault_IRQHandler
                0x00000000000005f8                FTM2_Fault_IRQHandler
                0x00000000000005f8                FTM0_Ch2_Ch3_IRQHandler
                0x00000000000005f8                DMA13_IRQHandler
                0x00000000000005f8                FTM0_Ch0_Ch1_IRQHandler
                0x00000000000005f8                FTM3_Fault_IRQHandler
                0x00000000000005f8                RCM_IRQHandler
                0x00000000000005f8                DMA3_IRQHandler
                0x00000000000005f8                Reserved100_IRQHandler
                0x00000000000005f8                DMA0_IRQHandler
                0x00000000000005f8                Reserved91_IRQHandler
                0x00000000000005f8                CAN1_ORed_IRQHandler
                0x00000000000005f8                DMA15_IRQHandler
                0x00000000000005f8                SCG_IRQHandler
                0x00000000000005f8                PDB1_IRQHandler
                0x00000000000005f8                Reserved81_IRQHandler
                0x00000000000005f8                Reserved46_IRQHandler
                0x00000000000005f8                Reserved45_IRQHandler
                0x00000000000005f8                CAN0_Error_IRQHandler
                0x00000000000005f8                Reserved112_IRQHandler
                0x00000000000005f8                LPI2C0_Master_IRQHandler
                0x00000000000005f8                DMA4_IRQHandler
                0x00000000000005f8                FTM1_Fault_IRQHandler
                0x00000000000005f8                Reserved106_IRQHandler
                0x00000000000005f8                DMA_Error_IRQHandler
                0x00000000000005f8                LVD_LVW_IRQHandler
                0x00000000000005f8                LPIT0_Ch2_IRQHandler
                0x00000000000005f8                MCM_IRQHandler
                0x00000000000005f8                LPSPI2_IRQHandler
                0x00000000000005f8                DMA12_IRQHandler
                0x00000000000005f8                FTM3_Ch4_Ch5_IRQHandler
                0x00000000000005f8                CAN0_ORed_0_15_MB_IRQHandler
                0x00000000000005f8                LPUART0_RxTx_IRQHandler
                0x00000000000005f8                LPTMR0_IRQHandler
                0x00000000000005f8                BusFault_Handler
                0x00000000000005f8                Reserved87_IRQHandler
                0x00000000000005f8                FTM1_Ovf_Reload_IRQHandler
                0x00000000000005f8                DMA8_IRQHandler
                0x00000000000005f8                Reserved93_IRQHandler
                0x00000000000005f8                DMA10_IRQHandler
                0x00000000000005f8                CAN0_Wake_Up_IRQHandler
                0x00000000000005f8                CMP0_IRQHandler
                0x00000000000005f8                Reserved52_IRQHandler
                0x00000000000005f8                DMA6_IRQHandler
                0x00000000000005f8                FTM1_Ch0_Ch1_IRQHandler
                0x00000000000005f8                FLEXIO_IRQHandler
                0x00000000000005f8                DMA1_IRQHandler
                0x00000000000005f8                Reserved113_IRQHandler
 .text          0x00000000000005fc       0x10 /usr/local/NXP/S32DS.3.6.3/S32DS/build_tools/gcc_v10.2/gcc-10.2-arm32-eabi/bin/../lib/gcc/arm-none-eabi/10.2.0/../../../../arm-none-eabi/lib/thumb/v7e-m/nofp/libc.a(lib_a-strlen.o)
                0x00000000000005fc                strlen
 *(.text*)
 .text.init_data_bss
                0x000000000000060c      0x128 ./Project_Settings/Startup_Code/startup.o
                0x000000000000060c                init_data_bss
 .text.SystemInit
                0x0000000000000734       0x30 ./Project_Settings/Startup_Code/system_S32K144.o
                0x0000000000000734                SystemInit
 .text.PORTA_IRQHandler
                0x0000000000000764       0x5c ./src/driver_port.o
                0x0000000000000764                PORTA_IRQHandler
 .text.PORTB_IRQHandler
                0x00000000000007c0       0x5c ./src/driver_port.o
                0x00000000000007c0                PORTB_IRQHandler
 .text.PORTC_IRQHandler
                0x000000000000081c       0x5c ./src/driver_port.o
                0x000000000000081c                PORTC_IRQHandler
 .text.PORTD_IRQHandler
                0x0000000000000878       0x5c ./src/driver_port.o
                0x0000000000000878                PORTD_IRQHandler
 .text.PORTE_IRQHandler
                0x00000000000008d4       0x5c ./src/driver_port.o
                0x00000000000008d4                PORTE_IRQHandler
 .text.LPUART1_port_init
                0x0000000000000930       0x34 ./src/main.o
                0x0000000000000930                LPUART1_port_init
 .text.LPUART1_init
                0x0000000000000964       0x48 ./src/main.o
                0x0000000000000964                LPUART1_init
 .text.LPUART1_transmit_char
                0x00000000000009ac       0x2c ./src/main.o
                0x00000000000009ac                LPUART1_transmit_char
 .text.LPUART1_transmit_string
                0x00000000000009d8       0x42 ./src/main.o
                0x00000000000009d8                LPUART1_transmit_string
 *fill*         0x0000000000000a1a        0x2 
 .text.LPUART1_receive_char
                0x0000000000000a1c       0x2c ./src/main.o
                0x0000000000000a1c                LPUART1_receive_char
 .text.LPUART1_receive_and_echo_char
                0x0000000000000a48       0x24 ./src/main.o
                0x0000000000000a48                LPUART1_receive_and_echo_char
 .text.main     0x0000000000000a6c       0x2c ./src/main.o
                0x0000000000000a6c                main
 .text.exit     0x0000000000000a98       0x20 /usr/local/NXP/S32DS.3.6.3/S32DS/build_tools/gcc_v10.2/gcc-10.2-arm32-eabi/bin/../lib/gcc/arm-none-eabi/10.2.0/../../../../arm-none-eabi/lib/thumb/v7e-m/nofp/libc.a(lib_a-exit.o)
                0x0000000000000a98                exit
 .text.__libc_init_array
                0x0000000000000ab8       0x48 /usr/local/NXP/S32DS.3.6.3/S32DS/build_tools/gcc_v10.2/gcc-10.2-arm32-eabi/bin/../lib/gcc/arm-none-eabi/10.2.0/../../../../arm-none-eabi/lib/thumb/v7e-m/nofp/libc.a(lib_a-init.o)
                0x0000000000000ab8                __libc_init_array
 .text.memset   0x0000000000000b00       0x10 /usr/local/NXP/S32DS.3.6.3/S32DS/build_tools/gcc_v10.2/gcc-10.2-arm32-eabi/bin/../lib/gcc/arm-none-eabi/10.2.0/../../../../arm-none-eabi/lib/thumb/v7e-m/nofp/libc.a(lib_a-memset.o)
                0x0000000000000b00                memset
 .text.startup.register_fini
                0x0000000000000b10       0x14 /usr/local/NXP/S32DS.3.6.3/S32DS/build_tools/gcc_v10.2/gcc-10.2-arm32-eabi/bin/../lib/gcc/arm-none-eabi/10.2.0/../../../../arm-none-eabi/lib/thumb/v7e-m/nofp/libc.a(lib_a-__call_atexit.o)
 .text.__call_exitprocs
                0x0000000000000b24       0xa4 /usr/local/NXP/S32DS.3.6.3/S32DS/build_tools/gcc_v10.2/gcc-10.2-arm32-eabi/bin/../lib/gcc/arm-none-eabi/10.2.0/../../../../arm-none-eabi/lib/thumb/v7e-m/nofp/libc.a(lib_a-__call_atexit.o)
                0x0000000000000b24                __call_exitprocs
 .text.__sflush_r
                0x0000000000000bc8      0x114 /usr/local/NXP/S32DS.3.6.3/S32DS/build_tools/gcc_v10.2/gcc-10.2-arm32-eabi/bin/../lib/gcc/arm-none-eabi/10.2.0/../../../../arm-none-eabi/lib/thumb/v7e-m/nofp/libc.a(lib_a-fflush.o)
                0x0000000000000bc8                __sflush_r
 .text.std      0x0000000000000cdc       0x48 /usr/local/NXP/S32DS.3.6.3/S32DS/build_tools/gcc_v10.2/gcc-10.2-arm32-eabi/bin/../lib/gcc/arm-none-eabi/10.2.0/../../../../arm-none-eabi/lib/thumb/v7e-m/nofp/libc.a(lib_a-findfp.o)
 .text._cleanup_r
                0x0000000000000d24        0xc /usr/local/NXP/S32DS.3.6.3/S32DS/build_tools/gcc_v10.2/gcc-10.2-arm32-eabi/bin/../lib/gcc/arm-none-eabi/10.2.0/../../../../arm-none-eabi/lib/thumb/v7e-m/nofp/libc.a(lib_a-findfp.o)
                0x0000000000000d24                _cleanup_r
 .text.__sinit  0x0000000000000d30       0x44 /usr/local/NXP/S32DS.3.6.3/S32DS/build_tools/gcc_v10.2/gcc-10.2-arm32-eabi/bin/../lib/gcc/arm-none-eabi/10.2.0/../../../../arm-none-eabi/lib/thumb/v7e-m/nofp/libc.a(lib_a-findfp.o)
                0x0000000000000d30                __sinit
 .text.__libc_fini_array
                0x0000000000000d74       0x28 /usr/local/NXP/S32DS.3.6.3/S32DS/build_tools/gcc_v10.2/gcc-10.2-arm32-eabi/bin/../lib/gcc/arm-none-eabi/10.2.0/../../../../arm-none-eabi/lib/thumb/v7e-m/nofp/libc.a(lib_a-fini.o)
                0x0000000000000d74                __libc_fini_array
 .text._malloc_trim_r
                0x0000000000000d9c       0xa0 /usr/local/NXP/S32DS.3.6.3/S32DS/build_tools/gcc_v10.2/gcc-10.2-arm32-eabi/bin/../lib/gcc/arm-none-eabi/10.2.0/../../../../arm-none-eabi/lib/thumb/v7e-m/nofp/libc.a(lib_a-freer.o)
                0x0000000000000d9c                _malloc_trim_r
 .text._free_r  0x0000000000000e3c      0x180 /usr/local/NXP/S32DS.3.6.3/S32DS/build_tools/gcc_v10.2/gcc-10.2-arm32-eabi/bin/../lib/gcc/arm-none-eabi/10.2.0/../../../../arm-none-eabi/lib/thumb/v7e-m/nofp/libc.a(lib_a-freer.o)
                0x0000000000000e3c                _free_r
 .text._fwalk_reent
                0x0000000000000fbc       0x3e /usr/local/NXP/S32DS.3.6.3/S32DS/build_tools/gcc_v10.2/gcc-10.2-arm32-eabi/bin/../lib/gcc/arm-none-eabi/10.2.0/../../../../arm-none-eabi/lib/thumb/v7e-m/nofp/libc.a(lib_a-fwalk.o)
                0x0000000000000fbc                _fwalk_reent
 .text.__malloc_lock
                0x0000000000000ffa        0x2 /usr/local/NXP/S32DS.3.6.3/S32DS/build_tools/gcc_v10.2/gcc-10.2-arm32-eabi/bin/../lib/gcc/arm-none-eabi/10.2.0/../../../../arm-none-eabi/lib/thumb/v7e-m/nofp/libc.a(lib_a-mlock.o)
                0x0000000000000ffa                __malloc_lock
 .text.__malloc_unlock
                0x0000000000000ffc        0x2 /usr/local/NXP/S32DS.3.6.3/S32DS/build_tools/gcc_v10.2/gcc-10.2-arm32-eabi/bin/../lib/gcc/arm-none-eabi/10.2.0/../../../../arm-none-eabi/lib/thumb/v7e-m/nofp/libc.a(lib_a-mlock.o)
                0x0000000000000ffc                __malloc_unlock
 *fill*         0x0000000000000ffe        0x2 
 .text._sbrk_r  0x0000000000001000       0x20 /usr/local/NXP/S32DS.3.6.3/S32DS/build_tools/gcc_v10.2/gcc-10.2-arm32-eabi/bin/../lib/gcc/arm-none-eabi/10.2.0/../../../../arm-none-eabi/lib/thumb/v7e-m/nofp/libc.a(lib_a-sbrkr.o)
                0x0000000000001000                _sbrk_r
 .text.__sread  0x0000000000001020       0x22 /usr/local/NXP/S32DS.3.6.3/S32DS/build_tools/gcc_v10.2/gcc-10.2-arm32-eabi/bin/../lib/gcc/arm-none-eabi/10.2.0/../../../../arm-none-eabi/lib/thumb/v7e-m/nofp/libc.a(lib_a-stdio.o)
                0x0000000000001020                __sread
 .text.__swrite
                0x0000000000001042       0x38 /usr/local/NXP/S32DS.3.6.3/S32DS/build_tools/gcc_v10.2/gcc-10.2-arm32-eabi/bin/../lib/gcc/arm-none-eabi/10.2.0/../../../../arm-none-eabi/lib/thumb/v7e-m/nofp/libc.a(lib_a-stdio.o)
                0x0000000000001042                __swrite
 .text.__sseek  0x000000000000107a       0x24 /usr/local/NXP/S32DS.3.6.3/S32DS/build_tools/gcc_v10.2/gcc-10.2-arm32-eabi/bin/../lib/gcc/arm-none-eabi/10.2.0/../../../../arm-none-eabi/lib/thumb/v7e-m/nofp/libc.a(lib_a-stdio.o)
                0x000000000000107a                __sseek
 .text.__sclose
                0x000000000000109e        0x8 /usr/local/NXP/S32DS.3.6.3/S32DS/build_tools/gcc_v10.2/gcc-10.2-arm32-eabi/bin/../lib/gcc/arm-none-eabi/10.2.0/../../../../arm-none-eabi/lib/thumb/v7e-m/nofp/libc.a(lib_a-stdio.o)
                0x000000000000109e                __sclose
 *fill*         0x00000000000010a6        0x2 
 .text._write_r
                0x00000000000010a8       0x24 /usr/local/NXP/S32DS.3.6.3/S32DS/build_tools/gcc_v10.2/gcc-10.2-arm32-eabi/bin/../lib/gcc/arm-none-eabi/10.2.0/../../../../arm-none-eabi/lib/thumb/v7e-m/nofp/libc.a(lib_a-writer.o)
                0x00000000000010a8                _write_r
 .text.atexit   0x00000000000010cc        0xc /usr/local/NXP/S32DS.3.6.3/S32DS/build_tools/gcc_v10.2/gcc-10.2-arm32-eabi/bin/../lib/gcc/arm-none-eabi/10.2.0/../../../../arm-none-eabi/lib/thumb/v7e-m/nofp/libc.a(lib_a-atexit.o)
                0x00000000000010cc                atexit
 .text._close_r
                0x00000000000010d8       0x20 /usr/local/NXP/S32DS.3.6.3/S32DS/build_tools/gcc_v10.2/gcc-10.2-arm32-eabi/bin/../lib/gcc/arm-none-eabi/10.2.0/../../../../arm-none-eabi/lib/thumb/v7e-m/nofp/libc.a(lib_a-closer.o)
                0x00000000000010d8                _close_r
 .text._fclose_r
                0x00000000000010f8       0x74 /usr/local/NXP/S32DS.3.6.3/S32DS/build_tools/gcc_v10.2/gcc-10.2-arm32-eabi/bin/../lib/gcc/arm-none-eabi/10.2.0/../../../../arm-none-eabi/lib/thumb/v7e-m/nofp/libc.a(lib_a-fclose.o)
                0x00000000000010f8                _fclose_r
 .text._lseek_r
                0x000000000000116c       0x24 /usr/local/NXP/S32DS.3.6.3/S32DS/build_tools/gcc_v10.2/gcc-10.2-arm32-eabi/bin/../lib/gcc/arm-none-eabi/10.2.0/../../../../arm-none-eabi/lib/thumb/v7e-m/nofp/libc.a(lib_a-lseekr.o)
                0x000000000000116c                _lseek_r
 .text._read_r  0x0000000000001190       0x24 /usr/local/NXP/S32DS.3.6.3/S32DS/build_tools/gcc_v10.2/gcc-10.2-arm32-eabi/bin/../lib/gcc/arm-none-eabi/10.2.0/../../../../arm-none-eabi/lib/thumb/v7e-m/nofp/libc.a(lib_a-readr.o)
                0x0000000000001190                _read_r
 .text.__register_exitproc
                0x00000000000011b4       0x64 /usr/local/NXP/S32DS.3.6.3/S32DS/build_tools/gcc_v10.2/gcc-10.2-arm32-eabi/bin/../lib/gcc/arm-none-eabi/10.2.0/../../../../arm-none-eabi/lib/thumb/v7e-m/nofp/libc.a(lib_a-__atexit.o)
                0x00000000000011b4                __register_exitproc
 .text.findslot
                0x0000000000001218       0x34 /usr/local/NXP/S32DS.3.6.3/S32DS/build_tools/gcc_v10.2/gcc-10.2-arm32-eabi/bin/../lib/gcc/arm-none-eabi/10.2.0/../../../../arm-none-eabi/lib/thumb/v7e-m/nofp/librdimon.a(rdimon-syscalls.o)
 .text.error    0x000000000000124c       0x1c /usr/local/NXP/S32DS.3.6.3/S32DS/build_tools/gcc_v10.2/gcc-10.2-arm32-eabi/bin/../lib/gcc/arm-none-eabi/10.2.0/../../../../arm-none-eabi/lib/thumb/v7e-m/nofp/librdimon.a(rdimon-syscalls.o)
 .text.checkerror
                0x0000000000001268        0xa /usr/local/NXP/S32DS.3.6.3/S32DS/build_tools/gcc_v10.2/gcc-10.2-arm32-eabi/bin/../lib/gcc/arm-none-eabi/10.2.0/../../../../arm-none-eabi/lib/thumb/v7e-m/nofp/librdimon.a(rdimon-syscalls.o)
 .text._swiread
                0x0000000000001272       0x20 /usr/local/NXP/S32DS.3.6.3/S32DS/build_tools/gcc_v10.2/gcc-10.2-arm32-eabi/bin/../lib/gcc/arm-none-eabi/10.2.0/../../../../arm-none-eabi/lib/thumb/v7e-m/nofp/librdimon.a(rdimon-syscalls.o)
                0x0000000000001272                _swiread
 .text._read    0x0000000000001292       0x34 /usr/local/NXP/S32DS.3.6.3/S32DS/build_tools/gcc_v10.2/gcc-10.2-arm32-eabi/bin/../lib/gcc/arm-none-eabi/10.2.0/../../../../arm-none-eabi/lib/thumb/v7e-m/nofp/librdimon.a(rdimon-syscalls.o)
                0x0000000000001292                _read
 .text._swilseek
                0x00000000000012c6       0x78 /usr/local/NXP/S32DS.3.6.3/S32DS/build_tools/gcc_v10.2/gcc-10.2-arm32-eabi/bin/../lib/gcc/arm-none-eabi/10.2.0/../../../../arm-none-eabi/lib/thumb/v7e-m/nofp/librdimon.a(rdimon-syscalls.o)
                0x00000000000012c6                _swilseek
 .text._lseek   0x000000000000133e        0x4 /usr/local/NXP/S32DS.3.6.3/S32DS/build_tools/gcc_v10.2/gcc-10.2-arm32-eabi/bin/../lib/gcc/arm-none-eabi/10.2.0/../../../../arm-none-eabi/lib/thumb/v7e-m/nofp/librdimon.a(rdimon-syscalls.o)
                0x000000000000133e                _lseek
 .text._swiwrite
                0x0000000000001342       0x20 /usr/local/NXP/S32DS.3.6.3/S32DS/build_tools/gcc_v10.2/gcc-10.2-arm32-eabi/bin/../lib/gcc/arm-none-eabi/10.2.0/../../../../arm-none-eabi/lib/thumb/v7e-m/nofp/librdimon.a(rdimon-syscalls.o)
                0x0000000000001342                _swiwrite
 .text._write   0x0000000000001362       0x40 /usr/local/NXP/S32DS.3.6.3/S32DS/build_tools/gcc_v10.2/gcc-10.2-arm32-eabi/bin/../lib/gcc/arm-none-eabi/10.2.0/../../../../arm-none-eabi/lib/thumb/v7e-m/nofp/librdimon.a(rdimon-syscalls.o)
                0x0000000000001362                _write
 .text._swiclose
                0x00000000000013a2       0x1a /usr/local/NXP/S32DS.3.6.3/S32DS/build_tools/gcc_v10.2/gcc-10.2-arm32-eabi/bin/../lib/gcc/arm-none-eabi/10.2.0/../../../../arm-none-eabi/lib/thumb/v7e-m/nofp/librdimon.a(rdimon-syscalls.o)
                0x00000000000013a2                _swiclose
 .text._close   0x00000000000013bc       0x4c /usr/local/NXP/S32DS.3.6.3/S32DS/build_tools/gcc_v10.2/gcc-10.2-arm32-eabi/bin/../lib/gcc/arm-none-eabi/10.2.0/../../../../arm-none-eabi/lib/thumb/v7e-m/nofp/librdimon.a(rdimon-syscalls.o)
                0x00000000000013bc                _close
 .text._sbrk    0x0000000000001408       0x48 /usr/local/NXP/S32DS.3.6.3/S32DS/build_tools/gcc_v10.2/gcc-10.2-arm32-eabi/bin/../lib/gcc/arm-none-eabi/10.2.0/../../../../arm-none-eabi/lib/thumb/v7e-m/nofp/librdimon.a(rdimon-syscalls.o)
                0x0000000000001408                _sbrk
 .text._swistat
                0x0000000000001450       0x42 /usr/local/NXP/S32DS.3.6.3/S32DS/build_tools/gcc_v10.2/gcc-10.2-arm32-eabi/bin/../lib/gcc/arm-none-eabi/10.2.0/../../../../arm-none-eabi/lib/thumb/v7e-m/nofp/librdimon.a(rdimon-syscalls.o)
                0x0000000000001450                _swistat
 .text._stat    0x0000000000001492       0x3a /usr/local/NXP/S32DS.3.6.3/S32DS/build_tools/gcc_v10.2/gcc-10.2-arm32-eabi/bin/../lib/gcc/arm-none-eabi/10.2.0/../../../../arm-none-eabi/lib/thumb/v7e-m/nofp/librdimon.a(rdimon-syscalls.o)
                0x0000000000001492                _stat
 .text._swiopen
                0x00000000000014cc       0xb4 /usr/local/NXP/S32DS.3.6.3/S32DS/build_tools/gcc_v10.2/gcc-10.2-arm32-eabi/bin/../lib/gcc/arm-none-eabi/10.2.0/../../../../arm-none-eabi/lib/thumb/v7e-m/nofp/librdimon.a(rdimon-syscalls.o)
                0x00000000000014cc                _swiopen
 .text._get_semihosting_exts
                0x0000000000001580       0xb8 /usr/local/NXP/S32DS.3.6.3/S32DS/build_tools/gcc_v10.2/gcc-10.2-arm32-eabi/bin/../lib/gcc/arm-none-eabi/10.2.0/../../../../arm-none-eabi/lib/thumb/v7e-m/nofp/librdimon.a(rdimon-syscalls.o)
                0x0000000000001580                _get_semihosting_exts
 .text.initialise_semihosting_exts
                0x0000000000001638       0x34 /usr/local/NXP/S32DS.3.6.3/S32DS/build_tools/gcc_v10.2/gcc-10.2-arm32-eabi/bin/../lib/gcc/arm-none-eabi/10.2.0/../../../../arm-none-eabi/lib/thumb/v7e-m/nofp/librdimon.a(rdimon-syscalls.o)
 .text._has_ext_exit_extended
                0x000000000000166c       0x18 /usr/local/NXP/S32DS.3.6.3/S32DS/build_tools/gcc_v10.2/gcc-10.2-arm32-eabi/bin/../lib/gcc/arm-none-eabi/10.2.0/../../../../arm-none-eabi/lib/thumb/v7e-m/nofp/librdimon.a(rdimon-syscalls.o)
                0x000000000000166c                _has_ext_exit_extended
 .text._has_ext_stdout_stderr
                0x0000000000001684       0x18 /usr/local/NXP/S32DS.3.6.3/S32DS/build_tools/gcc_v10.2/gcc-10.2-arm32-eabi/bin/../lib/gcc/arm-none-eabi/10.2.0/../../../../arm-none-eabi/lib/thumb/v7e-m/nofp/librdimon.a(rdimon-syscalls.o)
                0x0000000000001684                _has_ext_stdout_stderr
 .text.initialise_monitor_handles
                0x000000000000169c       0xc0 /usr/local/NXP/S32DS.3.6.3/S32DS/build_tools/gcc_v10.2/gcc-10.2-arm32-eabi/bin/../lib/gcc/arm-none-eabi/10.2.0/../../../../arm-none-eabi/lib/thumb/v7e-m/nofp/librdimon.a(rdimon-syscalls.o)
                0x000000000000169c                initialise_monitor_handles
 .text._exit    0x000000000000175c       0x14 /usr/local/NXP/S32DS.3.6.3/S32DS/build_tools/gcc_v10.2/gcc-10.2-arm32-eabi/bin/../lib/gcc/arm-none-eabi/10.2.0/../../../../arm-none-eabi/lib/thumb/v7e-m/nofp/librdimon.a(rdimon-_exit.o)
                0x000000000000175c                _exit
 .text._kill_shared
                0x0000000000001770       0x26 /usr/local/NXP/S32DS.3.6.3/S32DS/build_tools/gcc_v10.2/gcc-10.2-arm32-eabi/bin/../lib/gcc/arm-none-eabi/10.2.0/../../../../arm-none-eabi/lib/thumb/v7e-m/nofp/librdimon.a(rdimon-_kill.o)
                0x0000000000001770                _kill_shared
 *fill*         0x0000000000001796        0x2 
 .text.__errno  0x0000000000001798        0xc /usr/local/NXP/S32DS.3.6.3/S32DS/build_tools/gcc_v10.2/gcc-10.2-arm32-eabi/bin/../lib/gcc/arm-none-eabi/10.2.0/../../../../arm-none-eabi/lib/thumb/v7e-m/nofp/libc.a(lib_a-errno.o)
                0x0000000000001798                __errno
 *(.rodata)
 .rodata        0x00000000000017a4       0x31 ./src/main.o
 *(.rodata*)
 *fill*         0x00000000000017d5        0x3 
 .rodata._global_impure_ptr
                0x00000000000017d8        0x4 /usr/local/NXP/S32DS.3.6.3/S32DS/build_tools/gcc_v10.2/gcc-10.2-arm32-eabi/bin/../lib/gcc/arm-none-eabi/10.2.0/../../../../arm-none-eabi/lib/thumb/v7e-m/nofp/libc.a(lib_a-impure.o)
                0x00000000000017d8                _global_impure_ptr
 .rodata._get_semihosting_exts.str1.1
                0x00000000000017dc       0x16 /usr/local/NXP/S32DS.3.6.3/S32DS/build_tools/gcc_v10.2/gcc-10.2-arm32-eabi/bin/../lib/gcc/arm-none-eabi/10.2.0/../../../../arm-none-eabi/lib/thumb/v7e-m/nofp/librdimon.a(rdimon-syscalls.o)
 .rodata.initialise_monitor_handles.str1.1
                0x00000000000017f2        0x4 /usr/local/NXP/S32DS.3.6.3/S32DS/build_tools/gcc_v10.2/gcc-10.2-arm32-eabi/bin/../lib/gcc/arm-none-eabi/10.2.0/../../../../arm-none-eabi/lib/thumb/v7e-m/nofp/librdimon.a(rdimon-syscalls.o)
 *(.glue_7)
 .glue_7        0x00000000000017f6        0x0 linker stubs
 *(.glue_7t)
 .glue_7t       0x00000000000017f6        0x0 linker stubs
 *(.eh_frame)
 *fill*         0x00000000000017f6        0x2 
 .eh_frame      0x00000000000017f8        0x0 /usr/local/NXP/S32DS.3.6.3/S32DS/build_tools/gcc_v10.2/gcc-10.2-arm32-eabi/bin/../lib/gcc/arm-none-eabi/10.2.0/thumb/v7e-m/nofp/crtbegin.o
 *(.init)
 .init          0x00000000000017f8        0x4 /usr/local/NXP/S32DS.3.6.3/S32DS/build_tools/gcc_v10.2/gcc-10.2-arm32-eabi/bin/../lib/gcc/arm-none-eabi/10.2.0/thumb/v7e-m/nofp/crti.o
                0x00000000000017f8                _init
 .init          0x00000000000017fc        0x8 /usr/local/NXP/S32DS.3.6.3/S32DS/build_tools/gcc_v10.2/gcc-10.2-arm32-eabi/bin/../lib/gcc/arm-none-eabi/10.2.0/thumb/v7e-m/nofp/crtn.o
 *(.fini)
 .fini          0x0000000000001804        0x4 /usr/local/NXP/S32DS.3.6.3/S32DS/build_tools/gcc_v10.2/gcc-10.2-arm32-eabi/bin/../lib/gcc/arm-none-eabi/10.2.0/thumb/v7e-m/nofp/crti.o
                0x0000000000001804                _fini
 .fini          0x0000000000001808        0x8 /usr/local/NXP/S32DS.3.6.3/S32DS/build_tools/gcc_v10.2/gcc-10.2-arm32-eabi/bin/../lib/gcc/arm-none-eabi/10.2.0/thumb/v7e-m/nofp/crtn.o
                0x0000000000001810                . = ALIGN (0x4)

.vfp11_veneer   0x0000000000001810        0x0
 .vfp11_veneer  0x0000000000001810        0x0 linker stubs

.v4_bx          0x0000000000001810        0x0
 .v4_bx         0x0000000000001810        0x0 linker stubs

.iplt           0x0000000000001810        0x0
 .iplt          0x0000000000001810        0x0 /usr/local/NXP/S32DS.3.6.3/S32DS/build_tools/gcc_v10.2/gcc-10.2-arm32-eabi/bin/../lib/gcc/arm-none-eabi/10.2.0/thumb/v7e-m/nofp/crtbegin.o

.ARM.extab
 *(.ARM.extab* .gnu.linkonce.armextab.*)

.ARM            0x0000000000001810        0x8
                0x0000000000001810                __exidx_start = .
 *(.ARM.exidx*)
 .ARM.exidx     0x0000000000001810        0x8 /usr/local/NXP/S32DS.3.6.3/S32DS/build_tools/gcc_v10.2/gcc-10.2-arm32-eabi/bin/../lib/gcc/arm-none-eabi/10.2.0/../../../../arm-none-eabi/lib/thumb/v7e-m/nofp/rdimon-crt0.o
                                         0x10 (size before relaxing)
                0x0000000000001818                __exidx_end = .

.rel.dyn        0x0000000000001818        0x0
 .rel.iplt      0x0000000000001818        0x0 /usr/local/NXP/S32DS.3.6.3/S32DS/build_tools/gcc_v10.2/gcc-10.2-arm32-eabi/bin/../lib/gcc/arm-none-eabi/10.2.0/thumb/v7e-m/nofp/crtbegin.o

.ctors          0x0000000000001818        0x0
                0x0000000000001818                __CTOR_LIST__ = .
 *crtbegin.o(.ctors)
 *crtbegin?.o(.ctors)
 *(EXCLUDE_FILE(*crtend.o *crtend?.o) .ctors)
 *(SORT_BY_NAME(.ctors.*))
 *(.ctors)
                0x0000000000001818                __CTOR_END__ = .

.dtors          0x0000000000001818        0x0
                0x0000000000001818                __DTOR_LIST__ = .
 *crtbegin.o(.dtors)
 *crtbegin?.o(.dtors)
 *(EXCLUDE_FILE(*crtend.o *crtend?.o) .dtors)
 *(SORT_BY_NAME(.dtors.*))
 *(.dtors)
                0x0000000000001818                __DTOR_END__ = .

.preinit_array  0x0000000000001818        0x0
                0x0000000000001818                PROVIDE (__preinit_array_start = .)
 *(.preinit_array*)
                0x0000000000001818                PROVIDE (__preinit_array_end = .)

.init_array     0x0000000000001818        0x8
                0x0000000000001818                PROVIDE (__init_array_start = .)
 *(SORT_BY_NAME(.init_array.*))
 .init_array.00000
                0x0000000000001818        0x4 /usr/local/NXP/S32DS.3.6.3/S32DS/build_tools/gcc_v10.2/gcc-10.2-arm32-eabi/bin/../lib/gcc/arm-none-eabi/10.2.0/../../../../arm-none-eabi/lib/thumb/v7e-m/nofp/libc.a(lib_a-__call_atexit.o)
 *(.init_array*)
 .init_array    0x000000000000181c        0x4 /usr/local/NXP/S32DS.3.6.3/S32DS/build_tools/gcc_v10.2/gcc-10.2-arm32-eabi/bin/../lib/gcc/arm-none-eabi/10.2.0/thumb/v7e-m/nofp/crtbegin.o
                0x0000000000001820                PROVIDE (__init_array_end = .)

.fini_array     0x0000000000001820        0x4
                0x0000000000001820                PROVIDE (__fini_array_start = .)
 *(SORT_BY_NAME(.fini_array.*))
 *(.fini_array*)
 .fini_array    0x0000000000001820        0x4 /usr/local/NXP/S32DS.3.6.3/S32DS/build_tools/gcc_v10.2/gcc-10.2-arm32-eabi/bin/../lib/gcc/arm-none-eabi/10.2.0/thumb/v7e-m/nofp/crtbegin.o
                0x0000000000001824                PROVIDE (__fini_array_end = .)
                0x0000000000001824                __etext = .
                0x0000000000001824                __DATA_ROM = .

.interrupts_ram
                0x000000001fff8000      0x400
                0x000000001fff8000                . = ALIGN (0x4)
                0x000000001fff8000                __VECTOR_RAM__ = .
                0x000000001fff8000                __RAM_START = .
                0x000000001fff8000                __interrupts_ram_start__ = .
 *(.m_interrupts_ram)
                0x000000001fff8400                . = (. + M_VECTOR_RAM_SIZE)
 *fill*         0x000000001fff8000      0x400 
                0x000000001fff8400                . = ALIGN (0x4)
                0x000000001fff8400                __interrupts_ram_end__ = .
                0x000000001fff8000                __VECTOR_RAM = DEFINED (__flash_vector_table__)?ORIGIN (m_interrupts):__VECTOR_RAM__
                0x0000000000000400                __RAM_VECTOR_TABLE_SIZE = DEFINED (__flash_vector_table__)?0x0:(__interrupts_ram_end__ - __interrupts_ram_start__)

.data           0x000000001fff8400      0x954 load address 0x0000000000001824
                0x000000001fff8400                . = ALIGN (0x4)
                0x000000001fff8400                __DATA_RAM = .
                0x000000001fff8400                __data_start__ = .
 *(.data)
 .data          0x000000001fff8400      0x118 /usr/local/NXP/S32DS.3.6.3/S32DS/build_tools/gcc_v10.2/gcc-10.2-arm32-eabi/bin/../lib/gcc/arm-none-eabi/10.2.0/../../../../arm-none-eabi/lib/thumb/v7e-m/nofp/rdimon-crt0.o
                0x000000001fff8408                __stack_base__
 *(.data*)
 .data._impure_ptr
                0x000000001fff8518        0x4 /usr/local/NXP/S32DS.3.6.3/S32DS/build_tools/gcc_v10.2/gcc-10.2-arm32-eabi/bin/../lib/gcc/arm-none-eabi/10.2.0/../../../../arm-none-eabi/lib/thumb/v7e-m/nofp/libc.a(lib_a-impure.o)
                0x000000001fff8518                _impure_ptr
 *fill*         0x000000001fff851c        0x4 
 .data.impure_data
                0x000000001fff8520      0x418 /usr/local/NXP/S32DS.3.6.3/S32DS/build_tools/gcc_v10.2/gcc-10.2-arm32-eabi/bin/../lib/gcc/arm-none-eabi/10.2.0/../../../../arm-none-eabi/lib/thumb/v7e-m/nofp/libc.a(lib_a-impure.o)
 .data.__malloc_av_
                0x000000001fff8938      0x408 /usr/local/NXP/S32DS.3.6.3/S32DS/build_tools/gcc_v10.2/gcc-10.2-arm32-eabi/bin/../lib/gcc/arm-none-eabi/10.2.0/../../../../arm-none-eabi/lib/thumb/v7e-m/nofp/libc.a(lib_a-mallocr.o)
                0x000000001fff8938                __malloc_av_
 .data.__malloc_sbrk_base
                0x000000001fff8d40        0x4 /usr/local/NXP/S32DS.3.6.3/S32DS/build_tools/gcc_v10.2/gcc-10.2-arm32-eabi/bin/../lib/gcc/arm-none-eabi/10.2.0/../../../../arm-none-eabi/lib/thumb/v7e-m/nofp/libc.a(lib_a-mallocr.o)
                0x000000001fff8d40                __malloc_sbrk_base
 .data.__malloc_trim_threshold
                0x000000001fff8d44        0x4 /usr/local/NXP/S32DS.3.6.3/S32DS/build_tools/gcc_v10.2/gcc-10.2-arm32-eabi/bin/../lib/gcc/arm-none-eabi/10.2.0/../../../../arm-none-eabi/lib/thumb/v7e-m/nofp/libc.a(lib_a-mallocr.o)
                0x000000001fff8d44                __malloc_trim_threshold
 .data.__heap_limit
                0x000000001fff8d48        0x4 /usr/local/NXP/S32DS.3.6.3/S32DS/build_tools/gcc_v10.2/gcc-10.2-arm32-eabi/bin/../lib/gcc/arm-none-eabi/10.2.0/../../../../arm-none-eabi/lib/thumb/v7e-m/nofp/librdimon.a(rdimon-syscalls.o)
 .data.supports_ext_exit_extended
                0x000000001fff8d4c        0x4 /usr/local/NXP/S32DS.3.6.3/S32DS/build_tools/gcc_v10.2/gcc-10.2-arm32-eabi/bin/../lib/gcc/arm-none-eabi/10.2.0/../../../../arm-none-eabi/lib/thumb/v7e-m/nofp/librdimon.a(rdimon-syscalls.o)
 .data.supports_ext_stdout_stderr
                0x000000001fff8d50        0x4 /usr/local/NXP/S32DS.3.6.3/S32DS/build_tools/gcc_v10.2/gcc-10.2-arm32-eabi/bin/../lib/gcc/arm-none-eabi/10.2.0/../../../../arm-none-eabi/lib/thumb/v7e-m/nofp/librdimon.a(rdimon-syscalls.o)
 *(.jcr*)
                0x000000001fff8d54                . = ALIGN (0x4)
                0x000000001fff8d54                __data_end__ = .
                0x0000000000002178                __DATA_END = (__DATA_ROM + (__data_end__ - __data_start__))
                0x0000000000002178                __CODE_ROM = __DATA_END

.tm_clone_table
                0x000000001fff8d54        0x0 load address 0x0000000000002178
 .tm_clone_table
                0x000000001fff8d54        0x0 /usr/local/NXP/S32DS.3.6.3/S32DS/build_tools/gcc_v10.2/gcc-10.2-arm32-eabi/bin/../lib/gcc/arm-none-eabi/10.2.0/thumb/v7e-m/nofp/crtbegin.o
 .tm_clone_table
                0x000000001fff8d54        0x0 /usr/local/NXP/S32DS.3.6.3/S32DS/build_tools/gcc_v10.2/gcc-10.2-arm32-eabi/bin/../lib/gcc/arm-none-eabi/10.2.0/thumb/v7e-m/nofp/crtend.o

.igot.plt       0x000000001fff8d54        0x0 load address 0x0000000000002178
 .igot.plt      0x000000001fff8d54        0x0 /usr/local/NXP/S32DS.3.6.3/S32DS/build_tools/gcc_v10.2/gcc-10.2-arm32-eabi/bin/../lib/gcc/arm-none-eabi/10.2.0/thumb/v7e-m/nofp/crtbegin.o

.code           0x000000001fff8d54        0x0 load address 0x0000000000002178
                0x000000001fff8d54                . = ALIGN (0x4)
                0x000000001fff8d54                __CODE_RAM = .
                0x000000001fff8d54                __code_start__ = .
                0x000000001fff8d54                __code_ram_start__ = .
 *(.code_ram)
                0x000000001fff8d54                . = ALIGN (0x4)
                0x000000001fff8d54                __code_end__ = .
                0x000000001fff8d54                __code_ram_end__ = .
                0x0000000000002178                __CODE_END = (__CODE_ROM + (__code_end__ - __code_start__))
                0x0000000000002178                __CUSTOM_ROM = __CODE_END

.customSectionBlock
                0x0000000020000000        0x0 load address 0x0000000000002178
                0x0000000020000000                __customSection_start__ = .
 *(.customSection)
                0x0000000020000000                __customSection_end__ = .
                0x0000000000002178                __CUSTOM_END = (__CUSTOM_ROM + (__customSection_end__ - __customSection_start__))

.bss            0x0000000020000000      0x110
                0x0000000020000000                . = ALIGN (0x4)
                0x0000000020000000                __BSS_START = .
                0x0000000020000000                __bss_start__ = .
 *(.bss)
 .bss           0x0000000020000000       0x1c /usr/local/NXP/S32DS.3.6.3/S32DS/build_tools/gcc_v10.2/gcc-10.2-arm32-eabi/bin/../lib/gcc/arm-none-eabi/10.2.0/thumb/v7e-m/nofp/crtbegin.o
 *(.bss*)
 .bss.callbacks
                0x000000002000001c       0x14 ./src/driver_port.o
 .bss.__malloc_current_mallinfo
                0x0000000020000030       0x28 /usr/local/NXP/S32DS.3.6.3/S32DS/build_tools/gcc_v10.2/gcc-10.2-arm32-eabi/bin/../lib/gcc/arm-none-eabi/10.2.0/../../../../arm-none-eabi/lib/thumb/v7e-m/nofp/libc.a(lib_a-mallocr.o)
                0x0000000020000030                __malloc_current_mallinfo
 .bss.__malloc_top_pad
                0x0000000020000058        0x4 /usr/local/NXP/S32DS.3.6.3/S32DS/build_tools/gcc_v10.2/gcc-10.2-arm32-eabi/bin/../lib/gcc/arm-none-eabi/10.2.0/../../../../arm-none-eabi/lib/thumb/v7e-m/nofp/libc.a(lib_a-mallocr.o)
                0x0000000020000058                __malloc_top_pad
 .bss.errno     0x000000002000005c        0x4 /usr/local/NXP/S32DS.3.6.3/S32DS/build_tools/gcc_v10.2/gcc-10.2-arm32-eabi/bin/../lib/gcc/arm-none-eabi/10.2.0/../../../../arm-none-eabi/lib/thumb/v7e-m/nofp/libc.a(lib_a-reent.o)
                0x000000002000005c                errno
 .bss.heap_end.0
                0x0000000020000060        0x4 /usr/local/NXP/S32DS.3.6.3/S32DS/build_tools/gcc_v10.2/gcc-10.2-arm32-eabi/bin/../lib/gcc/arm-none-eabi/10.2.0/../../../../arm-none-eabi/lib/thumb/v7e-m/nofp/librdimon.a(rdimon-syscalls.o)
 .bss.monitor_stderr
                0x0000000020000064        0x4 /usr/local/NXP/S32DS.3.6.3/S32DS/build_tools/gcc_v10.2/gcc-10.2-arm32-eabi/bin/../lib/gcc/arm-none-eabi/10.2.0/../../../../arm-none-eabi/lib/thumb/v7e-m/nofp/librdimon.a(rdimon-syscalls.o)
 .bss.monitor_stdin
                0x0000000020000068        0x4 /usr/local/NXP/S32DS.3.6.3/S32DS/build_tools/gcc_v10.2/gcc-10.2-arm32-eabi/bin/../lib/gcc/arm-none-eabi/10.2.0/../../../../arm-none-eabi/lib/thumb/v7e-m/nofp/librdimon.a(rdimon-syscalls.o)
 .bss.monitor_stdout
                0x000000002000006c        0x4 /usr/local/NXP/S32DS.3.6.3/S32DS/build_tools/gcc_v10.2/gcc-10.2-arm32-eabi/bin/../lib/gcc/arm-none-eabi/10.2.0/../../../../arm-none-eabi/lib/thumb/v7e-m/nofp/librdimon.a(rdimon-syscalls.o)
 .bss.openfiles
                0x0000000020000070       0xa0 /usr/local/NXP/S32DS.3.6.3/S32DS/build_tools/gcc_v10.2/gcc-10.2-arm32-eabi/bin/../lib/gcc/arm-none-eabi/10.2.0/../../../../arm-none-eabi/lib/thumb/v7e-m/nofp/librdimon.a(rdimon-syscalls.o)
 *(COMMON)
                0x0000000020000110                . = ALIGN (0x4)
                0x0000000020000110                __bss_end__ = .
                0x0000000020000110                __BSS_END = .

.heap           0x0000000020000110      0x400
                0x0000000020000110                . = ALIGN (0x8)
                0x0000000020000110                __end__ = .
                0x0000000020000110                __heap_start__ = .
                0x0000000020000110                PROVIDE (end = .)
                [!provide]                        PROVIDE (_end = .)
                [!provide]                        PROVIDE (__end = .)
                0x0000000020000110                __HeapBase = .
                0x0000000020000510                . = (. + HEAP_SIZE)
 *fill*         0x0000000020000110      0x400 
                0x0000000020000510                __HeapLimit = .
                0x0000000020000510                __heap_limit = .
                0x0000000020000510                __heap_end__ = .
                0x0000000020007000                __StackTop = (ORIGIN (m_data_2) + LENGTH (m_data_2))
                0x0000000020006c00                __StackLimit = (__StackTop - STACK_SIZE)
                0x0000000020007000                PROVIDE (__stack = __StackTop)
                0x0000000020007000                __RAM_END = __StackTop

.stack          0x0000000020006c00      0x400
                0x0000000020006c00                . = ALIGN (0x8)
                0x0000000020006c00                __stack_start__ = .
                0x0000000020007000                . = (. + STACK_SIZE)
 *fill*         0x0000000020006c00      0x400 
                0x0000000020007000                __stack_end__ = .
                0x0000000020000000                __START_BSS = __BSS_START
                0x0000000020000110                __END_BSS = __BSS_END
                0x0000000020007000                __SP_INIT = __StackTop

.ARM.attributes
                0x0000000000000000       0x2a
 *(.ARM.attributes)
 .ARM.attributes
                0x0000000000000000       0x1e /usr/local/NXP/S32DS.3.6.3/S32DS/build_tools/gcc_v10.2/gcc-10.2-arm32-eabi/bin/../lib/gcc/arm-none-eabi/10.2.0/thumb/v7e-m/nofp/crti.o
 .ARM.attributes
                0x000000000000001e       0x2e /usr/local/NXP/S32DS.3.6.3/S32DS/build_tools/gcc_v10.2/gcc-10.2-arm32-eabi/bin/../lib/gcc/arm-none-eabi/10.2.0/thumb/v7e-m/nofp/crtbegin.o
 .ARM.attributes
                0x000000000000004c       0x1c /usr/local/NXP/S32DS.3.6.3/S32DS/build_tools/gcc_v10.2/gcc-10.2-arm32-eabi/bin/../lib/gcc/arm-none-eabi/10.2.0/../../../../arm-none-eabi/lib/thumb/v7e-m/nofp/rdimon-crt0.o
 .ARM.attributes
                0x0000000000000068       0x2e ./Project_Settings/Startup_Code/startup.o
 .ARM.attributes
                0x0000000000000096       0x1b ./Project_Settings/Startup_Code/startup_S32K144.o
 .ARM.attributes
                0x00000000000000b1       0x2e ./Project_Settings/Startup_Code/system_S32K144.o
 .ARM.attributes
                0x00000000000000df       0x2e ./src/driver_port.o
 .ARM.attributes
                0x000000000000010d       0x2e ./src/main.o
 .ARM.attributes
                0x000000000000013b       0x2e /usr/local/NXP/S32DS.3.6.3/S32DS/build_tools/gcc_v10.2/gcc-10.2-arm32-eabi/bin/../lib/gcc/arm-none-eabi/10.2.0/../../../../arm-none-eabi/lib/thumb/v7e-m/nofp/libc.a(lib_a-exit.o)
 .ARM.attributes
                0x0000000000000169       0x2e /usr/local/NXP/S32DS.3.6.3/S32DS/build_tools/gcc_v10.2/gcc-10.2-arm32-eabi/bin/../lib/gcc/arm-none-eabi/10.2.0/../../../../arm-none-eabi/lib/thumb/v7e-m/nofp/libc.a(lib_a-impure.o)
 .ARM.attributes
                0x0000000000000197       0x2e /usr/local/NXP/S32DS.3.6.3/S32DS/build_tools/gcc_v10.2/gcc-10.2-arm32-eabi/bin/../lib/gcc/arm-none-eabi/10.2.0/../../../../arm-none-eabi/lib/thumb/v7e-m/nofp/libc.a(lib_a-init.o)
 .ARM.attributes
                0x00000000000001c5       0x2e /usr/local/NXP/S32DS.3.6.3/S32DS/build_tools/gcc_v10.2/gcc-10.2-arm32-eabi/bin/../lib/gcc/arm-none-eabi/10.2.0/../../../../arm-none-eabi/lib/thumb/v7e-m/nofp/libc.a(lib_a-memset.o)
 .ARM.attributes
                0x00000000000001f3       0x2e /usr/local/NXP/S32DS.3.6.3/S32DS/build_tools/gcc_v10.2/gcc-10.2-arm32-eabi/bin/../lib/gcc/arm-none-eabi/10.2.0/../../../../arm-none-eabi/lib/thumb/v7e-m/nofp/libc.a(lib_a-__call_atexit.o)
 .ARM.attributes
                0x0000000000000221       0x2e /usr/local/NXP/S32DS.3.6.3/S32DS/build_tools/gcc_v10.2/gcc-10.2-arm32-eabi/bin/../lib/gcc/arm-none-eabi/10.2.0/../../../../arm-none-eabi/lib/thumb/v7e-m/nofp/libc.a(lib_a-fflush.o)
 .ARM.attributes
                0x000000000000024f       0x2e /usr/local/NXP/S32DS.3.6.3/S32DS/build_tools/gcc_v10.2/gcc-10.2-arm32-eabi/bin/../lib/gcc/arm-none-eabi/10.2.0/../../../../arm-none-eabi/lib/thumb/v7e-m/nofp/libc.a(lib_a-findfp.o)
 .ARM.attributes
                0x000000000000027d       0x2e /usr/local/NXP/S32DS.3.6.3/S32DS/build_tools/gcc_v10.2/gcc-10.2-arm32-eabi/bin/../lib/gcc/arm-none-eabi/10.2.0/../../../../arm-none-eabi/lib/thumb/v7e-m/nofp/libc.a(lib_a-fini.o)
 .ARM.attributes
                0x00000000000002ab       0x2e /usr/local/NXP/S32DS.3.6.3/S32DS/build_tools/gcc_v10.2/gcc-10.2-arm32-eabi/bin/../lib/gcc/arm-none-eabi/10.2.0/../../../../arm-none-eabi/lib/thumb/v7e-m/nofp/libc.a(lib_a-freer.o)
 .ARM.attributes
                0x00000000000002d9       0x2e /usr/local/NXP/S32DS.3.6.3/S32DS/build_tools/gcc_v10.2/gcc-10.2-arm32-eabi/bin/../lib/gcc/arm-none-eabi/10.2.0/../../../../arm-none-eabi/lib/thumb/v7e-m/nofp/libc.a(lib_a-fwalk.o)
 .ARM.attributes
                0x0000000000000307       0x2e /usr/local/NXP/S32DS.3.6.3/S32DS/build_tools/gcc_v10.2/gcc-10.2-arm32-eabi/bin/../lib/gcc/arm-none-eabi/10.2.0/../../../../arm-none-eabi/lib/thumb/v7e-m/nofp/libc.a(lib_a-mallocr.o)
 .ARM.attributes
                0x0000000000000335       0x2e /usr/local/NXP/S32DS.3.6.3/S32DS/build_tools/gcc_v10.2/gcc-10.2-arm32-eabi/bin/../lib/gcc/arm-none-eabi/10.2.0/../../../../arm-none-eabi/lib/thumb/v7e-m/nofp/libc.a(lib_a-mlock.o)
 .ARM.attributes
                0x0000000000000363       0x2e /usr/local/NXP/S32DS.3.6.3/S32DS/build_tools/gcc_v10.2/gcc-10.2-arm32-eabi/bin/../lib/gcc/arm-none-eabi/10.2.0/../../../../arm-none-eabi/lib/thumb/v7e-m/nofp/libc.a(lib_a-sbrkr.o)
 .ARM.attributes
                0x0000000000000391       0x2e /usr/local/NXP/S32DS.3.6.3/S32DS/build_tools/gcc_v10.2/gcc-10.2-arm32-eabi/bin/../lib/gcc/arm-none-eabi/10.2.0/../../../../arm-none-eabi/lib/thumb/v7e-m/nofp/libc.a(lib_a-stdio.o)
 .ARM.attributes
                0x00000000000003bf       0x17 /usr/local/NXP/S32DS.3.6.3/S32DS/build_tools/gcc_v10.2/gcc-10.2-arm32-eabi/bin/../lib/gcc/arm-none-eabi/10.2.0/../../../../arm-none-eabi/lib/thumb/v7e-m/nofp/libc.a(lib_a-strlen.o)
 .ARM.attributes
                0x00000000000003d6       0x2e /usr/local/NXP/S32DS.3.6.3/S32DS/build_tools/gcc_v10.2/gcc-10.2-arm32-eabi/bin/../lib/gcc/arm-none-eabi/10.2.0/../../../../arm-none-eabi/lib/thumb/v7e-m/nofp/libc.a(lib_a-writer.o)
 .ARM.attributes
                0x0000000000000404       0x2e /usr/local/NXP/S32DS.3.6.3/S32DS/build_tools/gcc_v10.2/gcc-10.2-arm32-eabi/bin/../lib/gcc/arm-none-eabi/10.2.0/../../../../arm-none-eabi/lib/thumb/v7e-m/nofp/libc.a(lib_a-atexit.o)
 .ARM.attributes
                0x0000000000000432       0x2e /usr/local/NXP/S32DS.3.6.3/S32DS/build_tools/gcc_v10.2/gcc-10.2-arm32-eabi/bin/../lib/gcc/arm-none-eabi/10.2.0/../../../../arm-none-eabi/lib/thumb/v7e-m/nofp/libc.a(lib_a-closer.o)
 .ARM.attributes
                0x0000000000000460       0x2e /usr/local/NXP/S32DS.3.6.3/S32DS/build_tools/gcc_v10.2/gcc-10.2-arm32-eabi/bin/../lib/gcc/arm-none-eabi/10.2.0/../../../../arm-none-eabi/lib/thumb/v7e-m/nofp/libc.a(lib_a-fclose.o)
 .ARM.attributes
                0x000000000000048e       0x2e /usr/local/NXP/S32DS.3.6.3/S32DS/build_tools/gcc_v10.2/gcc-10.2-arm32-eabi/bin/../lib/gcc/arm-none-eabi/10.2.0/../../../../arm-none-eabi/lib/thumb/v7e-m/nofp/libc.a(lib_a-lseekr.o)
 .ARM.attributes
                0x00000000000004bc       0x2e /usr/local/NXP/S32DS.3.6.3/S32DS/build_tools/gcc_v10.2/gcc-10.2-arm32-eabi/bin/../lib/gcc/arm-none-eabi/10.2.0/../../../../arm-none-eabi/lib/thumb/v7e-m/nofp/libc.a(lib_a-readr.o)
 .ARM.attributes
                0x00000000000004ea       0x2e /usr/local/NXP/S32DS.3.6.3/S32DS/build_tools/gcc_v10.2/gcc-10.2-arm32-eabi/bin/../lib/gcc/arm-none-eabi/10.2.0/../../../../arm-none-eabi/lib/thumb/v7e-m/nofp/libc.a(lib_a-reent.o)
 .ARM.attributes
                0x0000000000000518       0x2e /usr/local/NXP/S32DS.3.6.3/S32DS/build_tools/gcc_v10.2/gcc-10.2-arm32-eabi/bin/../lib/gcc/arm-none-eabi/10.2.0/../../../../arm-none-eabi/lib/thumb/v7e-m/nofp/libc.a(lib_a-__atexit.o)
 .ARM.attributes
                0x0000000000000546       0x2e /usr/local/NXP/S32DS.3.6.3/S32DS/build_tools/gcc_v10.2/gcc-10.2-arm32-eabi/bin/../lib/gcc/arm-none-eabi/10.2.0/../../../../arm-none-eabi/lib/thumb/v7e-m/nofp/librdimon.a(rdimon-syscalls.o)
 .ARM.attributes
                0x0000000000000574       0x2e /usr/local/NXP/S32DS.3.6.3/S32DS/build_tools/gcc_v10.2/gcc-10.2-arm32-eabi/bin/../lib/gcc/arm-none-eabi/10.2.0/../../../../arm-none-eabi/lib/thumb/v7e-m/nofp/librdimon.a(rdimon-_exit.o)
 .ARM.attributes
                0x00000000000005a2       0x2e /usr/local/NXP/S32DS.3.6.3/S32DS/build_tools/gcc_v10.2/gcc-10.2-arm32-eabi/bin/../lib/gcc/arm-none-eabi/10.2.0/../../../../arm-none-eabi/lib/thumb/v7e-m/nofp/librdimon.a(rdimon-_kill.o)
 .ARM.attributes
                0x00000000000005d0       0x2e /usr/local/NXP/S32DS.3.6.3/S32DS/build_tools/gcc_v10.2/gcc-10.2-arm32-eabi/bin/../lib/gcc/arm-none-eabi/10.2.0/../../../../arm-none-eabi/lib/thumb/v7e-m/nofp/libc.a(lib_a-errno.o)
 .ARM.attributes
                0x00000000000005fe       0x2e /usr/local/NXP/S32DS.3.6.3/S32DS/build_tools/gcc_v10.2/gcc-10.2-arm32-eabi/bin/../lib/gcc/arm-none-eabi/10.2.0/thumb/v7e-m/nofp/crtend.o
 .ARM.attributes
                0x000000000000062c       0x1e /usr/local/NXP/S32DS.3.6.3/S32DS/build_tools/gcc_v10.2/gcc-10.2-arm32-eabi/bin/../lib/gcc/arm-none-eabi/10.2.0/thumb/v7e-m/nofp/crtn.o
                0x0000000000000001                ASSERT ((__StackLimit >= __HeapLimit), region m_data_2 overflowed with stack and heap)
OUTPUT(Assignment2.elf elf32-littlearm)
LOAD linker stubs

.comment        0x0000000000000000       0x53
 .comment       0x0000000000000000       0x53 /usr/local/NXP/S32DS.3.6.3/S32DS/build_tools/gcc_v10.2/gcc-10.2-arm32-eabi/bin/../lib/gcc/arm-none-eabi/10.2.0/thumb/v7e-m/nofp/crtbegin.o
                                         0x54 (size before relaxing)
 .comment       0x0000000000000053       0x54 ./Project_Settings/Startup_Code/startup.o
 .comment       0x0000000000000053       0x54 ./Project_Settings/Startup_Code/system_S32K144.o
 .comment       0x0000000000000053       0x54 ./src/driver_port.o
 .comment       0x0000000000000053       0x54 ./src/main.o
 .comment       0x0000000000000053       0x54 /usr/local/NXP/S32DS.3.6.3/S32DS/build_tools/gcc_v10.2/gcc-10.2-arm32-eabi/bin/../lib/gcc/arm-none-eabi/10.2.0/../../../../arm-none-eabi/lib/thumb/v7e-m/nofp/libc.a(lib_a-exit.o)
 .comment       0x0000000000000053       0x54 /usr/local/NXP/S32DS.3.6.3/S32DS/build_tools/gcc_v10.2/gcc-10.2-arm32-eabi/bin/../lib/gcc/arm-none-eabi/10.2.0/../../../../arm-none-eabi/lib/thumb/v7e-m/nofp/libc.a(lib_a-impure.o)
 .comment       0x0000000000000053       0x54 /usr/local/NXP/S32DS.3.6.3/S32DS/build_tools/gcc_v10.2/gcc-10.2-arm32-eabi/bin/../lib/gcc/arm-none-eabi/10.2.0/../../../../arm-none-eabi/lib/thumb/v7e-m/nofp/libc.a(lib_a-init.o)
 .comment       0x0000000000000053       0x54 /usr/local/NXP/S32DS.3.6.3/S32DS/build_tools/gcc_v10.2/gcc-10.2-arm32-eabi/bin/../lib/gcc/arm-none-eabi/10.2.0/../../../../arm-none-eabi/lib/thumb/v7e-m/nofp/libc.a(lib_a-memset.o)
 .comment       0x0000000000000053       0x54 /usr/local/NXP/S32DS.3.6.3/S32DS/build_tools/gcc_v10.2/gcc-10.2-arm32-eabi/bin/../lib/gcc/arm-none-eabi/10.2.0/../../../../arm-none-eabi/lib/thumb/v7e-m/nofp/libc.a(lib_a-__call_atexit.o)
 .comment       0x0000000000000053       0x54 /usr/local/NXP/S32DS.3.6.3/S32DS/build_tools/gcc_v10.2/gcc-10.2-arm32-eabi/bin/../lib/gcc/arm-none-eabi/10.2.0/../../../../arm-none-eabi/lib/thumb/v7e-m/nofp/libc.a(lib_a-fflush.o)
 .comment       0x0000000000000053       0x54 /usr/local/NXP/S32DS.3.6.3/S32DS/build_tools/gcc_v10.2/gcc-10.2-arm32-eabi/bin/../lib/gcc/arm-none-eabi/10.2.0/../../../../arm-none-eabi/lib/thumb/v7e-m/nofp/libc.a(lib_a-findfp.o)
 .comment       0x0000000000000053       0x54 /usr/local/NXP/S32DS.3.6.3/S32DS/build_tools/gcc_v10.2/gcc-10.2-arm32-eabi/bin/../lib/gcc/arm-none-eabi/10.2.0/../../../../arm-none-eabi/lib/thumb/v7e-m/nofp/libc.a(lib_a-fini.o)
 .comment       0x0000000000000053       0x54 /usr/local/NXP/S32DS.3.6.3/S32DS/build_tools/gcc_v10.2/gcc-10.2-arm32-eabi/bin/../lib/gcc/arm-none-eabi/10.2.0/../../../../arm-none-eabi/lib/thumb/v7e-m/nofp/libc.a(lib_a-freer.o)
 .comment       0x0000000000000053       0x54 /usr/local/NXP/S32DS.3.6.3/S32DS/build_tools/gcc_v10.2/gcc-10.2-arm32-eabi/bin/../lib/gcc/arm-none-eabi/10.2.0/../../../../arm-none-eabi/lib/thumb/v7e-m/nofp/libc.a(lib_a-fwalk.o)
 .comment       0x0000000000000053       0x54 /usr/local/NXP/S32DS.3.6.3/S32DS/build_tools/gcc_v10.2/gcc-10.2-arm32-eabi/bin/../lib/gcc/arm-none-eabi/10.2.0/../../../../arm-none-eabi/lib/thumb/v7e-m/nofp/libc.a(lib_a-mallocr.o)
 .comment       0x0000000000000053       0x54 /usr/local/NXP/S32DS.3.6.3/S32DS/build_tools/gcc_v10.2/gcc-10.2-arm32-eabi/bin/../lib/gcc/arm-none-eabi/10.2.0/../../../../arm-none-eabi/lib/thumb/v7e-m/nofp/libc.a(lib_a-mlock.o)
 .comment       0x0000000000000053       0x54 /usr/local/NXP/S32DS.3.6.3/S32DS/build_tools/gcc_v10.2/gcc-10.2-arm32-eabi/bin/../lib/gcc/arm-none-eabi/10.2.0/../../../../arm-none-eabi/lib/thumb/v7e-m/nofp/libc.a(lib_a-sbrkr.o)
 .comment       0x0000000000000053       0x54 /usr/local/NXP/S32DS.3.6.3/S32DS/build_tools/gcc_v10.2/gcc-10.2-arm32-eabi/bin/../lib/gcc/arm-none-eabi/10.2.0/../../../../arm-none-eabi/lib/thumb/v7e-m/nofp/libc.a(lib_a-stdio.o)
 .comment       0x0000000000000053       0x54 /usr/local/NXP/S32DS.3.6.3/S32DS/build_tools/gcc_v10.2/gcc-10.2-arm32-eabi/bin/../lib/gcc/arm-none-eabi/10.2.0/../../../../arm-none-eabi/lib/thumb/v7e-m/nofp/libc.a(lib_a-writer.o)
 .comment       0x0000000000000053       0x54 /usr/local/NXP/S32DS.3.6.3/S32DS/build_tools/gcc_v10.2/gcc-10.2-arm32-eabi/bin/../lib/gcc/arm-none-eabi/10.2.0/../../../../arm-none-eabi/lib/thumb/v7e-m/nofp/libc.a(lib_a-atexit.o)
 .comment       0x0000000000000053       0x54 /usr/local/NXP/S32DS.3.6.3/S32DS/build_tools/gcc_v10.2/gcc-10.2-arm32-eabi/bin/../lib/gcc/arm-none-eabi/10.2.0/../../../../arm-none-eabi/lib/thumb/v7e-m/nofp/libc.a(lib_a-closer.o)
 .comment       0x0000000000000053       0x54 /usr/local/NXP/S32DS.3.6.3/S32DS/build_tools/gcc_v10.2/gcc-10.2-arm32-eabi/bin/../lib/gcc/arm-none-eabi/10.2.0/../../../../arm-none-eabi/lib/thumb/v7e-m/nofp/libc.a(lib_a-fclose.o)
 .comment       0x0000000000000053       0x54 /usr/local/NXP/S32DS.3.6.3/S32DS/build_tools/gcc_v10.2/gcc-10.2-arm32-eabi/bin/../lib/gcc/arm-none-eabi/10.2.0/../../../../arm-none-eabi/lib/thumb/v7e-m/nofp/libc.a(lib_a-lseekr.o)
 .comment       0x0000000000000053       0x54 /usr/local/NXP/S32DS.3.6.3/S32DS/build_tools/gcc_v10.2/gcc-10.2-arm32-eabi/bin/../lib/gcc/arm-none-eabi/10.2.0/../../../../arm-none-eabi/lib/thumb/v7e-m/nofp/libc.a(lib_a-readr.o)
 .comment       0x0000000000000053       0x54 /usr/local/NXP/S32DS.3.6.3/S32DS/build_tools/gcc_v10.2/gcc-10.2-arm32-eabi/bin/../lib/gcc/arm-none-eabi/10.2.0/../../../../arm-none-eabi/lib/thumb/v7e-m/nofp/libc.a(lib_a-reent.o)
 .comment       0x0000000000000053       0x54 /usr/local/NXP/S32DS.3.6.3/S32DS/build_tools/gcc_v10.2/gcc-10.2-arm32-eabi/bin/../lib/gcc/arm-none-eabi/10.2.0/../../../../arm-none-eabi/lib/thumb/v7e-m/nofp/libc.a(lib_a-__atexit.o)
 .comment       0x0000000000000053       0x54 /usr/local/NXP/S32DS.3.6.3/S32DS/build_tools/gcc_v10.2/gcc-10.2-arm32-eabi/bin/../lib/gcc/arm-none-eabi/10.2.0/../../../../arm-none-eabi/lib/thumb/v7e-m/nofp/librdimon.a(rdimon-syscalls.o)
 .comment       0x0000000000000053       0x54 /usr/local/NXP/S32DS.3.6.3/S32DS/build_tools/gcc_v10.2/gcc-10.2-arm32-eabi/bin/../lib/gcc/arm-none-eabi/10.2.0/../../../../arm-none-eabi/lib/thumb/v7e-m/nofp/librdimon.a(rdimon-_exit.o)
 .comment       0x0000000000000053       0x54 /usr/local/NXP/S32DS.3.6.3/S32DS/build_tools/gcc_v10.2/gcc-10.2-arm32-eabi/bin/../lib/gcc/arm-none-eabi/10.2.0/../../../../arm-none-eabi/lib/thumb/v7e-m/nofp/librdimon.a(rdimon-_kill.o)
 .comment       0x0000000000000053       0x54 /usr/local/NXP/S32DS.3.6.3/S32DS/build_tools/gcc_v10.2/gcc-10.2-arm32-eabi/bin/../lib/gcc/arm-none-eabi/10.2.0/../../../../arm-none-eabi/lib/thumb/v7e-m/nofp/libc.a(lib_a-errno.o)
 .comment       0x0000000000000053       0x54 /usr/local/NXP/S32DS.3.6.3/S32DS/build_tools/gcc_v10.2/gcc-10.2-arm32-eabi/bin/../lib/gcc/arm-none-eabi/10.2.0/thumb/v7e-m/nofp/crtend.o

.debug_line     0x0000000000000000     0x130b
 .debug_line    0x0000000000000000       0xd9 /usr/local/NXP/S32DS.3.6.3/S32DS/build_tools/gcc_v10.2/gcc-10.2-arm32-eabi/bin/../lib/gcc/arm-none-eabi/10.2.0/../../../../arm-none-eabi/lib/thumb/v7e-m/nofp/rdimon-crt0.o
 .debug_line    0x00000000000000d9      0x3aa ./Project_Settings/Startup_Code/startup.o
 .debug_line    0x0000000000000483       0x91 ./Project_Settings/Startup_Code/startup_S32K144.o
 .debug_line    0x0000000000000514      0x3df ./Project_Settings/Startup_Code/system_S32K144.o
 .debug_line    0x00000000000008f3      0x562 ./src/driver_port.o
 .debug_line    0x0000000000000e55      0x4b6 ./src/main.o

.debug_info     0x0000000000000000     0x162c
 .debug_info    0x0000000000000000       0x26 /usr/local/NXP/S32DS.3.6.3/S32DS/build_tools/gcc_v10.2/gcc-10.2-arm32-eabi/bin/../lib/gcc/arm-none-eabi/10.2.0/../../../../arm-none-eabi/lib/thumb/v7e-m/nofp/rdimon-crt0.o
 .debug_info    0x0000000000000026      0x443 ./Project_Settings/Startup_Code/startup.o
 .debug_info    0x0000000000000469       0x26 ./Project_Settings/Startup_Code/startup_S32K144.o
 .debug_info    0x000000000000048f      0x567 ./Project_Settings/Startup_Code/system_S32K144.o
 .debug_info    0x00000000000009f6      0x8b2 ./src/driver_port.o
 .debug_info    0x00000000000012a8      0x384 ./src/main.o

.debug_abbrev   0x0000000000000000      0x5b2
 .debug_abbrev  0x0000000000000000       0x14 /usr/local/NXP/S32DS.3.6.3/S32DS/build_tools/gcc_v10.2/gcc-10.2-arm32-eabi/bin/../lib/gcc/arm-none-eabi/10.2.0/../../../../arm-none-eabi/lib/thumb/v7e-m/nofp/rdimon-crt0.o
 .debug_abbrev  0x0000000000000014      0x11c ./Project_Settings/Startup_Code/startup.o
 .debug_abbrev  0x0000000000000130       0x14 ./Project_Settings/Startup_Code/startup_S32K144.o
 .debug_abbrev  0x0000000000000144      0x13f ./Project_Settings/Startup_Code/system_S32K144.o
 .debug_abbrev  0x0000000000000283      0x1bc ./src/driver_port.o
 .debug_abbrev  0x000000000000043f      0x173 ./src/main.o

.debug_str      0x0000000000000000    0x66089
 .debug_str     0x0000000000000000       0xb3 /usr/local/NXP/S32DS.3.6.3/S32DS/build_tools/gcc_v10.2/gcc-10.2-arm32-eabi/bin/../lib/gcc/arm-none-eabi/10.2.0/../../../../arm-none-eabi/lib/thumb/v7e-m/nofp/rdimon-crt0.o
 .debug_str     0x00000000000000b3    0x61a09 ./Project_Settings/Startup_Code/startup.o
                                      0x61b9e (size before relaxing)
 .debug_str     0x0000000000061abc       0x33 ./Project_Settings/Startup_Code/startup_S32K144.o
                                         0x7a (size before relaxing)
 .debug_str     0x0000000000061aef      0x1f3 ./Project_Settings/Startup_Code/system_S32K144.o
                                      0x61a0f (size before relaxing)
 .debug_str     0x0000000000061ce2      0x9e7 ./src/driver_port.o
                                      0x57149 (size before relaxing)
 .debug_str     0x00000000000626c9     0x39c0 ./src/main.o
                                      0x5a1e4 (size before relaxing)

.debug_aranges  0x0000000000000000      0x140
 .debug_aranges
                0x0000000000000000       0x20 ./Project_Settings/Startup_Code/startup.o
 .debug_aranges
                0x0000000000000020       0x20 ./Project_Settings/Startup_Code/startup_S32K144.o
 .debug_aranges
                0x0000000000000040       0x30 ./Project_Settings/Startup_Code/system_S32K144.o
 .debug_aranges
                0x0000000000000070       0x80 ./src/driver_port.o
 .debug_aranges
                0x00000000000000f0       0x50 ./src/main.o

.debug_ranges   0x0000000000000000       0xe0
 .debug_ranges  0x0000000000000000       0x10 ./Project_Settings/Startup_Code/startup.o
 .debug_ranges  0x0000000000000010       0x20 ./Project_Settings/Startup_Code/system_S32K144.o
 .debug_ranges  0x0000000000000030       0x70 ./src/driver_port.o
 .debug_ranges  0x00000000000000a0       0x40 ./src/main.o

.debug_macro    0x0000000000000000    0x1bd21
 .debug_macro   0x0000000000000000       0xb5 ./Project_Settings/Startup_Code/startup.o
 .debug_macro   0x00000000000000b5      0xa60 ./Project_Settings/Startup_Code/startup.o
 .debug_macro   0x0000000000000b15       0x22 ./Project_Settings/Startup_Code/startup.o
 .debug_macro   0x0000000000000b37       0x8e ./Project_Settings/Startup_Code/startup.o
 .debug_macro   0x0000000000000bc5       0x51 ./Project_Settings/Startup_Code/startup.o
 .debug_macro   0x0000000000000c16      0x103 ./Project_Settings/Startup_Code/startup.o
 .debug_macro   0x0000000000000d19       0x6a ./Project_Settings/Startup_Code/startup.o
 .debug_macro   0x0000000000000d83      0x1df ./Project_Settings/Startup_Code/startup.o
 .debug_macro   0x0000000000000f62       0x10 ./Project_Settings/Startup_Code/startup.o
 .debug_macro   0x0000000000000f72       0x78 ./Project_Settings/Startup_Code/startup.o
 .debug_macro   0x0000000000000fea     0xc365 ./Project_Settings/Startup_Code/startup.o
 .debug_macro   0x000000000000d34f     0x1707 ./Project_Settings/Startup_Code/startup.o
 .debug_macro   0x000000000000ea56       0x22 ./Project_Settings/Startup_Code/startup.o
 .debug_macro   0x000000000000ea78       0x40 ./Project_Settings/Startup_Code/startup.o
 .debug_macro   0x000000000000eab8       0xb4 ./Project_Settings/Startup_Code/system_S32K144.o
 .debug_macro   0x000000000000eb6c       0x16 ./Project_Settings/Startup_Code/system_S32K144.o
 .debug_macro   0x000000000000eb82     0xc353 ./Project_Settings/Startup_Code/system_S32K144.o
 .debug_macro   0x000000000001aed5       0x28 ./Project_Settings/Startup_Code/system_S32K144.o
 .debug_macro   0x000000000001aefd       0x84 ./src/driver_port.o
 .debug_macro   0x000000000001af81      0x1c6 ./src/main.o
 .debug_macro   0x000000000001b147       0x58 ./src/main.o
 .debug_macro   0x000000000001b19f       0x18 ./src/main.o
 .debug_macro   0x000000000001b1b7       0x35 ./src/main.o
 .debug_macro   0x000000000001b1ec       0x34 ./src/main.o
 .debug_macro   0x000000000001b220       0x16 ./src/main.o
 .debug_macro   0x000000000001b236       0x97 ./src/main.o
 .debug_macro   0x000000000001b2cd      0x333 ./src/main.o
 .debug_macro   0x000000000001b600       0xfd ./src/main.o
 .debug_macro   0x000000000001b6fd       0x10 ./src/main.o
 .debug_macro   0x000000000001b70d       0x16 ./src/main.o
 .debug_macro   0x000000000001b723       0x43 ./src/main.o
 .debug_macro   0x000000000001b766       0x34 ./src/main.o
 .debug_macro   0x000000000001b79a       0x10 ./src/main.o
 .debug_macro   0x000000000001b7aa       0x52 ./src/main.o
 .debug_macro   0x000000000001b7fc      0x182 ./src/main.o
 .debug_macro   0x000000000001b97e       0x10 ./src/main.o
 .debug_macro   0x000000000001b98e       0x1c ./src/main.o
 .debug_macro   0x000000000001b9aa       0x52 ./src/main.o
 .debug_macro   0x000000000001b9fc       0x22 ./src/main.o
 .debug_macro   0x000000000001ba1e       0x10 ./src/main.o
 .debug_macro   0x000000000001ba2e       0x40 ./src/main.o
 .debug_macro   0x000000000001ba6e       0xd5 ./src/main.o
 .debug_macro   0x000000000001bb43       0x1c ./src/main.o
 .debug_macro   0x000000000001bb5f       0x3d ./src/main.o
 .debug_macro   0x000000000001bb9c       0x16 ./src/main.o
 .debug_macro   0x000000000001bbb2      0x16f ./src/main.o

.debug_frame    0x0000000000000000      0x3b0
 .debug_frame   0x0000000000000000       0x38 ./Project_Settings/Startup_Code/startup.o
 .debug_frame   0x0000000000000038       0x80 ./Project_Settings/Startup_Code/system_S32K144.o
 .debug_frame   0x00000000000000b8      0x1f4 ./src/driver_port.o
 .debug_frame   0x00000000000002ac      0x104 ./src/main.o
