Archive member included to satisfy reference by file (symbol)

/usr/local/NXP/S32DS.3.6.3/S32DS/build_tools/gcc_v10.2/gcc-10.2-arm32-eabi/bin/../lib/gcc/arm-none-eabi/10.2.0/../../../../arm-none-eabi/lib/thumb/v7e-m/nofp/libc.a(lib_a-exit.o)
                              /usr/local/NXP/S32DS.3.6.3/S32DS/build_tools/gcc_v10.2/gcc-10.2-arm32-eabi/bin/../lib/gcc/arm-none-eabi/10.2.0/../../../../arm-none-eabi/lib/thumb/v7e-m/nofp/rdimon-crt0.o (exit)
/usr/local/NXP/S32DS.3.6.3/S32DS/build_tools/gcc_v10.2/gcc-10.2-arm32-eabi/bin/../lib/gcc/arm-none-eabi/10.2.0/../../../../arm-none-eabi/lib/thumb/v7e-m/nofp/libc.a(lib_a-impure.o)
                              /usr/local/NXP/S32DS.3.6.3/S32DS/build_tools/gcc_v10.2/gcc-10.2-arm32-eabi/bin/../lib/gcc/arm-none-eabi/10.2.0/../../../../arm-none-eabi/lib/thumb/v7e-m/nofp/libc.a(lib_a-exit.o) (_global_impure_ptr)
/usr/local/NXP/S32DS.3.6.3/S32DS/build_tools/gcc_v10.2/gcc-10.2-arm32-eabi/bin/../lib/gcc/arm-none-eabi/10.2.0/../../../../arm-none-eabi/lib/thumb/v7e-m/nofp/libc.a(lib_a-init.o)
                              /usr/local/NXP/S32DS.3.6.3/S32DS/build_tools/gcc_v10.2/gcc-10.2-arm32-eabi/bin/../lib/gcc/arm-none-eabi/10.2.0/../../../../arm-none-eabi/lib/thumb/v7e-m/nofp/rdimon-crt0.o (__libc_init_array)
/usr/local/NXP/S32DS.3.6.3/S32DS/build_tools/gcc_v10.2/gcc-10.2-arm32-eabi/bin/../lib/gcc/arm-none-eabi/10.2.0/../../../../arm-none-eabi/lib/thumb/v7e-m/nofp/libc.a(lib_a-memset.o)
                              /usr/local/NXP/S32DS.3.6.3/S32DS/build_tools/gcc_v10.2/gcc-10.2-arm32-eabi/bin/../lib/gcc/arm-none-eabi/10.2.0/../../../../arm-none-eabi/lib/thumb/v7e-m/nofp/rdimon-crt0.o (memset)
/usr/local/NXP/S32DS.3.6.3/S32DS/build_tools/gcc_v10.2/gcc-10.2-arm32-eabi/bin/../lib/gcc/arm-none-eabi/10.2.0/../../../../arm-none-eabi/lib/thumb/v7e-m/nofp/libc.a(lib_a-printf.o)
                              ./src/driver_port.o (printf)
/usr/local/NXP/S32DS.3.6.3/S32DS/build_tools/gcc_v10.2/gcc-10.2-arm32-eabi/bin/../lib/gcc/arm-none-eabi/10.2.0/../../../../arm-none-eabi/lib/thumb/v7e-m/nofp/libc.a(lib_a-vfprintf.o)
                              /usr/local/NXP/S32DS.3.6.3/S32DS/build_tools/gcc_v10.2/gcc-10.2-arm32-eabi/bin/../lib/gcc/arm-none-eabi/10.2.0/../../../../arm-none-eabi/lib/thumb/v7e-m/nofp/libc.a(lib_a-printf.o) (_vfprintf_r)
/usr/local/NXP/S32DS.3.6.3/S32DS/build_tools/gcc_v10.2/gcc-10.2-arm32-eabi/bin/../lib/gcc/arm-none-eabi/10.2.0/../../../../arm-none-eabi/lib/thumb/v7e-m/nofp/libc.a(lib_a-wsetup.o)
                              /usr/local/NXP/S32DS.3.6.3/S32DS/build_tools/gcc_v10.2/gcc-10.2-arm32-eabi/bin/../lib/gcc/arm-none-eabi/10.2.0/../../../../arm-none-eabi/lib/thumb/v7e-m/nofp/libc.a(lib_a-vfprintf.o) (__swsetup_r)
/usr/local/NXP/S32DS.3.6.3/S32DS/build_tools/gcc_v10.2/gcc-10.2-arm32-eabi/bin/../lib/gcc/arm-none-eabi/10.2.0/../../../../arm-none-eabi/lib/thumb/v7e-m/nofp/libc.a(lib_a-__call_atexit.o)
                              /usr/local/NXP/S32DS.3.6.3/S32DS/build_tools/gcc_v10.2/gcc-10.2-arm32-eabi/bin/../lib/gcc/arm-none-eabi/10.2.0/../../../../arm-none-eabi/lib/thumb/v7e-m/nofp/libc.a(lib_a-exit.o) (__call_exitprocs)
/usr/local/NXP/S32DS.3.6.3/S32DS/build_tools/gcc_v10.2/gcc-10.2-arm32-eabi/bin/../lib/gcc/arm-none-eabi/10.2.0/../../../../arm-none-eabi/lib/thumb/v7e-m/nofp/libc.a(lib_a-dtoa.o)
                              /usr/local/NXP/S32DS.3.6.3/S32DS/build_tools/gcc_v10.2/gcc-10.2-arm32-eabi/bin/../lib/gcc/arm-none-eabi/10.2.0/../../../../arm-none-eabi/lib/thumb/v7e-m/nofp/libc.a(lib_a-vfprintf.o) (_dtoa_r)
/usr/local/NXP/S32DS.3.6.3/S32DS/build_tools/gcc_v10.2/gcc-10.2-arm32-eabi/bin/../lib/gcc/arm-none-eabi/10.2.0/../../../../arm-none-eabi/lib/thumb/v7e-m/nofp/libc.a(lib_a-fflush.o)
                              /usr/local/NXP/S32DS.3.6.3/S32DS/build_tools/gcc_v10.2/gcc-10.2-arm32-eabi/bin/../lib/gcc/arm-none-eabi/10.2.0/../../../../arm-none-eabi/lib/thumb/v7e-m/nofp/libc.a(lib_a-vfprintf.o) (_fflush_r)
/usr/local/NXP/S32DS.3.6.3/S32DS/build_tools/gcc_v10.2/gcc-10.2-arm32-eabi/bin/../lib/gcc/arm-none-eabi/10.2.0/../../../../arm-none-eabi/lib/thumb/v7e-m/nofp/libc.a(lib_a-findfp.o)
                              /usr/local/NXP/S32DS.3.6.3/S32DS/build_tools/gcc_v10.2/gcc-10.2-arm32-eabi/bin/../lib/gcc/arm-none-eabi/10.2.0/../../../../arm-none-eabi/lib/thumb/v7e-m/nofp/libc.a(lib_a-vfprintf.o) (__sinit)
/usr/local/NXP/S32DS.3.6.3/S32DS/build_tools/gcc_v10.2/gcc-10.2-arm32-eabi/bin/../lib/gcc/arm-none-eabi/10.2.0/../../../../arm-none-eabi/lib/thumb/v7e-m/nofp/libc.a(lib_a-fini.o)
                              /usr/local/NXP/S32DS.3.6.3/S32DS/build_tools/gcc_v10.2/gcc-10.2-arm32-eabi/bin/../lib/gcc/arm-none-eabi/10.2.0/../../../../arm-none-eabi/lib/thumb/v7e-m/nofp/libc.a(lib_a-__call_atexit.o) (__libc_fini_array)
/usr/local/NXP/S32DS.3.6.3/S32DS/build_tools/gcc_v10.2/gcc-10.2-arm32-eabi/bin/../lib/gcc/arm-none-eabi/10.2.0/../../../../arm-none-eabi/lib/thumb/v7e-m/nofp/libc.a(lib_a-freer.o)
[...]
Memory Configuration

Name             Origin             Length             Attributes
m_interrupts     0x0000000000000000 0x0000000000000400 xr
m_flash_config   0x0000000000000400 0x0000000000000010 xr
m_text           0x0000000000000410 0x000000000007fbf0 xr
m_data           0x000000001fff8000 0x0000000000008000 rw
m_data_2         0x0000000020000000 0x0000000000007000 rw
*default*        0x0000000000000000 0xffffffffffffffff

Linker script and memory map

LOAD /usr/local/NXP/S32DS.3.6.3/S32DS/build_tools/gcc_v10.2/gcc-10.2-arm32-eabi/bin/../lib/gcc/arm-none-eabi/10.2.0/thumb/v7e-m/nofp/crti.o
LOAD /usr/local/NXP/S32DS.3.6.3/S32DS/build_tools/gcc_v10.2/gcc-10.2-arm32-eabi/bin/../lib/gcc/arm-none-eabi/10.2.0/thumb/v7e-m/nofp/crtbegin.o
LOAD /usr/local/NXP/S32DS.3.6.3/S32DS/build_tools/gcc_v10.2/gcc-10.2-arm32-eabi/bin/../lib/gcc/arm-none-eabi/10.2.0/../../../../arm-none-eabi/lib/thumb/v7e-m/nofp/rdimon-crt0.o
LOAD ./Project_Settings/Startup_Code/startup.o
LOAD ./Project_Settings/Startup_Code/startup_S32K144.o
LOAD ./Project_Settings/Startup_Code/system_S32K144.o
LOAD ./src/driver_gpio.o
LOAD ./src/driver_port.o
LOAD ./src/main.o
START GROUP
LOAD /usr/local/NXP/S32DS.3.6.3/S32DS/build_tools/gcc_v10.2/gcc-10.2-arm32-eabi/bin/../lib/gcc/arm-none-eabi/10.2.0/thumb/v7e-m/nofp/libgcc.a
LOAD /usr/local/NXP/S32DS.3.6.3/S32DS/build_tools/gcc_v10.2/gcc-10.2-arm32-eabi/bin/../lib/gcc/arm-none-eabi/10.2.0/../../../../arm-none-eabi/lib/thumb/v7e-m/nofp/libc.a
END GROUP
START GROUP
LOAD /usr/local/NXP/S32DS.3.6.3/S32DS/build_tools/gcc_v10.2/gcc-10.2-arm32-eabi/bin/../lib/gcc/arm-none-eabi/10.2.0/thumb/v7e-m/nofp/libgcc.a
LOAD /usr/local/NXP/S32DS.3.6.3/S32DS/build_tools/gcc_v10.2/gcc-10.2-arm32-eabi/bin/../lib/gcc/arm-none-eabi/10.2.0/../../../../arm-none-eabi/lib/thumb/v7e-m/nofp/libc.a
LOAD /usr/local/NXP/S32DS.3.6.3/S32DS/build_tools/gcc_v10.2/gcc-10.2-arm32-eabi/bin/../lib/gcc/arm-none-eabi/10.2.0/../../../../arm-none-eabi/lib/thumb/v7e-m/nofp/librdimon.a
END GROUP
LOAD /usr/local/NXP/S32DS.3.6.3/S32DS/build_tools/gcc_v10.2/gcc-10.2-arm32-eabi/bin/../lib/gcc/arm-none-eabi/10.2.0/thumb/v7e-m/nofp/crtend.o
LOAD /usr/local/NXP/S32DS.3.6.3/S32DS/build_tools/gcc_v10.2/gcc-10.2-arm32-eabi/bin/../lib/gcc/arm-none-eabi/10.2.0/thumb/v7e-m/nofp/crtn.o
                0x0000000000000400                HEAP_SIZE = DEFINED (__heap_size__)?__heap_size__:0x400
                0x0000000000000400                STACK_SIZE = DEFINED (__stack_size__)?__stack_size__:0x400
                0x0000000000000400                M_VECTOR_RAM_SIZE = DEFINED (__flash_vector_table__)?0x0:0x400

.interrupts     0x0000000000000000      0x400
                0x0000000000000000                __VECTOR_TABLE = .
                0x0000000000000000                __interrupts_start__ = .
                0x0000000000000000                . = ALIGN (0x4)
 *(.isr_vector)
 .isr_vector    0x0000000000000000      0x400 ./Project_Settings/Startup_Code/startup_S32K144.o
                0x0000000000000000                __isr_vector
                0x0000000000000400                __interrupts_end__ = .
                0x0000000000000400                . = ALIGN (0x4)

.flash_config   0x0000000000000400       0x10
                0x0000000000000400                . = ALIGN (0x4)
 *(.FlashConfig)
 .FlashConfig   0x0000000000000400       0x10 ./Project_Settings/Startup_Code/startup_S32K144.o
                0x0000000000000410                . = ALIGN (0x4)

.text           0x0000000000000410     0x6724
                0x0000000000000410                . = ALIGN (0x4)
 *(.text)
 .text          0x0000000000000410       0x88 /usr/local/NXP/S32DS.3.6.3/S32DS/build_tools/gcc_v10.2/gcc-10.2-arm32-eabi/bin/../lib/gcc/arm-none-eabi/10.2.0/thumb/v7e-m/nofp/crtbegin.o
 .text          0x0000000000000498       0xf8 /usr/local/NXP/S32DS.3.6.3/S32DS/build_tools/gcc_v10.2/gcc-10.2-arm32-eabi/bin/../lib/gcc/arm-none-eabi/10.2.0/../../../../arm-none-eabi/lib/thumb/v7e-m/nofp/rdimon-crt0.o
                0x0000000000000498                _stack_init
                0x00000000000004a4                _mainCRTStartup
                0x00000000000004a4                _start
 .text          0x0000000000000590       0x6c ./Project_Settings/Startup_Code/startup_S32K144.o
                0x0000000000000590                Reset_Handler
                0x00000000000005f8                Reserved54_IRQHandler
                0x00000000000005f8                DebugMon_Handler
                0x00000000000005f8                Reserved88_IRQHandler
                0x00000000000005f8                CAN0_ORed_IRQHandler
                0x00000000000005f8                HardFault_Handler
                0x00000000000005f8                Reserved86_IRQHandler
                0x00000000000005f8                Reserved103_IRQHandler
                0x00000000000005f8                SysTick_Handler
                0x00000000000005f8                FTM2_Ovf_Reload_IRQHandler
                0x00000000000005f8                Reserved50_IRQHandler
                0x00000000000005f8                FTFC_Fault_IRQHandler
                0x00000000000005f8                FTM0_Ch6_Ch7_IRQHandler
                0x00000000000005f8                Reserved114_IRQHandler
                0x00000000000005f8                PendSV_Handler
                0x00000000000005f8                NMI_Handler
                0x00000000000005f8                Reserved89_IRQHandler
                0x00000000000005f8                ERM_double_fault_IRQHandler
                0x00000000000005f8                DMA2_IRQHandler
                0x00000000000005f8                Reserved59_IRQHandler
                0x00000000000005f8                LPIT0_Ch0_IRQHandler
                0x00000000000005f8                Reserved99_IRQHandler
                0x00000000000005f8                FTM3_Ch6_Ch7_IRQHandler
                0x00000000000005f8                CAN2_ORed_0_15_MB_IRQHandler
                0x00000000000005f8                LPIT0_Ch3_IRQHandler
                0x00000000000005f8                Reserved92_IRQHandler
                0x00000000000005f8                FTM0_Ch4_Ch5_IRQHandler
                0x00000000000005f8                CAN1_Error_IRQHandler
                0x00000000000005f8                FTM3_Ch0_Ch1_IRQHandler
                0x00000000000005f8                SWI_IRQHandler
                0x00000000000005f8                ADC0_IRQHandler
                0x00000000000005f8                FTM2_Ch4_Ch5_IRQHandler
                0x00000000000005f8                UsageFault_Handler
                0x00000000000005f8                FTM0_Ovf_Reload_IRQHandler
                0x00000000000005f8                DefaultISR
                0x00000000000005f8                DMA9_IRQHandler
                0x00000000000005f8                Reserved58_IRQHandler
                0x00000000000005f8                CAN1_ORed_0_15_MB_IRQHandler
                0x00000000000005f8                FTM1_Ch2_Ch3_IRQHandler
                0x00000000000005f8                DMA14_IRQHandler
                0x00000000000005f8                Reserved82_IRQHandler
                0x00000000000005f8                CAN0_ORed_16_31_MB_IRQHandler
                0x00000000000005f8                LPI2C0_Slave_IRQHandler
                0x00000000000005f8                Reserved71_IRQHandler
                0x00000000000005f8                Reserved69_IRQHandler
                0x00000000000005f8                Reserved70_IRQHandler
                0x00000000000005f8                ADC1_IRQHandler
                0x00000000000005f8                FTM2_Ch2_Ch3_IRQHandler
                0x00000000000005f8                Reserved53_IRQHandler
                0x00000000000005f8                DMA5_IRQHandler
                0x00000000000005f8                RTC_IRQHandler
                0x00000000000005f8                PDB0_IRQHandler
                0x00000000000005f8                FTM2_Ch6_Ch7_IRQHandler
                0x00000000000005f8                FTM3_Ch2_Ch3_IRQHandler
                0x00000000000005f8                FTM2_Ch0_Ch1_IRQHandler
                0x00000000000005f8                LPSPI1_IRQHandler
                0x00000000000005f8                LPUART1_RxTx_IRQHandler
                0x00000000000005f8                RTC_Seconds_IRQHandler
                0x00000000000005f8                CAN2_ORed_IRQHandler
                0x00000000000005f8                Reserved72_IRQHandler
                0x00000000000005f8                Reserved110_IRQHandler
                0x00000000000005f8                DMA11_IRQHandler
                0x00000000000005f8                Reserved107_IRQHandler
                0x00000000000005f8                Read_Collision_IRQHandler
                0x00000000000005f8                CAN2_Error_IRQHandler
                0x00000000000005f8                FTFC_IRQHandler
                0x00000000000005f8                DMA7_IRQHandler
                0x00000000000005f8                FTM1_Ch6_Ch7_IRQHandler
                0x00000000000005f8                Reserved105_IRQHandler
                0x00000000000005f8                LPIT0_Ch1_IRQHandler
                0x00000000000005f8                FTM1_Ch4_Ch5_IRQHandler
                0x00000000000005f8                FTM3_Ovf_Reload_IRQHandler
                0x00000000000005f8                LPUART2_RxTx_IRQHandler
                0x00000000000005f8                LPSPI0_IRQHandler
                0x00000000000005f8                WDOG_EWM_IRQHandler
                0x00000000000005f8                MemManage_Handler
                0x00000000000005f8                Reserved90_IRQHandler
                0x00000000000005f8                Reserved83_IRQHandler
                0x00000000000005f8                FTM0_Fault_IRQHandler
                0x00000000000005f8                Reserved48_IRQHandler
                0x00000000000005f8                SVC_Handler
                0x00000000000005f8                ERM_single_fault_IRQHandler
                0x00000000000005f8                FTM2_Fault_IRQHandler
                0x00000000000005f8                FTM0_Ch2_Ch3_IRQHandler
                0x00000000000005f8                DMA13_IRQHandler
                0x00000000000005f8                FTM0_Ch0_Ch1_IRQHandler
                0x00000000000005f8                FTM3_Fault_IRQHandler
                0x00000000000005f8                RCM_IRQHandler
                0x00000000000005f8                DMA3_IRQHandler
                0x00000000000005f8                Reserved100_IRQHandler
                0x00000000000005f8                DMA0_IRQHandler
                0x00000000000005f8                Reserved91_IRQHandler
                0x00000000000005f8                CAN1_ORed_IRQHandler
                0x00000000000005f8                DMA15_IRQHandler
                0x00000000000005f8                SCG_IRQHandler
                0x00000000000005f8                PDB1_IRQHandler
                0x00000000000005f8                Reserved81_IRQHandler
                0x00000000000005f8                Reserved46_IRQHandler
                0x00000000000005f8                Reserved45_IRQHandler
                0x00000000000005f8                CAN0_Error_IRQHandler
                0x00000000000005f8                Reserved112_IRQHandler
                0x00000000000005f8                LPI2C0_Master_IRQHandler
                0x00000000000005f8                DMA4_IRQHandler
                0x00000000000005f8                FTM1_Fault_IRQHandler
                0x00000000000005f8                Reserved106_IRQHandler
                0x00000000000005f8                DMA_Error_IRQHandler
                0x00000000000005f8                LVD_LVW_IRQHandler
                0x00000000000005f8                LPIT0_Ch2_IRQHandler
                0x00000000000005f8                MCM_IRQHandler
                0x00000000000005f8                LPSPI2_IRQHandler
                0x00000000000005f8                DMA12_IRQHandler
                0x00000000000005f8                FTM3_Ch4_Ch5_IRQHandler
                0x00000000000005f8                CAN0_ORed_0_15_MB_IRQHandler
                0x00000000000005f8                LPUART0_RxTx_IRQHandler
                0x00000000000005f8                LPTMR0_IRQHandler
                0x00000000000005f8                BusFault_Handler
                0x00000000000005f8                Reserved87_IRQHandler
                0x00000000000005f8                FTM1_Ovf_Reload_IRQHandler
                0x00000000000005f8                DMA8_IRQHandler
                0x00000000000005f8                Reserved93_IRQHandler
                0x00000000000005f8                DMA10_IRQHandler
                0x00000000000005f8                CAN0_Wake_Up_IRQHandler
                0x00000000000005f8                CMP0_IRQHandler
                0x00000000000005f8                Reserved52_IRQHandler
                0x00000000000005f8                DMA6_IRQHandler
                0x00000000000005f8                FTM1_Ch0_Ch1_IRQHandler
                0x00000000000005f8                FLEXIO_IRQHandler
                0x00000000000005f8                DMA1_IRQHandler
                0x00000000000005f8                Reserved113_IRQHandler
 *fill*         0x00000000000005fc        0x4 
 .text          0x0000000000000600       0xa0 /usr/local/NXP/S32DS.3.6.3/S32DS/build_tools/gcc_v10.2/gcc-10.2-arm32-eabi/bin/../lib/gcc/arm-none-eabi/10.2.0/../../../../arm-none-eabi/lib/thumb/v7e-m/nofp/libc.a(lib_a-memchr.o)
                0x0000000000000600                memchr
 .text          0x00000000000006a0       0x10 /usr/local/NXP/S32DS.3.6.3/S32DS/build_tools/gcc_v10.2/gcc-10.2-arm32-eabi/bin/../lib/gcc/arm-none-eabi/10.2.0/../../../../arm-none-eabi/lib/thumb/v7e-m/nofp/libc.a(lib_a-strlen.o)
                0x00000000000006a0                strlen
 .text          0x00000000000006b0      0x378 /usr/local/NXP/S32DS.3.6.3/S32DS/build_tools/gcc_v10.2/gcc-10.2-arm32-eabi/bin/../lib/gcc/arm-none-eabi/10.2.0/thumb/v7e-m/nofp/libgcc.a(_arm_addsubdf3.o)
                0x00000000000006b0                __aeabi_drsub
                0x00000000000006b8                __aeabi_dsub
                0x00000000000006b8                __subdf3
                0x00000000000006bc                __adddf3
                0x00000000000006bc                __aeabi_dadd
                0x0000000000000934                __aeabi_ui2d
                0x0000000000000934                __floatunsidf
                0x0000000000000954                __floatsidf
                0x0000000000000954                __aeabi_i2d
                0x0000000000000978                __extendsfdf2
                0x0000000000000978                __aeabi_f2d
                0x00000000000009bc                __aeabi_ul2d
                0x00000000000009bc                __floatundidf
                0x00000000000009cc                __floatdidf
                0x00000000000009cc                __aeabi_l2d
 .text          0x0000000000000a28      0x424 /usr/local/NXP/S32DS.3.6.3/S32DS/build_tools/gcc_v10.2/gcc-10.2-arm32-eabi/bin/../lib/gcc/arm-none-eabi/10.2.0/thumb/v7e-m/nofp/libgcc.a(_arm_muldivdf3.o)
                0x0000000000000a28                __aeabi_dmul
                0x0000000000000a28                __muldf3
                0x0000000000000c7c                __aeabi_ddiv
                0x0000000000000c7c                __divdf3
 .text          0x0000000000000e4c      0x110 /usr/local/NXP/S32DS.3.6.3/S32DS/build_tools/gcc_v10.2/gcc-10.2-arm32-eabi/bin/../lib/gcc/arm-none-eabi/10.2.0/thumb/v7e-m/nofp/libgcc.a(_arm_cmpdf2.o)
                0x0000000000000e4c                __gtdf2
                0x0000000000000e4c                __gedf2
                0x0000000000000e54                __ltdf2
                0x0000000000000e54                __ledf2
                0x0000000000000e5c                __cmpdf2
                0x0000000000000e5c                __eqdf2
                0x0000000000000e5c                __nedf2
                0x0000000000000ed8                __aeabi_cdrcmple
                0x0000000000000ee8                __aeabi_cdcmple
                0x0000000000000ee8                __aeabi_cdcmpeq
                0x0000000000000ef8                __aeabi_dcmpeq
                0x0000000000000f0c                __aeabi_dcmplt
                0x0000000000000f20                __aeabi_dcmple
                0x0000000000000f34                __aeabi_dcmpge
                0x0000000000000f48                __aeabi_dcmpgt
 .text          0x0000000000000f5c       0x2c /usr/local/NXP/S32DS.3.6.3/S32DS/build_tools/gcc_v10.2/gcc-10.2-arm32-eabi/bin/../lib/gcc/arm-none-eabi/10.2.0/thumb/v7e-m/nofp/libgcc.a(_arm_unorddf2.o)
                0x0000000000000f5c                __aeabi_dcmpun
                0x0000000000000f5c                __unorddf2
 .text          0x0000000000000f88       0x50 /usr/local/NXP/S32DS.3.6.3/S32DS/build_tools/gcc_v10.2/gcc-10.2-arm32-eabi/bin/../lib/gcc/arm-none-eabi/10.2.0/thumb/v7e-m/nofp/libgcc.a(_arm_fixdfsi.o)
                0x0000000000000f88                __fixdfsi
                0x0000000000000f88                __aeabi_d2iz
 .text          0x0000000000000fd8       0x30 /usr/local/NXP/S32DS.3.6.3/S32DS/build_tools/gcc_v10.2/gcc-10.2-arm32-eabi/bin/../lib/gcc/arm-none-eabi/10.2.0/thumb/v7e-m/nofp/libgcc.a(_aeabi_uldivmod.o)
                0x0000000000000fd8                __aeabi_uldivmod
 .text          0x0000000000001008      0x2d8 /usr/local/NXP/S32DS.3.6.3/S32DS/build_tools/gcc_v10.2/gcc-10.2-arm32-eabi/bin/../lib/gcc/arm-none-eabi/10.2.0/thumb/v7e-m/nofp/libgcc.a(_udivmoddi4.o)
                0x0000000000001008                __udivmoddi4
 .text          0x00000000000012e0        0x4 /usr/local/NXP/S32DS.3.6.3/S32DS/build_tools/gcc_v10.2/gcc-10.2-arm32-eabi/bin/../lib/gcc/arm-none-eabi/10.2.0/thumb/v7e-m/nofp/libgcc.a(_dvmd_tls.o)
                0x00000000000012e0                __aeabi_ldiv0
                0x00000000000012e0                __aeabi_idiv0
 *(.text*)
 .text.init_data_bss
                0x00000000000012e4      0x128 ./Project_Settings/Startup_Code/startup.o
                0x00000000000012e4                init_data_bss
 .text.SystemInit
                0x000000000000140c       0x30 ./Project_Settings/Startup_Code/system_S32K144.o
                0x000000000000140c                SystemInit
 .text.get_gpio_base
                0x000000000000143c       0x60 ./src/driver_gpio.o
 .text.ARM_GPIO_Setup
                0x000000000000149c       0x70 ./src/driver_gpio.o
 .text.ARM_GPIO_SetDirection
                0x000000000000150c       0x90 ./src/driver_gpio.o
 .text.ARM_GPIO_SetOutputMode
                0x000000000000159c       0x18 ./src/driver_gpio.o
 .text.ARM_GPIO_SetPullResistor
                0x00000000000015b4       0x70 ./src/driver_gpio.o
 .text.ARM_GPIO_SetEventTrigger
                0x0000000000001624       0x8c ./src/driver_gpio.o
 .text.ARM_GPIO_SetOutput
                0x00000000000016b0       0x68 ./src/driver_gpio.o
 .text.ARM_GPIO_GetInput
                0x0000000000001718       0x58 ./src/driver_gpio.o
 .text.Button_Event
                0x0000000000001770       0x68 ./src/driver_gpio.o
                0x0000000000001770                Button_Event
 .text.__NVIC_EnableIRQ
                0x00000000000017d8       0x38 ./src/driver_port.o
 .text.__NVIC_ClearPendingIRQ
                0x0000000000001810       0x3c ./src/driver_port.o
 .text.__NVIC_SetPriority
                0x000000000000184c       0x54 ./src/driver_port.o
 .text.get_pcc_index
                0x00000000000018a0       0x4c ./src/driver_port.o
 .text.get_port_base
                0x00000000000018ec       0x60 ./src/driver_port.o
 .text.DRIVER_PORT_EnableClock
                0x000000000000194c       0x54 ./src/driver_port.o
                0x000000000000194c                DRIVER_PORT_EnableClock
 .text.DRIVER_PORT_PinMux
                0x00000000000019a0       0x42 ./src/driver_port.o
                0x00000000000019a0                DRIVER_PORT_PinMux
 .text.DRIVER_PORT_PullConfig
                0x00000000000019e2       0x90 ./src/driver_port.o
                0x00000000000019e2                DRIVER_PORT_PullConfig
 *fill*         0x0000000000001a72        0x2 
 .text.DRIVER_PORT_RegisterCallback
                0x0000000000001a74       0x24 ./src/driver_port.o
                0x0000000000001a74                DRIVER_PORT_RegisterCallback
 .text.DRIVER_PORT_PinInterruptConfig
                0x0000000000001a98       0xb0 ./src/driver_port.o
                0x0000000000001a98                DRIVER_PORT_PinInterruptConfig
 .text.DRIVER_PORT_ClearInterruptFlag
                0x0000000000001b48       0x2e ./src/driver_port.o
                0x0000000000001b48                DRIVER_PORT_ClearInterruptFlag
 *fill*         0x0000000000001b76        0x2 
 .text.PORTA_IRQHandler
                0x0000000000001b78       0x5c ./src/driver_port.o
                0x0000000000001b78                PORTA_IRQHandler
 .text.PORTB_IRQHandler
                0x0000000000001bd4       0x5c ./src/driver_port.o
                0x0000000000001bd4                PORTB_IRQHandler
 .text.PORTC_IRQHandler
                0x0000000000001c30       0x5c ./src/driver_port.o
                0x0000000000001c30                PORTC_IRQHandler
 .text.PORTD_IRQHandler
                0x0000000000001c8c       0x5c ./src/driver_port.o
                0x0000000000001c8c                PORTD_IRQHandler
 .text.PORTE_IRQHandler
                0x0000000000001ce8       0x5c ./src/driver_port.o
                0x0000000000001ce8                PORTE_IRQHandler
 .text.main     0x0000000000001d44       0xb0 ./src/main.o
                0x0000000000001d44                main
 .text.exit     0x0000000000001df4       0x20 /usr/local/NXP/S32DS.3.6.3/S32DS/build_tools/gcc_v10.2/gcc-10.2-arm32-eabi/bin/../lib/gcc/arm-none-eabi/10.2.0/../../../../arm-none-eabi/lib/thumb/v7e-m/nofp/libc.a(lib_a-exit.o)
                0x0000000000001df4                exit
 .text.__libc_init_array
                0x0000000000001e14       0x48 /usr/local/NXP/S32DS.3.6.3/S32DS/build_tools/gcc_v10.2/gcc-10.2-arm32-eabi/bin/../lib/gcc/arm-none-eabi/10.2.0/../../../../arm-none-eabi/lib/thumb/v7e-m/nofp/libc.a(lib_a-init.o)
                0x0000000000001e14                __libc_init_array
 .text.memset   0x0000000000001e5c       0x10 /usr/local/NXP/S32DS.3.6.3/S32DS/build_tools/gcc_v10.2/gcc-10.2-arm32-eabi/bin/../lib/gcc/arm-none-eabi/10.2.0/../../../../arm-none-eabi/lib/thumb/v7e-m/nofp/libc.a(lib_a-memset.o)
                0x0000000000001e5c                memset
 .text.printf   0x0000000000001e6c       0x24 /usr/local/NXP/S32DS.3.6.3/S32DS/build_tools/gcc_v10.2/gcc-10.2-arm32-eabi/bin/../lib/gcc/arm-none-eabi/10.2.0/../../../../arm-none-eabi/lib/thumb/v7e-m/nofp/libc.a(lib_a-printf.o)
                0x0000000000001e6c                printf
 .text._vfprintf_r
                0x0000000000001e90      0xfdc /usr/local/NXP/S32DS.3.6.3/S32DS/build_tools/gcc_v10.2/gcc-10.2-arm32-eabi/bin/../lib/gcc/arm-none-eabi/10.2.0/../../../../arm-none-eabi/lib/thumb/v7e-m/nofp/libc.a(lib_a-vfprintf.o)
                0x0000000000001e90                _vfprintf_r
 .text.__sbprintf
                0x0000000000002e6c       0x6c /usr/local/NXP/S32DS.3.6.3/S32DS/build_tools/gcc_v10.2/gcc-10.2-arm32-eabi/bin/../lib/gcc/arm-none-eabi/10.2.0/../../../../arm-none-eabi/lib/thumb/v7e-m/nofp/libc.a(lib_a-vfprintf.o)
 .text.__swsetup_r
                0x0000000000002ed8       0xb0 /usr/local/NXP/S32DS.3.6.3/S32DS/build_tools/gcc_v10.2/gcc-10.2-arm32-eabi/bin/../lib/gcc/arm-none-eabi/10.2.0/../../../../arm-none-eabi/lib/thumb/v7e-m/nofp/libc.a(lib_a-wsetup.o)
                0x0000000000002ed8                __swsetup_r
 .text.startup.register_fini
                0x0000000000002f88       0x14 /usr/local/NXP/S32DS.3.6.3/S32DS/build_tools/gcc_v10.2/gcc-10.2-arm32-eabi/bin/../lib/gcc/arm-none-eabi/10.2.0/../../../../arm-none-eabi/lib/thumb/v7e-m/nofp/libc.a(lib_a-__call_atexit.o)
 .text.__call_exitprocs
                0x0000000000002f9c       0xa4 /usr/local/NXP/S32DS.3.6.3/S32DS/build_tools/gcc_v10.2/gcc-10.2-arm32-eabi/bin/../lib/gcc/arm-none-eabi/10.2.0/../../../../arm-none-eabi/lib/thumb/v7e-m/nofp/libc.a(lib_a-__call_atexit.o)
                0x0000000000002f9c                __call_exitprocs
 .text.quorem   0x0000000000003040      0x10e /usr/local/NXP/S32DS.3.6.3/S32DS/build_tools/gcc_v10.2/gcc-10.2-arm32-eabi/bin/../lib/gcc/arm-none-eabi/10.2.0/../../../../arm-none-eabi/lib/thumb/v7e-m/nofp/libc.a(lib_a-dtoa.o)
 *fill*         0x000000000000314e        0x2 
 .text._dtoa_r  0x0000000000003150      0xb6c /usr/local/NXP/S32DS.3.6.3/S32DS/build_tools/gcc_v10.2/gcc-10.2-arm32-eabi/bin/../lib/gcc/arm-none-eabi/10.2.0/../../../../arm-none-eabi/lib/thumb/v7e-m/nofp/libc.a(lib_a-dtoa.o)
                0x0000000000003150                _dtoa_r
 .text.__sflush_r
                0x0000000000003cbc      0x114 /usr/local/NXP/S32DS.3.6.3/S32DS/build_tools/gcc_v10.2/gcc-10.2-arm32-eabi/bin/../lib/gcc/arm-none-eabi/10.2.0/../../../../arm-none-eabi/lib/thumb/v7e-m/nofp/libc.a(lib_a-fflush.o)
                0x0000000000003cbc                __sflush_r
 .text._fflush_r
                0x0000000000003dd0       0x24 /usr/local/NXP/S32DS.3.6.3/S32DS/build_tools/gcc_v10.2/gcc-10.2-arm32-eabi/bin/../lib/gcc/arm-none-eabi/10.2.0/../../../../arm-none-eabi/lib/thumb/v7e-m/nofp/libc.a(lib_a-fflush.o)
                0x0000000000003dd0                _fflush_r
 .text.std      0x0000000000003df4       0x48 /usr/local/NXP/S32DS.3.6.3/S32DS/build_tools/gcc_v10.2/gcc-10.2-arm32-eabi/bin/../lib/gcc/arm-none-eabi/10.2.0/../../../../arm-none-eabi/lib/thumb/v7e-m/nofp/libc.a(lib_a-findfp.o)
 .text._cleanup_r
                0x0000000000003e3c        0xc /usr/local/NXP/S32DS.3.6.3/S32DS/build_tools/gcc_v10.2/gcc-10.2-arm32-eabi/bin/../lib/gcc/arm-none-eabi/10.2.0/../../../../arm-none-eabi/lib/thumb/v7e-m/nofp/libc.a(lib_a-findfp.o)
                0x0000000000003e3c                _cleanup_r
 .text.__sinit  0x0000000000003e48       0x44 /usr/local/NXP/S32DS.3.6.3/S32DS/build_tools/gcc_v10.2/gcc-10.2-arm32-eabi/bin/../lib/gcc/arm-none-eabi/10.2.0/../../../../arm-none-eabi/lib/thumb/v7e-m/nofp/libc.a(lib_a-findfp.o)
                0x0000000000003e48                __sinit
 .text.__libc_fini_array
                0x0000000000003e8c       0x28 /usr/local/NXP/S32DS.3.6.3/S32DS/build_tools/gcc_v10.2/gcc-10.2-arm32-eabi/bin/../lib/gcc/arm-none-eabi/10.2.0/../../../../arm-none-eabi/lib/thumb/v7e-m/nofp/libc.a(lib_a-fini.o)
                0x0000000000003e8c                __libc_fini_array
 .text._malloc_trim_r
                0x0000000000003eb4       0xa0 /usr/local/NXP/S32DS.3.6.3/S32DS/build_tools/gcc_v10.2/gcc-10.2-arm32-eabi/bin/../lib/gcc/arm-none-eabi/10.2.0/../../../../arm-none-eabi/lib/thumb/v7e-m/nofp/libc.a(lib_a-freer.o)
                0x0000000000003eb4                _malloc_trim_r
 .text._free_r  0x0000000000003f54      0x180 /usr/local/NXP/S32DS.3.6.3/S32DS/build_tools/gcc_v10.2/gcc-10.2-arm32-eabi/bin/../lib/gcc/arm-none-eabi/10.2.0/../../../../arm-none-eabi/lib/thumb/v7e-m/nofp/libc.a(lib_a-freer.o)
                0x0000000000003f54                _free_r
 .text._fwalk_reent
                0x00000000000040d4       0x3e /usr/local/NXP/S32DS.3.6.3/S32DS/build_tools/gcc_v10.2/gcc-10.2-arm32-eabi/bin/../lib/gcc/arm-none-eabi/10.2.0/../../../../arm-none-eabi/lib/thumb/v7e-m/nofp/libc.a(lib_a-fwalk.o)
                0x00000000000040d4                _fwalk_reent
 *fill*         0x0000000000004112        0x2 
 .text._localeconv_r
                0x0000000000004114        0x8 /usr/local/NXP/S32DS.3.6.3/S32DS/build_tools/gcc_v10.2/gcc-10.2-arm32-eabi/bin/../lib/gcc/arm-none-eabi/10.2.0/../../../../arm-none-eabi/lib/thumb/v7e-m/nofp/libc.a(lib_a-localeconv.o)
                0x0000000000004114                _localeconv_r
 .text.__locale_mb_cur_max
                0x000000000000411c        0xc /usr/local/NXP/S32DS.3.6.3/S32DS/build_tools/gcc_v10.2/gcc-10.2-arm32-eabi/bin/../lib/gcc/arm-none-eabi/10.2.0/../../../../arm-none-eabi/lib/thumb/v7e-m/nofp/libc.a(lib_a-locale.o)
                0x000000000000411c                __locale_mb_cur_max
 .text.__swhatbuf_r
                0x0000000000004128       0x58 /usr/local/NXP/S32DS.3.6.3/S32DS/build_tools/gcc_v10.2/gcc-10.2-arm32-eabi/bin/../lib/gcc/arm-none-eabi/10.2.0/../../../../arm-none-eabi/lib/thumb/v7e-m/nofp/libc.a(lib_a-makebuf.o)
                0x0000000000004128                __swhatbuf_r
 .text.__smakebuf_r
                0x0000000000004180       0x80 /usr/local/NXP/S32DS.3.6.3/S32DS/build_tools/gcc_v10.2/gcc-10.2-arm32-eabi/bin/../lib/gcc/arm-none-eabi/10.2.0/../../../../arm-none-eabi/lib/thumb/v7e-m/nofp/libc.a(lib_a-makebuf.o)
                0x0000000000004180                __smakebuf_r
 .text._malloc_r
                0x0000000000004200      0x474 /usr/local/NXP/S32DS.3.6.3/S32DS/build_tools/gcc_v10.2/gcc-10.2-arm32-eabi/bin/../lib/gcc/arm-none-eabi/10.2.0/../../../../arm-none-eabi/lib/thumb/v7e-m/nofp/libc.a(lib_a-mallocr.o)
                0x0000000000004200                _malloc_r
 .text.__ascii_mbtowc
                0x0000000000004674       0x24 /usr/local/NXP/S32DS.3.6.3/S32DS/build_tools/gcc_v10.2/gcc-10.2-arm32-eabi/bin/../lib/gcc/arm-none-eabi/10.2.0/../../../../arm-none-eabi/lib/thumb/v7e-m/nofp/libc.a(lib_a-mbtowc_r.o)
                0x0000000000004674                __ascii_mbtowc
 .text.memcpy   0x0000000000004698       0x1c /usr/local/NXP/S32DS.3.6.3/S32DS/build_tools/gcc_v10.2/gcc-10.2-arm32-eabi/bin/../lib/gcc/arm-none-eabi/10.2.0/../../../../arm-none-eabi/lib/thumb/v7e-m/nofp/libc.a(lib_a-memcpy-stub.o)
                0x0000000000004698                memcpy
 .text.__malloc_lock
                0x00000000000046b4        0x2 /usr/local/NXP/S32DS.3.6.3/S32DS/build_tools/gcc_v10.2/gcc-10.2-arm32-eabi/bin/../lib/gcc/arm-none-eabi/10.2.0/../../../../arm-none-eabi/lib/thumb/v7e-m/nofp/libc.a(lib_a-mlock.o)
                0x00000000000046b4                __malloc_lock
 .text.__malloc_unlock
                0x00000000000046b6        0x2 /usr/local/NXP/S32DS.3.6.3/S32DS/build_tools/gcc_v10.2/gcc-10.2-arm32-eabi/bin/../lib/gcc/arm-none-eabi/10.2.0/../../../../arm-none-eabi/lib/thumb/v7e-m/nofp/libc.a(lib_a-mlock.o)
                0x00000000000046b6                __malloc_unlock
 .text._Balloc  0x00000000000046b8       0x4a /usr/local/NXP/S32DS.3.6.3/S32DS/build_tools/gcc_v10.2/gcc-10.2-arm32-eabi/bin/../lib/gcc/arm-none-eabi/10.2.0/../../../../arm-none-eabi/lib/thumb/v7e-m/nofp/libc.a(lib_a-mprec.o)
                0x00000000000046b8                _Balloc
 .text._Bfree   0x0000000000004702       0x12 /usr/local/NXP/S32DS.3.6.3/S32DS/build_tools/gcc_v10.2/gcc-10.2-arm32-eabi/bin/../lib/gcc/arm-none-eabi/10.2.0/../../../../arm-none-eabi/lib/thumb/v7e-m/nofp/libc.a(lib_a-mprec.o)
                0x0000000000004702                _Bfree
 .text.__multadd
                0x0000000000004714       0x8c /usr/local/NXP/S32DS.3.6.3/S32DS/build_tools/gcc_v10.2/gcc-10.2-arm32-eabi/bin/../lib/gcc/arm-none-eabi/10.2.0/../../../../arm-none-eabi/lib/thumb/v7e-m/nofp/libc.a(lib_a-mprec.o)
                0x0000000000004714                __multadd
 .text.__hi0bits
                0x00000000000047a0       0x40 /usr/local/NXP/S32DS.3.6.3/S32DS/build_tools/gcc_v10.2/gcc-10.2-arm32-eabi/bin/../lib/gcc/arm-none-eabi/10.2.0/../../../../arm-none-eabi/lib/thumb/v7e-m/nofp/libc.a(lib_a-mprec.o)
                0x00000000000047a0                __hi0bits
 .text.__lo0bits
                0x00000000000047e0       0x5a /usr/local/NXP/S32DS.3.6.3/S32DS/build_tools/gcc_v10.2/gcc-10.2-arm32-eabi/bin/../lib/gcc/arm-none-eabi/10.2.0/../../../../arm-none-eabi/lib/thumb/v7e-m/nofp/libc.a(lib_a-mprec.o)
                0x00000000000047e0                __lo0bits
 *fill*         0x000000000000483a        0x2 
 .text.__i2b    0x000000000000483c       0x2c /usr/local/NXP/S32DS.3.6.3/S32DS/build_tools/gcc_v10.2/gcc-10.2-arm32-eabi/bin/../lib/gcc/arm-none-eabi/10.2.0/../../../../arm-none-eabi/lib/thumb/v7e-m/nofp/libc.a(lib_a-mprec.o)
                0x000000000000483c                __i2b
 .text.__multiply
                0x0000000000004868      0x150 /usr/local/NXP/S32DS.3.6.3/S32DS/build_tools/gcc_v10.2/gcc-10.2-arm32-eabi/bin/../lib/gcc/arm-none-eabi/10.2.0/../../../../arm-none-eabi/lib/thumb/v7e-m/nofp/libc.a(lib_a-mprec.o)
                0x0000000000004868                __multiply
 .text.__pow5mult
                0x00000000000049b8       0x80 /usr/local/NXP/S32DS.3.6.3/S32DS/build_tools/gcc_v10.2/gcc-10.2-arm32-eabi/bin/../lib/gcc/arm-none-eabi/10.2.0/../../../../arm-none-eabi/lib/thumb/v7e-m/nofp/libc.a(lib_a-mprec.o)
                0x00000000000049b8                __pow5mult
 .text.__lshift
                0x0000000000004a38       0xe0 /usr/local/NXP/S32DS.3.6.3/S32DS/build_tools/gcc_v10.2/gcc-10.2-arm32-eabi/bin/../lib/gcc/arm-none-eabi/10.2.0/../../../../arm-none-eabi/lib/thumb/v7e-m/nofp/libc.a(lib_a-mprec.o)
                0x0000000000004a38                __lshift
 .text.__mcmp   0x0000000000004b18       0x36 /usr/local/NXP/S32DS.3.6.3/S32DS/build_tools/gcc_v10.2/gcc-10.2-arm32-eabi/bin/../lib/gcc/arm-none-eabi/10.2.0/../../../../arm-none-eabi/lib/thumb/v7e-m/nofp/libc.a(lib_a-mprec.o)
                0x0000000000004b18                __mcmp
 *fill*         0x0000000000004b4e        0x2 
 .text.__mdiff  0x0000000000004b50      0x110 /usr/local/NXP/S32DS.3.6.3/S32DS/build_tools/gcc_v10.2/gcc-10.2-arm32-eabi/bin/../lib/gcc/arm-none-eabi/10.2.0/../../../../arm-none-eabi/lib/thumb/v7e-m/nofp/libc.a(lib_a-mprec.o)
                0x0000000000004b50                __mdiff
 .text.__d2b    0x0000000000004c60       0xb8 /usr/local/NXP/S32DS.3.6.3/S32DS/build_tools/gcc_v10.2/gcc-10.2-arm32-eabi/bin/../lib/gcc/arm-none-eabi/10.2.0/../../../../arm-none-eabi/lib/thumb/v7e-m/nofp/libc.a(lib_a-mprec.o)
                0x0000000000004c60                __d2b
 .text._sbrk_r  0x0000000000004d18       0x20 /usr/local/NXP/S32DS.3.6.3/S32DS/build_tools/gcc_v10.2/gcc-10.2-arm32-eabi/bin/../lib/gcc/arm-none-eabi/10.2.0/../../../../arm-none-eabi/lib/thumb/v7e-m/nofp/libc.a(lib_a-sbrkr.o)
                0x0000000000004d18                _sbrk_r
 .text.__sread  0x0000000000004d38       0x22 /usr/local/NXP/S32DS.3.6.3/S32DS/build_tools/gcc_v10.2/gcc-10.2-arm32-eabi/bin/../lib/gcc/arm-none-eabi/10.2.0/../../../../arm-none-eabi/lib/thumb/v7e-m/nofp/libc.a(lib_a-stdio.o)
                0x0000000000004d38                __sread
 .text.__swrite
                0x0000000000004d5a       0x38 /usr/local/NXP/S32DS.3.6.3/S32DS/build_tools/gcc_v10.2/gcc-10.2-arm32-eabi/bin/../lib/gcc/arm-none-eabi/10.2.0/../../../../arm-none-eabi/lib/thumb/v7e-m/nofp/libc.a(lib_a-stdio.o)
                0x0000000000004d5a                __swrite
 .text.__sseek  0x0000000000004d92       0x24 /usr/local/NXP/S32DS.3.6.3/S32DS/build_tools/gcc_v10.2/gcc-10.2-arm32-eabi/bin/../lib/gcc/arm-none-eabi/10.2.0/../../../../arm-none-eabi/lib/thumb/v7e-m/nofp/libc.a(lib_a-stdio.o)
                0x0000000000004d92                __sseek
 .text.__sclose
                0x0000000000004db6        0x8 /usr/local/NXP/S32DS.3.6.3/S32DS/build_tools/gcc_v10.2/gcc-10.2-arm32-eabi/bin/../lib/gcc/arm-none-eabi/10.2.0/../../../../arm-none-eabi/lib/thumb/v7e-m/nofp/libc.a(lib_a-stdio.o)
                0x0000000000004db6                __sclose
 .text.__sprint_r
                0x0000000000004dbe       0x64 /usr/local/NXP/S32DS.3.6.3/S32DS/build_tools/gcc_v10.2/gcc-10.2-arm32-eabi/bin/../lib/gcc/arm-none-eabi/10.2.0/../../../../arm-none-eabi/lib/thumb/v7e-m/nofp/libc.a(lib_a-vfiprintf.o)
                0x0000000000004dbe                __sprint_r
 *fill*         0x0000000000004e22        0x2 
 .text._vfiprintf_r
                0x0000000000004e24      0x860 /usr/local/NXP/S32DS.3.6.3/S32DS/build_tools/gcc_v10.2/gcc-10.2-arm32-eabi/bin/../lib/gcc/arm-none-eabi/10.2.0/../../../../arm-none-eabi/lib/thumb/v7e-m/nofp/libc.a(lib_a-vfiprintf.o)
                0x0000000000004e24                _vfiprintf_r
 .text.__sbprintf
                0x0000000000005684       0x6c /usr/local/NXP/S32DS.3.6.3/S32DS/build_tools/gcc_v10.2/gcc-10.2-arm32-eabi/bin/../lib/gcc/arm-none-eabi/10.2.0/../../../../arm-none-eabi/lib/thumb/v7e-m/nofp/libc.a(lib_a-vfiprintf.o)
 .text.__ascii_wctomb
                0x00000000000056f0       0x1a /usr/local/NXP/S32DS.3.6.3/S32DS/build_tools/gcc_v10.2/gcc-10.2-arm32-eabi/bin/../lib/gcc/arm-none-eabi/10.2.0/../../../../arm-none-eabi/lib/thumb/v7e-m/nofp/libc.a(lib_a-wctomb_r.o)
                0x00000000000056f0                __ascii_wctomb
 *fill*         0x000000000000570a        0x2 
 .text._write_r
                0x000000000000570c       0x24 /usr/local/NXP/S32DS.3.6.3/S32DS/build_tools/gcc_v10.2/gcc-10.2-arm32-eabi/bin/../lib/gcc/arm-none-eabi/10.2.0/../../../../arm-none-eabi/lib/thumb/v7e-m/nofp/libc.a(lib_a-writer.o)
                0x000000000000570c                _write_r
 .text.__assert_func
                0x0000000000005730       0x3c /usr/local/NXP/S32DS.3.6.3/S32DS/build_tools/gcc_v10.2/gcc-10.2-arm32-eabi/bin/../lib/gcc/arm-none-eabi/10.2.0/../../../../arm-none-eabi/lib/thumb/v7e-m/nofp/libc.a(lib_a-assert.o)
                0x0000000000005730                __assert_func
 .text.atexit   0x000000000000576c        0xc /usr/local/NXP/S32DS.3.6.3/S32DS/build_tools/gcc_v10.2/gcc-10.2-arm32-eabi/bin/../lib/gcc/arm-none-eabi/10.2.0/../../../../arm-none-eabi/lib/thumb/v7e-m/nofp/libc.a(lib_a-atexit.o)
                0x000000000000576c                atexit
 .text._calloc_r
                0x0000000000005778       0x5a /usr/local/NXP/S32DS.3.6.3/S32DS/build_tools/gcc_v10.2/gcc-10.2-arm32-eabi/bin/../lib/gcc/arm-none-eabi/10.2.0/../../../../arm-none-eabi/lib/thumb/v7e-m/nofp/libc.a(lib_a-callocr.o)
                0x0000000000005778                _calloc_r
 *fill*         0x00000000000057d2        0x2 
 .text._close_r
                0x00000000000057d4       0x20 /usr/local/NXP/S32DS.3.6.3/S32DS/build_tools/gcc_v10.2/gcc-10.2-arm32-eabi/bin/../lib/gcc/arm-none-eabi/10.2.0/../../../../arm-none-eabi/lib/thumb/v7e-m/nofp/libc.a(lib_a-closer.o)
                0x00000000000057d4                _close_r
 .text._fclose_r
                0x00000000000057f4       0x74 /usr/local/NXP/S32DS.3.6.3/S32DS/build_tools/gcc_v10.2/gcc-10.2-arm32-eabi/bin/../lib/gcc/arm-none-eabi/10.2.0/../../../../arm-none-eabi/lib/thumb/v7e-m/nofp/libc.a(lib_a-fclose.o)
                0x00000000000057f4                _fclose_r
 .text.fiprintf
                0x0000000000005868       0x24 /usr/local/NXP/S32DS.3.6.3/S32DS/build_tools/gcc_v10.2/gcc-10.2-arm32-eabi/bin/../lib/gcc/arm-none-eabi/10.2.0/../../../../arm-none-eabi/lib/thumb/v7e-m/nofp/libc.a(lib_a-fiprintf.o)
                0x0000000000005868                fiprintf
 .text.__fputwc
                0x000000000000588c       0x82 /usr/local/NXP/S32DS.3.6.3/S32DS/build_tools/gcc_v10.2/gcc-10.2-arm32-eabi/bin/../lib/gcc/arm-none-eabi/10.2.0/../../../../arm-none-eabi/lib/thumb/v7e-m/nofp/libc.a(lib_a-fputwc.o)
                0x000000000000588c                __fputwc
 .text._fputwc_r
                0x000000000000590e       0x1c /usr/local/NXP/S32DS.3.6.3/S32DS/build_tools/gcc_v10.2/gcc-10.2-arm32-eabi/bin/../lib/gcc/arm-none-eabi/10.2.0/../../../../arm-none-eabi/lib/thumb/v7e-m/nofp/libc.a(lib_a-fputwc.o)
                0x000000000000590e                _fputwc_r
 *fill*         0x000000000000592a        0x2 
 .text._fstat_r
                0x000000000000592c       0x24 /usr/local/NXP/S32DS.3.6.3/S32DS/build_tools/gcc_v10.2/gcc-10.2-arm32-eabi/bin/../lib/gcc/arm-none-eabi/10.2.0/../../../../arm-none-eabi/lib/thumb/v7e-m/nofp/libc.a(lib_a-fstatr.o)
                0x000000000000592c                _fstat_r
 .text.__sfvwrite_r
                0x0000000000005950      0x290 /usr/local/NXP/S32DS.3.6.3/S32DS/build_tools/gcc_v10.2/gcc-10.2-arm32-eabi/bin/../lib/gcc/arm-none-eabi/10.2.0/../../../../arm-none-eabi/lib/thumb/v7e-m/nofp/libc.a(lib_a-fvwrite.o)
                0x0000000000005950                __sfvwrite_r
 .text._isatty_r
                0x0000000000005be0       0x20 /usr/local/NXP/S32DS.3.6.3/S32DS/build_tools/gcc_v10.2/gcc-10.2-arm32-eabi/bin/../lib/gcc/arm-none-eabi/10.2.0/../../../../arm-none-eabi/lib/thumb/v7e-m/nofp/libc.a(lib_a-isattyr.o)
                0x0000000000005be0                _isatty_r
 .text._lseek_r
                0x0000000000005c00       0x24 /usr/local/NXP/S32DS.3.6.3/S32DS/build_tools/gcc_v10.2/gcc-10.2-arm32-eabi/bin/../lib/gcc/arm-none-eabi/10.2.0/../../../../arm-none-eabi/lib/thumb/v7e-m/nofp/libc.a(lib_a-lseekr.o)
                0x0000000000005c00                _lseek_r
 .text.memmove  0x0000000000005c24       0x34 /usr/local/NXP/S32DS.3.6.3/S32DS/build_tools/gcc_v10.2/gcc-10.2-arm32-eabi/bin/../lib/gcc/arm-none-eabi/10.2.0/../../../../arm-none-eabi/lib/thumb/v7e-m/nofp/libc.a(lib_a-memmove.o)
                0x0000000000005c24                memmove
 .text._read_r  0x0000000000005c58       0x24 /usr/local/NXP/S32DS.3.6.3/S32DS/build_tools/gcc_v10.2/gcc-10.2-arm32-eabi/bin/../lib/gcc/arm-none-eabi/10.2.0/../../../../arm-none-eabi/lib/thumb/v7e-m/nofp/libc.a(lib_a-readr.o)
                0x0000000000005c58                _read_r
 .text._realloc_r
                0x0000000000005c7c      0x348 /usr/local/NXP/S32DS.3.6.3/S32DS/build_tools/gcc_v10.2/gcc-10.2-arm32-eabi/bin/../lib/gcc/arm-none-eabi/10.2.0/../../../../arm-none-eabi/lib/thumb/v7e-m/nofp/libc.a(lib_a-reallocr.o)
                0x0000000000005c7c                _realloc_r
 .text.__swbuf_r
                0x0000000000005fc4       0x92 /usr/local/NXP/S32DS.3.6.3/S32DS/build_tools/gcc_v10.2/gcc-10.2-arm32-eabi/bin/../lib/gcc/arm-none-eabi/10.2.0/../../../../arm-none-eabi/lib/thumb/v7e-m/nofp/libc.a(lib_a-wbuf.o)
                0x0000000000005fc4                __swbuf_r
 *fill*         0x0000000000006056        0x2 
 .text._wcrtomb_r
                0x0000000000006058       0x2c /usr/local/NXP/S32DS.3.6.3/S32DS/build_tools/gcc_v10.2/gcc-10.2-arm32-eabi/bin/../lib/gcc/arm-none-eabi/10.2.0/../../../../arm-none-eabi/lib/thumb/v7e-m/nofp/libc.a(lib_a-wcrtomb.o)
                0x0000000000006058                _wcrtomb_r
 .text.abort    0x0000000000006084        0xe /usr/local/NXP/S32DS.3.6.3/S32DS/build_tools/gcc_v10.2/gcc-10.2-arm32-eabi/bin/../lib/gcc/arm-none-eabi/10.2.0/../../../../arm-none-eabi/lib/thumb/v7e-m/nofp/libc.a(lib_a-abort.o)
                0x0000000000006084                abort
 *fill*         0x0000000000006092        0x2 
 .text.__register_exitproc
                0x0000000000006094       0x64 /usr/local/NXP/S32DS.3.6.3/S32DS/build_tools/gcc_v10.2/gcc-10.2-arm32-eabi/bin/../lib/gcc/arm-none-eabi/10.2.0/../../../../arm-none-eabi/lib/thumb/v7e-m/nofp/libc.a(lib_a-__atexit.o)
                0x0000000000006094                __register_exitproc
 .text._raise_r
                0x00000000000060f8       0x52 /usr/local/NXP/S32DS.3.6.3/S32DS/build_tools/gcc_v10.2/gcc-10.2-arm32-eabi/bin/../lib/gcc/arm-none-eabi/10.2.0/../../../../arm-none-eabi/lib/thumb/v7e-m/nofp/libc.a(lib_a-signal.o)
                0x00000000000060f8                _raise_r
 *fill*         0x000000000000614a        0x2 
 .text.raise    0x000000000000614c       0x10 /usr/local/NXP/S32DS.3.6.3/S32DS/build_tools/gcc_v10.2/gcc-10.2-arm32-eabi/bin/../lib/gcc/arm-none-eabi/10.2.0/../../../../arm-none-eabi/lib/thumb/v7e-m/nofp/libc.a(lib_a-signal.o)
                0x000000000000614c                raise
 .text._kill_r  0x000000000000615c       0x24 /usr/local/NXP/S32DS.3.6.3/S32DS/build_tools/gcc_v10.2/gcc-10.2-arm32-eabi/bin/../lib/gcc/arm-none-eabi/10.2.0/../../../../arm-none-eabi/lib/thumb/v7e-m/nofp/libc.a(lib_a-signalr.o)
                0x000000000000615c                _kill_r
 .text._getpid_r
                0x0000000000006180        0x4 /usr/local/NXP/S32DS.3.6.3/S32DS/build_tools/gcc_v10.2/gcc-10.2-arm32-eabi/bin/../lib/gcc/arm-none-eabi/10.2.0/../../../../arm-none-eabi/lib/thumb/v7e-m/nofp/libc.a(lib_a-signalr.o)
                0x0000000000006180                _getpid_r
 .text.findslot
                0x0000000000006184       0x34 /usr/local/NXP/S32DS.3.6.3/S32DS/build_tools/gcc_v10.2/gcc-10.2-arm32-eabi/bin/../lib/gcc/arm-none-eabi/10.2.0/../../../../arm-none-eabi/lib/thumb/v7e-m/nofp/librdimon.a(rdimon-syscalls.o)
 .text.error    0x00000000000061b8       0x1c /usr/local/NXP/S32DS.3.6.3/S32DS/build_tools/gcc_v10.2/gcc-10.2-arm32-eabi/bin/../lib/gcc/arm-none-eabi/10.2.0/../../../../arm-none-eabi/lib/thumb/v7e-m/nofp/librdimon.a(rdimon-syscalls.o)
 .text.checkerror
                0x00000000000061d4        0xa /usr/local/NXP/S32DS.3.6.3/S32DS/build_tools/gcc_v10.2/gcc-10.2-arm32-eabi/bin/../lib/gcc/arm-none-eabi/10.2.0/../../../../arm-none-eabi/lib/thumb/v7e-m/nofp/librdimon.a(rdimon-syscalls.o)
 .text._swiread
                0x00000000000061de       0x20 /usr/local/NXP/S32DS.3.6.3/S32DS/build_tools/gcc_v10.2/gcc-10.2-arm32-eabi/bin/../lib/gcc/arm-none-eabi/10.2.0/../../../../arm-none-eabi/lib/thumb/v7e-m/nofp/librdimon.a(rdimon-syscalls.o)
                0x00000000000061de                _swiread
 .text._read    0x00000000000061fe       0x34 /usr/local/NXP/S32DS.3.6.3/S32DS/build_tools/gcc_v10.2/gcc-10.2-arm32-eabi/bin/../lib/gcc/arm-none-eabi/10.2.0/../../../../arm-none-eabi/lib/thumb/v7e-m/nofp/librdimon.a(rdimon-syscalls.o)
                0x00000000000061fe                _read
 .text._swilseek
                0x0000000000006232       0x78 /usr/local/NXP/S32DS.3.6.3/S32DS/build_tools/gcc_v10.2/gcc-10.2-arm32-eabi/bin/../lib/gcc/arm-none-eabi/10.2.0/../../../../arm-none-eabi/lib/thumb/v7e-m/nofp/librdimon.a(rdimon-syscalls.o)
                0x0000000000006232                _swilseek
 .text._lseek   0x00000000000062aa        0x4 /usr/local/NXP/S32DS.3.6.3/S32DS/build_tools/gcc_v10.2/gcc-10.2-arm32-eabi/bin/../lib/gcc/arm-none-eabi/10.2.0/../../../../arm-none-eabi/lib/thumb/v7e-m/nofp/librdimon.a(rdimon-syscalls.o)
                0x00000000000062aa                _lseek
 .text._swiwrite
                0x00000000000062ae       0x20 /usr/local/NXP/S32DS.3.6.3/S32DS/build_tools/gcc_v10.2/gcc-10.2-arm32-eabi/bin/../lib/gcc/arm-none-eabi/10.2.0/../../../../arm-none-eabi/lib/thumb/v7e-m/nofp/librdimon.a(rdimon-syscalls.o)
                0x00000000000062ae                _swiwrite
 .text._write   0x00000000000062ce       0x40 /usr/local/NXP/S32DS.3.6.3/S32DS/build_tools/gcc_v10.2/gcc-10.2-arm32-eabi/bin/../lib/gcc/arm-none-eabi/10.2.0/../../../../arm-none-eabi/lib/thumb/v7e-m/nofp/librdimon.a(rdimon-syscalls.o)
                0x00000000000062ce                _write
 .text._swiclose
                0x000000000000630e       0x1a /usr/local/NXP/S32DS.3.6.3/S32DS/build_tools/gcc_v10.2/gcc-10.2-arm32-eabi/bin/../lib/gcc/arm-none-eabi/10.2.0/../../../../arm-none-eabi/lib/thumb/v7e-m/nofp/librdimon.a(rdimon-syscalls.o)
                0x000000000000630e                _swiclose
 .text._close   0x0000000000006328       0x4c /usr/local/NXP/S32DS.3.6.3/S32DS/build_tools/gcc_v10.2/gcc-10.2-arm32-eabi/bin/../lib/gcc/arm-none-eabi/10.2.0/../../../../arm-none-eabi/lib/thumb/v7e-m/nofp/librdimon.a(rdimon-syscalls.o)
                0x0000000000006328                _close
 .text._getpid  0x0000000000006374        0x4 /usr/local/NXP/S32DS.3.6.3/S32DS/build_tools/gcc_v10.2/gcc-10.2-arm32-eabi/bin/../lib/gcc/arm-none-eabi/10.2.0/../../../../arm-none-eabi/lib/thumb/v7e-m/nofp/librdimon.a(rdimon-syscalls.o)
                0x0000000000006374                _getpid
 .text._sbrk    0x0000000000006378       0x48 /usr/local/NXP/S32DS.3.6.3/S32DS/build_tools/gcc_v10.2/gcc-10.2-arm32-eabi/bin/../lib/gcc/arm-none-eabi/10.2.0/../../../../arm-none-eabi/lib/thumb/v7e-m/nofp/librdimon.a(rdimon-syscalls.o)
                0x0000000000006378                _sbrk
 .text._swistat
                0x00000000000063c0       0x42 /usr/local/NXP/S32DS.3.6.3/S32DS/build_tools/gcc_v10.2/gcc-10.2-arm32-eabi/bin/../lib/gcc/arm-none-eabi/10.2.0/../../../../arm-none-eabi/lib/thumb/v7e-m/nofp/librdimon.a(rdimon-syscalls.o)
                0x00000000000063c0                _swistat
 .text._fstat   0x0000000000006402       0x1c /usr/local/NXP/S32DS.3.6.3/S32DS/build_tools/gcc_v10.2/gcc-10.2-arm32-eabi/bin/../lib/gcc/arm-none-eabi/10.2.0/../../../../arm-none-eabi/lib/thumb/v7e-m/nofp/librdimon.a(rdimon-syscalls.o)
                0x0000000000006402                _fstat
 .text._stat    0x000000000000641e       0x3a /usr/local/NXP/S32DS.3.6.3/S32DS/build_tools/gcc_v10.2/gcc-10.2-arm32-eabi/bin/../lib/gcc/arm-none-eabi/10.2.0/../../../../arm-none-eabi/lib/thumb/v7e-m/nofp/librdimon.a(rdimon-syscalls.o)
                0x000000000000641e                _stat
 .text._swiopen
                0x0000000000006458       0xb4 /usr/local/NXP/S32DS.3.6.3/S32DS/build_tools/gcc_v10.2/gcc-10.2-arm32-eabi/bin/../lib/gcc/arm-none-eabi/10.2.0/../../../../arm-none-eabi/lib/thumb/v7e-m/nofp/librdimon.a(rdimon-syscalls.o)
                0x0000000000006458                _swiopen
 .text._get_semihosting_exts
                0x000000000000650c       0xb8 /usr/local/NXP/S32DS.3.6.3/S32DS/build_tools/gcc_v10.2/gcc-10.2-arm32-eabi/bin/../lib/gcc/arm-none-eabi/10.2.0/../../../../arm-none-eabi/lib/thumb/v7e-m/nofp/librdimon.a(rdimon-syscalls.o)
                0x000000000000650c                _get_semihosting_exts
 .text.initialise_semihosting_exts
                0x00000000000065c4       0x34 /usr/local/NXP/S32DS.3.6.3/S32DS/build_tools/gcc_v10.2/gcc-10.2-arm32-eabi/bin/../lib/gcc/arm-none-eabi/10.2.0/../../../../arm-none-eabi/lib/thumb/v7e-m/nofp/librdimon.a(rdimon-syscalls.o)
 .text._has_ext_exit_extended
                0x00000000000065f8       0x18 /usr/local/NXP/S32DS.3.6.3/S32DS/build_tools/gcc_v10.2/gcc-10.2-arm32-eabi/bin/../lib/gcc/arm-none-eabi/10.2.0/../../../../arm-none-eabi/lib/thumb/v7e-m/nofp/librdimon.a(rdimon-syscalls.o)
                0x00000000000065f8                _has_ext_exit_extended
 .text._has_ext_stdout_stderr
                0x0000000000006610       0x18 /usr/local/NXP/S32DS.3.6.3/S32DS/build_tools/gcc_v10.2/gcc-10.2-arm32-eabi/bin/../lib/gcc/arm-none-eabi/10.2.0/../../../../arm-none-eabi/lib/thumb/v7e-m/nofp/librdimon.a(rdimon-syscalls.o)
                0x0000000000006610                _has_ext_stdout_stderr
 .text.initialise_monitor_handles
                0x0000000000006628       0xc0 /usr/local/NXP/S32DS.3.6.3/S32DS/build_tools/gcc_v10.2/gcc-10.2-arm32-eabi/bin/../lib/gcc/arm-none-eabi/10.2.0/../../../../arm-none-eabi/lib/thumb/v7e-m/nofp/librdimon.a(rdimon-syscalls.o)
                0x0000000000006628                initialise_monitor_handles
 .text._isatty  0x00000000000066e8       0x38 /usr/local/NXP/S32DS.3.6.3/S32DS/build_tools/gcc_v10.2/gcc-10.2-arm32-eabi/bin/../lib/gcc/arm-none-eabi/10.2.0/../../../../arm-none-eabi/lib/thumb/v7e-m/nofp/librdimon.a(rdimon-syscalls.o)
                0x00000000000066e8                _isatty
 .text._exit    0x0000000000006720       0x14 /usr/local/NXP/S32DS.3.6.3/S32DS/build_tools/gcc_v10.2/gcc-10.2-arm32-eabi/bin/../lib/gcc/arm-none-eabi/10.2.0/../../../../arm-none-eabi/lib/thumb/v7e-m/nofp/librdimon.a(rdimon-_exit.o)
                0x0000000000006720                _exit
 .text._kill_shared
                0x0000000000006734       0x26 /usr/local/NXP/S32DS.3.6.3/S32DS/build_tools/gcc_v10.2/gcc-10.2-arm32-eabi/bin/../lib/gcc/arm-none-eabi/10.2.0/../../../../arm-none-eabi/lib/thumb/v7e-m/nofp/librdimon.a(rdimon-_kill.o)
                0x0000000000006734                _kill_shared
 *fill*         0x000000000000675a        0x2 
 .text._kill    0x000000000000675c       0x18 /usr/local/NXP/S32DS.3.6.3/S32DS/build_tools/gcc_v10.2/gcc-10.2-arm32-eabi/bin/../lib/gcc/arm-none-eabi/10.2.0/../../../../arm-none-eabi/lib/thumb/v7e-m/nofp/librdimon.a(rdimon-_kill.o)
                0x000000000000675c                _kill
 .text.__errno  0x0000000000006774        0xc /usr/local/NXP/S32DS.3.6.3/S32DS/build_tools/gcc_v10.2/gcc-10.2-arm32-eabi/bin/../lib/gcc/arm-none-eabi/10.2.0/../../../../arm-none-eabi/lib/thumb/v7e-m/nofp/libc.a(lib_a-errno.o)
                0x0000000000006774                __errno
 *(.rodata)
 .rodata        0x0000000000006780        0x8 ./src/driver_port.o
 *(.rodata*)
 .rodata.pin_table
                0x0000000000006788        0x8 ./src/driver_gpio.o
                0x0000000000006788                pin_table
 .rodata.Driver_GPIO0
                0x0000000000006790       0x1c ./src/driver_gpio.o
                0x0000000000006790                Driver_GPIO0
 .rodata._global_impure_ptr
                0x00000000000067ac        0x4 /usr/local/NXP/S32DS.3.6.3/S32DS/build_tools/gcc_v10.2/gcc-10.2-arm32-eabi/bin/../lib/gcc/arm-none-eabi/10.2.0/../../../../arm-none-eabi/lib/thumb/v7e-m/nofp/libc.a(lib_a-impure.o)
                0x00000000000067ac                _global_impure_ptr
 .rodata._vfprintf_r.str1.1
                0x00000000000067b0       0x34 /usr/local/NXP/S32DS.3.6.3/S32DS/build_tools/gcc_v10.2/gcc-10.2-arm32-eabi/bin/../lib/gcc/arm-none-eabi/10.2.0/../../../../arm-none-eabi/lib/thumb/v7e-m/nofp/libc.a(lib_a-vfprintf.o)
 .rodata.blanks.1
                0x00000000000067e4       0x10 /usr/local/NXP/S32DS.3.6.3/S32DS/build_tools/gcc_v10.2/gcc-10.2-arm32-eabi/bin/../lib/gcc/arm-none-eabi/10.2.0/../../../../arm-none-eabi/lib/thumb/v7e-m/nofp/libc.a(lib_a-vfprintf.o)
 .rodata.zeroes.0
                0x00000000000067f4       0x10 /usr/local/NXP/S32DS.3.6.3/S32DS/build_tools/gcc_v10.2/gcc-10.2-arm32-eabi/bin/../lib/gcc/arm-none-eabi/10.2.0/../../../../arm-none-eabi/lib/thumb/v7e-m/nofp/libc.a(lib_a-vfprintf.o)
 .rodata._dtoa_r.str1.1
                0x0000000000006804       0x5b /usr/local/NXP/S32DS.3.6.3/S32DS/build_tools/gcc_v10.2/gcc-10.2-arm32-eabi/bin/../lib/gcc/arm-none-eabi/10.2.0/../../../../arm-none-eabi/lib/thumb/v7e-m/nofp/libc.a(lib_a-dtoa.o)
                                         0x5d (size before relaxing)
 .rodata._setlocale_r.str1.1
                0x000000000000685f        0x8 /usr/local/NXP/S32DS.3.6.3/S32DS/build_tools/gcc_v10.2/gcc-10.2-arm32-eabi/bin/../lib/gcc/arm-none-eabi/10.2.0/../../../../arm-none-eabi/lib/thumb/v7e-m/nofp/libc.a(lib_a-locale.o)
                                          0x9 (size before relaxing)
 .rodata.str1.1
                0x0000000000006867        0x2 /usr/local/NXP/S32DS.3.6.3/S32DS/build_tools/gcc_v10.2/gcc-10.2-arm32-eabi/bin/../lib/gcc/arm-none-eabi/10.2.0/../../../../arm-none-eabi/lib/thumb/v7e-m/nofp/libc.a(lib_a-locale.o)
 .rodata.__multadd.str1.1
                0x0000000000006869       0x3e /usr/local/NXP/S32DS.3.6.3/S32DS/build_tools/gcc_v10.2/gcc-10.2-arm32-eabi/bin/../lib/gcc/arm-none-eabi/10.2.0/../../../../arm-none-eabi/lib/thumb/v7e-m/nofp/libc.a(lib_a-mprec.o)
                                         0x4f (size before relaxing)
 *fill*         0x00000000000068a7        0x1 
 .rodata.__mprec_bigtens
                0x00000000000068a8       0x28 /usr/local/NXP/S32DS.3.6.3/S32DS/build_tools/gcc_v10.2/gcc-10.2-arm32-eabi/bin/../lib/gcc/arm-none-eabi/10.2.0/../../../../arm-none-eabi/lib/thumb/v7e-m/nofp/libc.a(lib_a-mprec.o)
                0x00000000000068a8                __mprec_bigtens
 .rodata.__mprec_tens
                0x00000000000068d0       0xc8 /usr/local/NXP/S32DS.3.6.3/S32DS/build_tools/gcc_v10.2/gcc-10.2-arm32-eabi/bin/../lib/gcc/arm-none-eabi/10.2.0/../../../../arm-none-eabi/lib/thumb/v7e-m/nofp/libc.a(lib_a-mprec.o)
                0x00000000000068d0                __mprec_tens
 .rodata.p05.0  0x0000000000006998        0xc /usr/local/NXP/S32DS.3.6.3/S32DS/build_tools/gcc_v10.2/gcc-10.2-arm32-eabi/bin/../lib/gcc/arm-none-eabi/10.2.0/../../../../arm-none-eabi/lib/thumb/v7e-m/nofp/libc.a(lib_a-mprec.o)
 .rodata._vfiprintf_r.str1.1
                0x00000000000069a4       0x22 /usr/local/NXP/S32DS.3.6.3/S32DS/build_tools/gcc_v10.2/gcc-10.2-arm32-eabi/bin/../lib/gcc/arm-none-eabi/10.2.0/../../../../arm-none-eabi/lib/thumb/v7e-m/nofp/libc.a(lib_a-vfiprintf.o)
 .rodata.blanks.1
                0x00000000000069a4       0x10 /usr/local/NXP/S32DS.3.6.3/S32DS/build_tools/gcc_v10.2/gcc-10.2-arm32-eabi/bin/../lib/gcc/arm-none-eabi/10.2.0/../../../../arm-none-eabi/lib/thumb/v7e-m/nofp/libc.a(lib_a-vfiprintf.o)
 .rodata.zeroes.0
                0x00000000000069b4       0x10 /usr/local/NXP/S32DS.3.6.3/S32DS/build_tools/gcc_v10.2/gcc-10.2-arm32-eabi/bin/../lib/gcc/arm-none-eabi/10.2.0/../../../../arm-none-eabi/lib/thumb/v7e-m/nofp/libc.a(lib_a-vfiprintf.o)
 .rodata.__assert_func.str1.1
                0x00000000000069c4       0x3c /usr/local/NXP/S32DS.3.6.3/S32DS/build_tools/gcc_v10.2/gcc-10.2-arm32-eabi/bin/../lib/gcc/arm-none-eabi/10.2.0/../../../../arm-none-eabi/lib/thumb/v7e-m/nofp/libc.a(lib_a-assert.o)
                                         0x3d (size before relaxing)
 .rodata._ctype_
                0x0000000000006a00      0x101 /usr/local/NXP/S32DS.3.6.3/S32DS/build_tools/gcc_v10.2/gcc-10.2-arm32-eabi/bin/../lib/gcc/arm-none-eabi/10.2.0/../../../../arm-none-eabi/lib/thumb/v7e-m/nofp/libc.a(lib_a-ctype_.o)
                0x0000000000006a00                _ctype_
 .rodata._get_semihosting_exts.str1.1
                0x0000000000006b01       0x16 /usr/local/NXP/S32DS.3.6.3/S32DS/build_tools/gcc_v10.2/gcc-10.2-arm32-eabi/bin/../lib/gcc/arm-none-eabi/10.2.0/../../../../arm-none-eabi/lib/thumb/v7e-m/nofp/librdimon.a(rdimon-syscalls.o)
 .rodata.initialise_monitor_handles.str1.1
                0x0000000000006b17        0x4 /usr/local/NXP/S32DS.3.6.3/S32DS/build_tools/gcc_v10.2/gcc-10.2-arm32-eabi/bin/../lib/gcc/arm-none-eabi/10.2.0/../../../../arm-none-eabi/lib/thumb/v7e-m/nofp/librdimon.a(rdimon-syscalls.o)
 *(.glue_7)
 .glue_7        0x0000000000006b1b        0x0 linker stubs
 *(.glue_7t)
 .glue_7t       0x0000000000006b1b        0x0 linker stubs
 *(.eh_frame)
 *fill*         0x0000000000006b1b        0x1 
 .eh_frame      0x0000000000006b1c        0x0 /usr/local/NXP/S32DS.3.6.3/S32DS/build_tools/gcc_v10.2/gcc-10.2-arm32-eabi/bin/../lib/gcc/arm-none-eabi/10.2.0/thumb/v7e-m/nofp/crtbegin.o
 *(.init)
 .init          0x0000000000006b1c        0x4 /usr/local/NXP/S32DS.3.6.3/S32DS/build_tools/gcc_v10.2/gcc-10.2-arm32-eabi/bin/../lib/gcc/arm-none-eabi/10.2.0/thumb/v7e-m/nofp/crti.o
                0x0000000000006b1c                _init
 .init          0x0000000000006b20        0x8 /usr/local/NXP/S32DS.3.6.3/S32DS/build_tools/gcc_v10.2/gcc-10.2-arm32-eabi/bin/../lib/gcc/arm-none-eabi/10.2.0/thumb/v7e-m/nofp/crtn.o
 *(.fini)
 .fini          0x0000000000006b28        0x4 /usr/local/NXP/S32DS.3.6.3/S32DS/build_tools/gcc_v10.2/gcc-10.2-arm32-eabi/bin/../lib/gcc/arm-none-eabi/10.2.0/thumb/v7e-m/nofp/crti.o
                0x0000000000006b28                _fini
 .fini          0x0000000000006b2c        0x8 /usr/local/NXP/S32DS.3.6.3/S32DS/build_tools/gcc_v10.2/gcc-10.2-arm32-eabi/bin/../lib/gcc/arm-none-eabi/10.2.0/thumb/v7e-m/nofp/crtn.o
                0x0000000000006b34                . = ALIGN (0x4)

.vfp11_veneer   0x0000000000006b34        0x0
 .vfp11_veneer  0x0000000000006b34        0x0 linker stubs

.v4_bx          0x0000000000006b34        0x0
 .v4_bx         0x0000000000006b34        0x0 linker stubs

.iplt           0x0000000000006b34        0x0
 .iplt          0x0000000000006b34        0x0 /usr/local/NXP/S32DS.3.6.3/S32DS/build_tools/gcc_v10.2/gcc-10.2-arm32-eabi/bin/../lib/gcc/arm-none-eabi/10.2.0/thumb/v7e-m/nofp/crtbegin.o

.ARM.extab
 *(.ARM.extab* .gnu.linkonce.armextab.*)

.ARM            0x0000000000006b34        0x8
                0x0000000000006b34                __exidx_start = .
 *(.ARM.exidx*)
 .ARM.exidx     0x0000000000006b34        0x8 /usr/local/NXP/S32DS.3.6.3/S32DS/build_tools/gcc_v10.2/gcc-10.2-arm32-eabi/bin/../lib/gcc/arm-none-eabi/10.2.0/../../../../arm-none-eabi/lib/thumb/v7e-m/nofp/rdimon-crt0.o
                                         0x10 (size before relaxing)
 .ARM.exidx     0x0000000000006b3c        0x0 /usr/local/NXP/S32DS.3.6.3/S32DS/build_tools/gcc_v10.2/gcc-10.2-arm32-eabi/bin/../lib/gcc/arm-none-eabi/10.2.0/thumb/v7e-m/nofp/libgcc.a(_udivmoddi4.o)
                                          0x8 (size before relaxing)
                0x0000000000006b3c                __exidx_end = .

.rel.dyn        0x0000000000006b3c        0x0
 .rel.iplt      0x0000000000006b3c        0x0 /usr/local/NXP/S32DS.3.6.3/S32DS/build_tools/gcc_v10.2/gcc-10.2-arm32-eabi/bin/../lib/gcc/arm-none-eabi/10.2.0/thumb/v7e-m/nofp/crtbegin.o

.ctors          0x0000000000006b3c        0x0
                0x0000000000006b3c                __CTOR_LIST__ = .
 *crtbegin.o(.ctors)
 *crtbegin?.o(.ctors)
 *(EXCLUDE_FILE(*crtend.o *crtend?.o) .ctors)
 *(SORT_BY_NAME(.ctors.*))
 *(.ctors)
                0x0000000000006b3c                __CTOR_END__ = .

.dtors          0x0000000000006b3c        0x0
                0x0000000000006b3c                __DTOR_LIST__ = .
 *crtbegin.o(.dtors)
 *crtbegin?.o(.dtors)
 *(EXCLUDE_FILE(*crtend.o *crtend?.o) .dtors)
 *(SORT_BY_NAME(.dtors.*))
 *(.dtors)
                0x0000000000006b3c                __DTOR_END__ = .

.preinit_array  0x0000000000006b3c        0x0
                0x0000000000006b3c                PROVIDE (__preinit_array_start = .)
 *(.preinit_array*)
                0x0000000000006b3c                PROVIDE (__preinit_array_end = .)

.init_array     0x0000000000006b3c        0x8
                0x0000000000006b3c                PROVIDE (__init_array_start = .)
 *(SORT_BY_NAME(.init_array.*))
 .init_array.00000
                0x0000000000006b3c        0x4 /usr/local/NXP/S32DS.3.6.3/S32DS/build_tools/gcc_v10.2/gcc-10.2-arm32-eabi/bin/../lib/gcc/arm-none-eabi/10.2.0/../../../../arm-none-eabi/lib/thumb/v7e-m/nofp/libc.a(lib_a-__call_atexit.o)
 *(.init_array*)
 .init_array    0x0000000000006b40        0x4 /usr/local/NXP/S32DS.3.6.3/S32DS/build_tools/gcc_v10.2/gcc-10.2-arm32-eabi/bin/../lib/gcc/arm-none-eabi/10.2.0/thumb/v7e-m/nofp/crtbegin.o
                0x0000000000006b44                PROVIDE (__init_array_end = .)

.fini_array     0x0000000000006b44        0x4
                0x0000000000006b44                PROVIDE (__fini_array_start = .)
 *(SORT_BY_NAME(.fini_array.*))
 *(.fini_array*)
 .fini_array    0x0000000000006b44        0x4 /usr/local/NXP/S32DS.3.6.3/S32DS/build_tools/gcc_v10.2/gcc-10.2-arm32-eabi/bin/../lib/gcc/arm-none-eabi/10.2.0/thumb/v7e-m/nofp/crtbegin.o
                0x0000000000006b48                PROVIDE (__fini_array_end = .)
                0x0000000000006b48                __etext = .
                0x0000000000006b48                __DATA_ROM = .

.interrupts_ram
                0x000000001fff8000      0x400
                0x000000001fff8000                . = ALIGN (0x4)
                0x000000001fff8000                __VECTOR_RAM__ = .
                0x000000001fff8000                __RAM_START = .
                0x000000001fff8000                __interrupts_ram_start__ = .
 *(.m_interrupts_ram)
                0x000000001fff8400                . = (. + M_VECTOR_RAM_SIZE)
 *fill*         0x000000001fff8000      0x400 
                0x000000001fff8400                . = ALIGN (0x4)
                0x000000001fff8400                __interrupts_ram_end__ = .
                0x000000001fff8000                __VECTOR_RAM = DEFINED (__flash_vector_table__)?ORIGIN (m_interrupts):__VECTOR_RAM__
                0x0000000000000400                __RAM_VECTOR_TABLE_SIZE = DEFINED (__flash_vector_table__)?0x0:(__interrupts_ram_end__ - __interrupts_ram_start__)

.data           0x000000001fff8400      0xac0 load address 0x0000000000006b48
                0x000000001fff8400                . = ALIGN (0x4)
                0x000000001fff8400                __DATA_RAM = .
                0x000000001fff8400                __data_start__ = .
 *(.data)
 .data          0x000000001fff8400      0x118 /usr/local/NXP/S32DS.3.6.3/S32DS/build_tools/gcc_v10.2/gcc-10.2-arm32-eabi/bin/../lib/gcc/arm-none-eabi/10.2.0/../../../../arm-none-eabi/lib/thumb/v7e-m/nofp/rdimon-crt0.o
                0x000000001fff8408                __stack_base__
 *(.data*)
 .data._impure_ptr
                0x000000001fff8518        0x4 /usr/local/NXP/S32DS.3.6.3/S32DS/build_tools/gcc_v10.2/gcc-10.2-arm32-eabi/bin/../lib/gcc/arm-none-eabi/10.2.0/../../../../arm-none-eabi/lib/thumb/v7e-m/nofp/libc.a(lib_a-impure.o)
                0x000000001fff8518                _impure_ptr
 *fill*         0x000000001fff851c        0x4 
 .data.impure_data
                0x000000001fff8520      0x418 /usr/local/NXP/S32DS.3.6.3/S32DS/build_tools/gcc_v10.2/gcc-10.2-arm32-eabi/bin/../lib/gcc/arm-none-eabi/10.2.0/../../../../arm-none-eabi/lib/thumb/v7e-m/nofp/libc.a(lib_a-impure.o)
 .data.__global_locale
                0x000000001fff8938      0x16c /usr/local/NXP/S32DS.3.6.3/S32DS/build_tools/gcc_v10.2/gcc-10.2-arm32-eabi/bin/../lib/gcc/arm-none-eabi/10.2.0/../../../../arm-none-eabi/lib/thumb/v7e-m/nofp/libc.a(lib_a-locale.o)
                0x000000001fff8938                __global_locale
 .data.__malloc_av_
                0x000000001fff8aa4      0x408 /usr/local/NXP/S32DS.3.6.3/S32DS/build_tools/gcc_v10.2/gcc-10.2-arm32-eabi/bin/../lib/gcc/arm-none-eabi/10.2.0/../../../../arm-none-eabi/lib/thumb/v7e-m/nofp/libc.a(lib_a-mallocr.o)
                0x000000001fff8aa4                __malloc_av_
 .data.__malloc_sbrk_base
                0x000000001fff8eac        0x4 /usr/local/NXP/S32DS.3.6.3/S32DS/build_tools/gcc_v10.2/gcc-10.2-arm32-eabi/bin/../lib/gcc/arm-none-eabi/10.2.0/../../../../arm-none-eabi/lib/thumb/v7e-m/nofp/libc.a(lib_a-mallocr.o)
                0x000000001fff8eac                __malloc_sbrk_base
 .data.__malloc_trim_threshold
                0x000000001fff8eb0        0x4 /usr/local/NXP/S32DS.3.6.3/S32DS/build_tools/gcc_v10.2/gcc-10.2-arm32-eabi/bin/../lib/gcc/arm-none-eabi/10.2.0/../../../../arm-none-eabi/lib/thumb/v7e-m/nofp/libc.a(lib_a-mallocr.o)
                0x000000001fff8eb0                __malloc_trim_threshold
 .data.__heap_limit
                0x000000001fff8eb4        0x4 /usr/local/NXP/S32DS.3.6.3/S32DS/build_tools/gcc_v10.2/gcc-10.2-arm32-eabi/bin/../lib/gcc/arm-none-eabi/10.2.0/../../../../arm-none-eabi/lib/thumb/v7e-m/nofp/librdimon.a(rdimon-syscalls.o)
 .data.supports_ext_exit_extended
                0x000000001fff8eb8        0x4 /usr/local/NXP/S32DS.3.6.3/S32DS/build_tools/gcc_v10.2/gcc-10.2-arm32-eabi/bin/../lib/gcc/arm-none-eabi/10.2.0/../../../../arm-none-eabi/lib/thumb/v7e-m/nofp/librdimon.a(rdimon-syscalls.o)
 .data.supports_ext_stdout_stderr
                0x000000001fff8ebc        0x4 /usr/local/NXP/S32DS.3.6.3/S32DS/build_tools/gcc_v10.2/gcc-10.2-arm32-eabi/bin/../lib/gcc/arm-none-eabi/10.2.0/../../../../arm-none-eabi/lib/thumb/v7e-m/nofp/librdimon.a(rdimon-syscalls.o)
 *(.jcr*)
                0x000000001fff8ec0                . = ALIGN (0x4)
                0x000000001fff8ec0                __data_end__ = .
                0x0000000000007608                __DATA_END = (__DATA_ROM + (__data_end__ - __data_start__))
                0x0000000000007608                __CODE_ROM = __DATA_END

.tm_clone_table
                0x000000001fff8ec0        0x0 load address 0x0000000000007608
 .tm_clone_table
                0x000000001fff8ec0        0x0 /usr/local/NXP/S32DS.3.6.3/S32DS/build_tools/gcc_v10.2/gcc-10.2-arm32-eabi/bin/../lib/gcc/arm-none-eabi/10.2.0/thumb/v7e-m/nofp/crtbegin.o
 .tm_clone_table
                0x000000001fff8ec0        0x0 /usr/local/NXP/S32DS.3.6.3/S32DS/build_tools/gcc_v10.2/gcc-10.2-arm32-eabi/bin/../lib/gcc/arm-none-eabi/10.2.0/thumb/v7e-m/nofp/crtend.o

.igot.plt       0x000000001fff8ec0        0x0 load address 0x0000000000007608
 .igot.plt      0x000000001fff8ec0        0x0 /usr/local/NXP/S32DS.3.6.3/S32DS/build_tools/gcc_v10.2/gcc-10.2-arm32-eabi/bin/../lib/gcc/arm-none-eabi/10.2.0/thumb/v7e-m/nofp/crtbegin.o

.code           0x000000001fff8ec0        0x0 load address 0x0000000000007608
                0x000000001fff8ec0                . = ALIGN (0x4)
                0x000000001fff8ec0                __CODE_RAM = .
                0x000000001fff8ec0                __code_start__ = .
                0x000000001fff8ec0                __code_ram_start__ = .
 *(.code_ram)
                0x000000001fff8ec0                . = ALIGN (0x4)
                0x000000001fff8ec0                __code_end__ = .
                0x000000001fff8ec0                __code_ram_end__ = .
                0x0000000000007608                __CODE_END = (__CODE_ROM + (__code_end__ - __code_start__))
                0x0000000000007608                __CUSTOM_ROM = __CODE_END

.customSectionBlock
                0x0000000020000000        0x0 load address 0x0000000000007608
                0x0000000020000000                __customSection_start__ = .
 *(.customSection)
                0x0000000020000000                __customSection_end__ = .
                0x0000000000007608                __CUSTOM_END = (__CUSTOM_ROM + (__customSection_end__ - __customSection_start__))

.bss            0x0000000020000000      0x120
                0x0000000020000000                . = ALIGN (0x4)
                0x0000000020000000                __BSS_START = .
                0x0000000020000000                __bss_start__ = .
 *(.bss)
 .bss           0x0000000020000000       0x1c /usr/local/NXP/S32DS.3.6.3/S32DS/build_tools/gcc_v10.2/gcc-10.2-arm32-eabi/bin/../lib/gcc/arm-none-eabi/10.2.0/thumb/v7e-m/nofp/crtbegin.o
 *(.bss*)
 .bss.red_state.1
                0x000000002000001c        0x4 ./src/driver_gpio.o
 .bss.green_state.0
                0x0000000020000020        0x4 ./src/driver_gpio.o
 .bss.callbacks
                0x0000000020000024       0x14 ./src/driver_port.o
 .bss.__malloc_current_mallinfo
                0x0000000020000038       0x28 /usr/local/NXP/S32DS.3.6.3/S32DS/build_tools/gcc_v10.2/gcc-10.2-arm32-eabi/bin/../lib/gcc/arm-none-eabi/10.2.0/../../../../arm-none-eabi/lib/thumb/v7e-m/nofp/libc.a(lib_a-mallocr.o)
                0x0000000020000038                __malloc_current_mallinfo
 .bss.__malloc_max_sbrked_mem
                0x0000000020000060        0x4 /usr/local/NXP/S32DS.3.6.3/S32DS/build_tools/gcc_v10.2/gcc-10.2-arm32-eabi/bin/../lib/gcc/arm-none-eabi/10.2.0/../../../../arm-none-eabi/lib/thumb/v7e-m/nofp/libc.a(lib_a-mallocr.o)
                0x0000000020000060                __malloc_max_sbrked_mem
 .bss.__malloc_max_total_mem
                0x0000000020000064        0x4 /usr/local/NXP/S32DS.3.6.3/S32DS/build_tools/gcc_v10.2/gcc-10.2-arm32-eabi/bin/../lib/gcc/arm-none-eabi/10.2.0/../../../../arm-none-eabi/lib/thumb/v7e-m/nofp/libc.a(lib_a-mallocr.o)
                0x0000000020000064                __malloc_max_total_mem
 .bss.__malloc_top_pad
                0x0000000020000068        0x4 /usr/local/NXP/S32DS.3.6.3/S32DS/build_tools/gcc_v10.2/gcc-10.2-arm32-eabi/bin/../lib/gcc/arm-none-eabi/10.2.0/../../../../arm-none-eabi/lib/thumb/v7e-m/nofp/libc.a(lib_a-mallocr.o)
                0x0000000020000068                __malloc_top_pad
 .bss.errno     0x000000002000006c        0x4 /usr/local/NXP/S32DS.3.6.3/S32DS/build_tools/gcc_v10.2/gcc-10.2-arm32-eabi/bin/../lib/gcc/arm-none-eabi/10.2.0/../../../../arm-none-eabi/lib/thumb/v7e-m/nofp/libc.a(lib_a-reent.o)
                0x000000002000006c                errno
 .bss.heap_end.0
                0x0000000020000070        0x4 /usr/local/NXP/S32DS.3.6.3/S32DS/build_tools/gcc_v10.2/gcc-10.2-arm32-eabi/bin/../lib/gcc/arm-none-eabi/10.2.0/../../../../arm-none-eabi/lib/thumb/v7e-m/nofp/librdimon.a(rdimon-syscalls.o)
 .bss.monitor_stderr
                0x0000000020000074        0x4 /usr/local/NXP/S32DS.3.6.3/S32DS/build_tools/gcc_v10.2/gcc-10.2-arm32-eabi/bin/../lib/gcc/arm-none-eabi/10.2.0/../../../../arm-none-eabi/lib/thumb/v7e-m/nofp/librdimon.a(rdimon-syscalls.o)
 .bss.monitor_stdin
                0x0000000020000078        0x4 /usr/local/NXP/S32DS.3.6.3/S32DS/build_tools/gcc_v10.2/gcc-10.2-arm32-eabi/bin/../lib/gcc/arm-none-eabi/10.2.0/../../../../arm-none-eabi/lib/thumb/v7e-m/nofp/librdimon.a(rdimon-syscalls.o)
 .bss.monitor_stdout
                0x000000002000007c        0x4 /usr/local/NXP/S32DS.3.6.3/S32DS/build_tools/gcc_v10.2/gcc-10.2-arm32-eabi/bin/../lib/gcc/arm-none-eabi/10.2.0/../../../../arm-none-eabi/lib/thumb/v7e-m/nofp/librdimon.a(rdimon-syscalls.o)
 .bss.openfiles
                0x0000000020000080       0xa0 /usr/local/NXP/S32DS.3.6.3/S32DS/build_tools/gcc_v10.2/gcc-10.2-arm32-eabi/bin/../lib/gcc/arm-none-eabi/10.2.0/../../../../arm-none-eabi/lib/thumb/v7e-m/nofp/librdimon.a(rdimon-syscalls.o)
 *(COMMON)
                0x0000000020000120                . = ALIGN (0x4)
                0x0000000020000120                __bss_end__ = .
                0x0000000020000120                __BSS_END = .

.heap           0x0000000020000120      0x400
                0x0000000020000120                . = ALIGN (0x8)
                0x0000000020000120                __end__ = .
                0x0000000020000120                __heap_start__ = .
                0x0000000020000120                PROVIDE (end = .)
                [!provide]                        PROVIDE (_end = .)
                [!provide]                        PROVIDE (__end = .)
                0x0000000020000120                __HeapBase = .
                0x0000000020000520                . = (. + HEAP_SIZE)
 *fill*         0x0000000020000120      0x400 
                0x0000000020000520                __HeapLimit = .
                0x0000000020000520                __heap_limit = .
                0x0000000020000520                __heap_end__ = .
                0x0000000020007000                __StackTop = (ORIGIN (m_data_2) + LENGTH (m_data_2))
                0x0000000020006c00                __StackLimit = (__StackTop - STACK_SIZE)
                0x0000000020007000                PROVIDE (__stack = __StackTop)
                0x0000000020007000                __RAM_END = __StackTop

.stack          0x0000000020006c00      0x400
                0x0000000020006c00                . = ALIGN (0x8)
                0x0000000020006c00                __stack_start__ = .
                0x0000000020007000                . = (. + STACK_SIZE)
 *fill*         0x0000000020006c00      0x400 
                0x0000000020007000                __stack_end__ = .
                0x0000000020000000                __START_BSS = __BSS_START
                0x0000000020000120                __END_BSS = __BSS_END
                0x0000000020007000                __SP_INIT = __StackTop

.ARM.attributes
                0x0000000000000000       0x2a
 *(.ARM.attributes)
 .ARM.attributes
                0x0000000000000000       0x1e /usr/local/NXP/S32DS.3.6.3/S32DS/build_tools/gcc_v10.2/gcc-10.2-arm32-eabi/bin/../lib/gcc/arm-none-eabi/10.2.0/thumb/v7e-m/nofp/crti.o
 .ARM.attributes
                0x000000000000001e       0x2e /usr/local/NXP/S32DS.3.6.3/S32DS/build_tools/gcc_v10.2/gcc-10.2-arm32-eabi/bin/../lib/gcc/arm-none-eabi/10.2.0/thumb/v7e-m/nofp/crtbegin.o
 .ARM.attributes
                0x000000000000004c       0x1c /usr/local/NXP/S32DS.3.6.3/S32DS/build_tools/gcc_v10.2/gcc-10.2-arm32-eabi/bin/../lib/gcc/arm-none-eabi/10.2.0/../../../../arm-none-eabi/lib/thumb/v7e-m/nofp/rdimon-crt0.o
 .ARM.attributes
                0x0000000000000068       0x2e ./Project_Settings/Startup_Code/startup.o
 .ARM.attributes
                0x0000000000000096       0x1b ./Project_Settings/Startup_Code/startup_S32K144.o
 .ARM.attributes
                0x00000000000000b1       0x2e ./Project_Settings/Startup_Code/system_S32K144.o
 .ARM.attributes
                0x00000000000000df       0x2e ./src/driver_gpio.o
 .ARM.attributes
                0x000000000000010d       0x2e ./src/driver_port.o
 .ARM.attributes
                0x000000000000013b       0x2e ./src/main.o
 .ARM.attributes
                0x0000000000000169       0x2e /usr/local/NXP/S32DS.3.6.3/S32DS/build_tools/gcc_v10.2/gcc-10.2-arm32-eabi/bin/../lib/gcc/arm-none-eabi/10.2.0/../../../../arm-none-eabi/lib/thumb/v7e-m/nofp/libc.a(lib_a-exit.o)
 .ARM.attributes
                0x0000000000000197       0x2e /usr/local/NXP/S32DS.3.6.3/S32DS/build_tools/gcc_v10.2/gcc-10.2-arm32-eabi/bin/../lib/gcc/arm-none-eabi/10.2.0/../../../../arm-none-eabi/lib/thumb/v7e-m/nofp/libc.a(lib_a-impure.o)
 .ARM.attributes
                0x00000000000001c5       0x2e /usr/local/NXP/S32DS.3.6.3/S32DS/build_tools/gcc_v10.2/gcc-10.2-arm32-eabi/bin/../lib/gcc/arm-none-eabi/10.2.0/../../../../arm-none-eabi/lib/thumb/v7e-m/nofp/libc.a(lib_a-init.o)
 .ARM.attributes
                0x00000000000001f3       0x2e /usr/local/NXP/S32DS.3.6.3/S32DS/build_tools/gcc_v10.2/gcc-10.2-arm32-eabi/bin/../lib/gcc/arm-none-eabi/10.2.0/../../../../arm-none-eabi/lib/thumb/v7e-m/nofp/libc.a(lib_a-memset.o)
 .ARM.attributes
                0x0000000000000221       0x2e /usr/local/NXP/S32DS.3.6.3/S32DS/build_tools/gcc_v10.2/gcc-10.2-arm32-eabi/bin/../lib/gcc/arm-none-eabi/10.2.0/../../../../arm-none-eabi/lib/thumb/v7e-m/nofp/libc.a(lib_a-printf.o)
 .ARM.attributes
                0x000000000000024f       0x2e /usr/local/NXP/S32DS.3.6.3/S32DS/build_tools/gcc_v10.2/gcc-10.2-arm32-eabi/bin/../lib/gcc/arm-none-eabi/10.2.0/../../../../arm-none-eabi/lib/thumb/v7e-m/nofp/libc.a(lib_a-vfprintf.o)
 .ARM.attributes
                0x000000000000027d       0x2e /usr/local/NXP/S32DS.3.6.3/S32DS/build_tools/gcc_v10.2/gcc-10.2-arm32-eabi/bin/../lib/gcc/arm-none-eabi/10.2.0/../../../../arm-none-eabi/lib/thumb/v7e-m/nofp/libc.a(lib_a-wsetup.o)
 .ARM.attributes
                0x00000000000002ab       0x2e /usr/local/NXP/S32DS.3.6.3/S32DS/build_tools/gcc_v10.2/gcc-10.2-arm32-eabi/bin/../lib/gcc/arm-none-eabi/10.2.0/../../../../arm-none-eabi/lib/thumb/v7e-m/nofp/libc.a(lib_a-__call_atexit.o)
 .ARM.attributes
                0x00000000000002d9       0x2e /usr/local/NXP/S32DS.3.6.3/S32DS/build_tools/gcc_v10.2/gcc-10.2-arm32-eabi/bin/../lib/gcc/arm-none-eabi/10.2.0/../../../../arm-none-eabi/lib/thumb/v7e-m/nofp/libc.a(lib_a-dtoa.o)
 .ARM.attributes
                0x0000000000000307       0x2e /usr/local/NXP/S32DS.3.6.3/S32DS/build_tools/gcc_v10.2/gcc-10.2-arm32-eabi/bin/../lib/gcc/arm-none-eabi/10.2.0/../../../../arm-none-eabi/lib/thumb/v7e-m/nofp/libc.a(lib_a-fflush.o)
 .ARM.attributes
                0x0000000000000335       0x2e /usr/local/NXP/S32DS.3.6.3/S32DS/build_tools/gcc_v10.2/gcc-10.2-arm32-eabi/bin/../lib/gcc/arm-none-eabi/10.2.0/../../../../arm-none-eabi/lib/thumb/v7e-m/nofp/libc.a(lib_a-findfp.o)
 .ARM.attributes
                0x0000000000000363       0x2e /usr/local/NXP/S32DS.3.6.3/S32DS/build_tools/gcc_v10.2/gcc-10.2-arm32-eabi/bin/../lib/gcc/arm-none-eabi/10.2.0/../../../../arm-none-eabi/lib/thumb/v7e-m/nofp/libc.a(lib_a-fini.o)
 .ARM.attributes
                0x0000000000000391       0x2e /usr/local/NXP/S32DS.3.6.3/S32DS/build_tools/gcc_v10.2/gcc-10.2-arm32-eabi/bin/../lib/gcc/arm-none-eabi/10.2.0/../../../../arm-none-eabi/lib/thumb/v7e-m/nofp/libc.a(lib_a-freer.o)
 .ARM.attributes
                0x00000000000003bf       0x2e /usr/local/NXP/S32DS.3.6.3/S32DS/build_tools/gcc_v10.2/gcc-10.2-arm32-eabi/bin/../lib/gcc/arm-none-eabi/10.2.0/../../../../arm-none-eabi/lib/thumb/v7e-m/nofp/libc.a(lib_a-fwalk.o)
 .ARM.attributes
                0x00000000000003ed       0x2e /usr/local/NXP/S32DS.3.6.3/S32DS/build_tools/gcc_v10.2/gcc-10.2-arm32-eabi/bin/../lib/gcc/arm-none-eabi/10.2.0/../../../../arm-none-eabi/lib/thumb/v7e-m/nofp/libc.a(lib_a-localeconv.o)
 .ARM.attributes
                0x000000000000041b       0x2e /usr/local/NXP/S32DS.3.6.3/S32DS/build_tools/gcc_v10.2/gcc-10.2-arm32-eabi/bin/../lib/gcc/arm-none-eabi/10.2.0/../../../../arm-none-eabi/lib/thumb/v7e-m/nofp/libc.a(lib_a-locale.o)
 .ARM.attributes
                0x0000000000000449       0x2e /usr/local/NXP/S32DS.3.6.3/S32DS/build_tools/gcc_v10.2/gcc-10.2-arm32-eabi/bin/../lib/gcc/arm-none-eabi/10.2.0/../../../../arm-none-eabi/lib/thumb/v7e-m/nofp/libc.a(lib_a-makebuf.o)
 .ARM.attributes
                0x0000000000000477       0x2e /usr/local/NXP/S32DS.3.6.3/S32DS/build_tools/gcc_v10.2/gcc-10.2-arm32-eabi/bin/../lib/gcc/arm-none-eabi/10.2.0/../../../../arm-none-eabi/lib/thumb/v7e-m/nofp/libc.a(lib_a-mallocr.o)
 .ARM.attributes
                0x00000000000004a5       0x2e /usr/local/NXP/S32DS.3.6.3/S32DS/build_tools/gcc_v10.2/gcc-10.2-arm32-eabi/bin/../lib/gcc/arm-none-eabi/10.2.0/../../../../arm-none-eabi/lib/thumb/v7e-m/nofp/libc.a(lib_a-mbtowc_r.o)
 .ARM.attributes
                0x00000000000004d3       0x1c /usr/local/NXP/S32DS.3.6.3/S32DS/build_tools/gcc_v10.2/gcc-10.2-arm32-eabi/bin/../lib/gcc/arm-none-eabi/10.2.0/../../../../arm-none-eabi/lib/thumb/v7e-m/nofp/libc.a(lib_a-memchr.o)
 .ARM.attributes
                0x00000000000004ef       0x2e /usr/local/NXP/S32DS.3.6.3/S32DS/build_tools/gcc_v10.2/gcc-10.2-arm32-eabi/bin/../lib/gcc/arm-none-eabi/10.2.0/../../../../arm-none-eabi/lib/thumb/v7e-m/nofp/libc.a(lib_a-memcpy-stub.o)
 .ARM.attributes
                0x000000000000051d       0x2e /usr/local/NXP/S32DS.3.6.3/S32DS/build_tools/gcc_v10.2/gcc-10.2-arm32-eabi/bin/../lib/gcc/arm-none-eabi/10.2.0/../../../../arm-none-eabi/lib/thumb/v7e-m/nofp/libc.a(lib_a-mlock.o)
 .ARM.attributes
                0x000000000000054b       0x2e /usr/local/NXP/S32DS.3.6.3/S32DS/build_tools/gcc_v10.2/gcc-10.2-arm32-eabi/bin/../lib/gcc/arm-none-eabi/10.2.0/../../../../arm-none-eabi/lib/thumb/v7e-m/nofp/libc.a(lib_a-mprec.o)
 .ARM.attributes
                0x0000000000000579       0x2e /usr/local/NXP/S32DS.3.6.3/S32DS/build_tools/gcc_v10.2/gcc-10.2-arm32-eabi/bin/../lib/gcc/arm-none-eabi/10.2.0/../../../../arm-none-eabi/lib/thumb/v7e-m/nofp/libc.a(lib_a-sbrkr.o)
 .ARM.attributes
                0x00000000000005a7       0x2e /usr/local/NXP/S32DS.3.6.3/S32DS/build_tools/gcc_v10.2/gcc-10.2-arm32-eabi/bin/../lib/gcc/arm-none-eabi/10.2.0/../../../../arm-none-eabi/lib/thumb/v7e-m/nofp/libc.a(lib_a-stdio.o)
 .ARM.attributes
                0x00000000000005d5       0x17 /usr/local/NXP/S32DS.3.6.3/S32DS/build_tools/gcc_v10.2/gcc-10.2-arm32-eabi/bin/../lib/gcc/arm-none-eabi/10.2.0/../../../../arm-none-eabi/lib/thumb/v7e-m/nofp/libc.a(lib_a-strlen.o)
 .ARM.attributes
                0x00000000000005ec       0x2e /usr/local/NXP/S32DS.3.6.3/S32DS/build_tools/gcc_v10.2/gcc-10.2-arm32-eabi/bin/../lib/gcc/arm-none-eabi/10.2.0/../../../../arm-none-eabi/lib/thumb/v7e-m/nofp/libc.a(lib_a-vfiprintf.o)
 .ARM.attributes
                0x000000000000061a       0x2e /usr/local/NXP/S32DS.3.6.3/S32DS/build_tools/gcc_v10.2/gcc-10.2-arm32-eabi/bin/../lib/gcc/arm-none-eabi/10.2.0/../../../../arm-none-eabi/lib/thumb/v7e-m/nofp/libc.a(lib_a-wctomb_r.o)
 .ARM.attributes
                0x0000000000000648       0x2e /usr/local/NXP/S32DS.3.6.3/S32DS/build_tools/gcc_v10.2/gcc-10.2-arm32-eabi/bin/../lib/gcc/arm-none-eabi/10.2.0/../../../../arm-none-eabi/lib/thumb/v7e-m/nofp/libc.a(lib_a-writer.o)
 .ARM.attributes
                0x0000000000000676       0x2e /usr/local/NXP/S32DS.3.6.3/S32DS/build_tools/gcc_v10.2/gcc-10.2-arm32-eabi/bin/../lib/gcc/arm-none-eabi/10.2.0/../../../../arm-none-eabi/lib/thumb/v7e-m/nofp/libc.a(lib_a-assert.o)
 .ARM.attributes
                0x00000000000006a4       0x2e /usr/local/NXP/S32DS.3.6.3/S32DS/build_tools/gcc_v10.2/gcc-10.2-arm32-eabi/bin/../lib/gcc/arm-none-eabi/10.2.0/../../../../arm-none-eabi/lib/thumb/v7e-m/nofp/libc.a(lib_a-atexit.o)
 .ARM.attributes
                0x00000000000006d2       0x2e /usr/local/NXP/S32DS.3.6.3/S32DS/build_tools/gcc_v10.2/gcc-10.2-arm32-eabi/bin/../lib/gcc/arm-none-eabi/10.2.0/../../../../arm-none-eabi/lib/thumb/v7e-m/nofp/libc.a(lib_a-callocr.o)
 .ARM.attributes
                0x0000000000000700       0x2e /usr/local/NXP/S32DS.3.6.3/S32DS/build_tools/gcc_v10.2/gcc-10.2-arm32-eabi/bin/../lib/gcc/arm-none-eabi/10.2.0/../../../../arm-none-eabi/lib/thumb/v7e-m/nofp/libc.a(lib_a-closer.o)
 .ARM.attributes
                0x000000000000072e       0x2e /usr/local/NXP/S32DS.3.6.3/S32DS/build_tools/gcc_v10.2/gcc-10.2-arm32-eabi/bin/../lib/gcc/arm-none-eabi/10.2.0/../../../../arm-none-eabi/lib/thumb/v7e-m/nofp/libc.a(lib_a-ctype_.o)
 .ARM.attributes
                0x000000000000075c       0x2e /usr/local/NXP/S32DS.3.6.3/S32DS/build_tools/gcc_v10.2/gcc-10.2-arm32-eabi/bin/../lib/gcc/arm-none-eabi/10.2.0/../../../../arm-none-eabi/lib/thumb/v7e-m/nofp/libc.a(lib_a-fclose.o)
 .ARM.attributes
                0x000000000000078a       0x2e /usr/local/NXP/S32DS.3.6.3/S32DS/build_tools/gcc_v10.2/gcc-10.2-arm32-eabi/bin/../lib/gcc/arm-none-eabi/10.2.0/../../../../arm-none-eabi/lib/thumb/v7e-m/nofp/libc.a(lib_a-fiprintf.o)
 .ARM.attributes
                0x00000000000007b8       0x2e /usr/local/NXP/S32DS.3.6.3/S32DS/build_tools/gcc_v10.2/gcc-10.2-arm32-eabi/bin/../lib/gcc/arm-none-eabi/10.2.0/../../../../arm-none-eabi/lib/thumb/v7e-m/nofp/libc.a(lib_a-fputwc.o)
 .ARM.attributes
                0x00000000000007e6       0x2e /usr/local/NXP/S32DS.3.6.3/S32DS/build_tools/gcc_v10.2/gcc-10.2-arm32-eabi/bin/../lib/gcc/arm-none-eabi/10.2.0/../../../../arm-none-eabi/lib/thumb/v7e-m/nofp/libc.a(lib_a-fstatr.o)
 .ARM.attributes
                0x0000000000000814       0x2e /usr/local/NXP/S32DS.3.6.3/S32DS/build_tools/gcc_v10.2/gcc-10.2-arm32-eabi/bin/../lib/gcc/arm-none-eabi/10.2.0/../../../../arm-none-eabi/lib/thumb/v7e-m/nofp/libc.a(lib_a-fvwrite.o)
 .ARM.attributes
                0x0000000000000842       0x2e /usr/local/NXP/S32DS.3.6.3/S32DS/build_tools/gcc_v10.2/gcc-10.2-arm32-eabi/bin/../lib/gcc/arm-none-eabi/10.2.0/../../../../arm-none-eabi/lib/thumb/v7e-m/nofp/libc.a(lib_a-isattyr.o)
 .ARM.attributes
                0x0000000000000870       0x2e /usr/local/NXP/S32DS.3.6.3/S32DS/build_tools/gcc_v10.2/gcc-10.2-arm32-eabi/bin/../lib/gcc/arm-none-eabi/10.2.0/../../../../arm-none-eabi/lib/thumb/v7e-m/nofp/libc.a(lib_a-lseekr.o)
 .ARM.attributes
                0x000000000000089e       0x2e /usr/local/NXP/S32DS.3.6.3/S32DS/build_tools/gcc_v10.2/gcc-10.2-arm32-eabi/bin/../lib/gcc/arm-none-eabi/10.2.0/../../../../arm-none-eabi/lib/thumb/v7e-m/nofp/libc.a(lib_a-memmove.o)
 .ARM.attributes
                0x00000000000008cc       0x2e /usr/local/NXP/S32DS.3.6.3/S32DS/build_tools/gcc_v10.2/gcc-10.2-arm32-eabi/bin/../lib/gcc/arm-none-eabi/10.2.0/../../../../arm-none-eabi/lib/thumb/v7e-m/nofp/libc.a(lib_a-readr.o)
 .ARM.attributes
                0x00000000000008fa       0x2e /usr/local/NXP/S32DS.3.6.3/S32DS/build_tools/gcc_v10.2/gcc-10.2-arm32-eabi/bin/../lib/gcc/arm-none-eabi/10.2.0/../../../../arm-none-eabi/lib/thumb/v7e-m/nofp/libc.a(lib_a-reallocr.o)
 .ARM.attributes
                0x0000000000000928       0x2e /usr/local/NXP/S32DS.3.6.3/S32DS/build_tools/gcc_v10.2/gcc-10.2-arm32-eabi/bin/../lib/gcc/arm-none-eabi/10.2.0/../../../../arm-none-eabi/lib/thumb/v7e-m/nofp/libc.a(lib_a-reent.o)
 .ARM.attributes
                0x0000000000000956       0x2e /usr/local/NXP/S32DS.3.6.3/S32DS/build_tools/gcc_v10.2/gcc-10.2-arm32-eabi/bin/../lib/gcc/arm-none-eabi/10.2.0/../../../../arm-none-eabi/lib/thumb/v7e-m/nofp/libc.a(lib_a-wbuf.o)
 .ARM.attributes
                0x0000000000000984       0x2e /usr/local/NXP/S32DS.3.6.3/S32DS/build_tools/gcc_v10.2/gcc-10.2-arm32-eabi/bin/../lib/gcc/arm-none-eabi/10.2.0/../../../../arm-none-eabi/lib/thumb/v7e-m/nofp/libc.a(lib_a-wcrtomb.o)
 .ARM.attributes
                0x00000000000009b2       0x2e /usr/local/NXP/S32DS.3.6.3/S32DS/build_tools/gcc_v10.2/gcc-10.2-arm32-eabi/bin/../lib/gcc/arm-none-eabi/10.2.0/../../../../arm-none-eabi/lib/thumb/v7e-m/nofp/libc.a(lib_a-abort.o)
 .ARM.attributes
                0x00000000000009e0       0x2e /usr/local/NXP/S32DS.3.6.3/S32DS/build_tools/gcc_v10.2/gcc-10.2-arm32-eabi/bin/../lib/gcc/arm-none-eabi/10.2.0/../../../../arm-none-eabi/lib/thumb/v7e-m/nofp/libc.a(lib_a-__atexit.o)
 .ARM.attributes
                0x0000000000000a0e       0x2e /usr/local/NXP/S32DS.3.6.3/S32DS/build_tools/gcc_v10.2/gcc-10.2-arm32-eabi/bin/../lib/gcc/arm-none-eabi/10.2.0/../../../../arm-none-eabi/lib/thumb/v7e-m/nofp/libc.a(lib_a-signal.o)
 .ARM.attributes
                0x0000000000000a3c       0x2e /usr/local/NXP/S32DS.3.6.3/S32DS/build_tools/gcc_v10.2/gcc-10.2-arm32-eabi/bin/../lib/gcc/arm-none-eabi/10.2.0/../../../../arm-none-eabi/lib/thumb/v7e-m/nofp/libc.a(lib_a-signalr.o)
 .ARM.attributes
                0x0000000000000a6a       0x1e /usr/local/NXP/S32DS.3.6.3/S32DS/build_tools/gcc_v10.2/gcc-10.2-arm32-eabi/bin/../lib/gcc/arm-none-eabi/10.2.0/thumb/v7e-m/nofp/libgcc.a(_arm_addsubdf3.o)
 .ARM.attributes
                0x0000000000000a88       0x1e /usr/local/NXP/S32DS.3.6.3/S32DS/build_tools/gcc_v10.2/gcc-10.2-arm32-eabi/bin/../lib/gcc/arm-none-eabi/10.2.0/thumb/v7e-m/nofp/libgcc.a(_arm_muldivdf3.o)
 .ARM.attributes
                0x0000000000000aa6       0x1e /usr/local/NXP/S32DS.3.6.3/S32DS/build_tools/gcc_v10.2/gcc-10.2-arm32-eabi/bin/../lib/gcc/arm-none-eabi/10.2.0/thumb/v7e-m/nofp/libgcc.a(_arm_cmpdf2.o)
 .ARM.attributes
                0x0000000000000ac4       0x1e /usr/local/NXP/S32DS.3.6.3/S32DS/build_tools/gcc_v10.2/gcc-10.2-arm32-eabi/bin/../lib/gcc/arm-none-eabi/10.2.0/thumb/v7e-m/nofp/libgcc.a(_arm_unorddf2.o)
 .ARM.attributes
                0x0000000000000ae2       0x1e /usr/local/NXP/S32DS.3.6.3/S32DS/build_tools/gcc_v10.2/gcc-10.2-arm32-eabi/bin/../lib/gcc/arm-none-eabi/10.2.0/thumb/v7e-m/nofp/libgcc.a(_arm_fixdfsi.o)
 .ARM.attributes
                0x0000000000000b00       0x1e /usr/local/NXP/S32DS.3.6.3/S32DS/build_tools/gcc_v10.2/gcc-10.2-arm32-eabi/bin/../lib/gcc/arm-none-eabi/10.2.0/thumb/v7e-m/nofp/libgcc.a(_aeabi_uldivmod.o)
 .ARM.attributes
                0x0000000000000b1e       0x2e /usr/local/NXP/S32DS.3.6.3/S32DS/build_tools/gcc_v10.2/gcc-10.2-arm32-eabi/bin/../lib/gcc/arm-none-eabi/10.2.0/thumb/v7e-m/nofp/libgcc.a(_udivmoddi4.o)
 .ARM.attributes
                0x0000000000000b4c       0x1e /usr/local/NXP/S32DS.3.6.3/S32DS/build_tools/gcc_v10.2/gcc-10.2-arm32-eabi/bin/../lib/gcc/arm-none-eabi/10.2.0/thumb/v7e-m/nofp/libgcc.a(_dvmd_tls.o)
 .ARM.attributes
                0x0000000000000b6a       0x2e /usr/local/NXP/S32DS.3.6.3/S32DS/build_tools/gcc_v10.2/gcc-10.2-arm32-eabi/bin/../lib/gcc/arm-none-eabi/10.2.0/../../../../arm-none-eabi/lib/thumb/v7e-m/nofp/librdimon.a(rdimon-syscalls.o)
 .ARM.attributes
                0x0000000000000b98       0x2e /usr/local/NXP/S32DS.3.6.3/S32DS/build_tools/gcc_v10.2/gcc-10.2-arm32-eabi/bin/../lib/gcc/arm-none-eabi/10.2.0/../../../../arm-none-eabi/lib/thumb/v7e-m/nofp/librdimon.a(rdimon-_exit.o)
 .ARM.attributes
                0x0000000000000bc6       0x2e /usr/local/NXP/S32DS.3.6.3/S32DS/build_tools/gcc_v10.2/gcc-10.2-arm32-eabi/bin/../lib/gcc/arm-none-eabi/10.2.0/../../../../arm-none-eabi/lib/thumb/v7e-m/nofp/librdimon.a(rdimon-_kill.o)
 .ARM.attributes
                0x0000000000000bf4       0x2e /usr/local/NXP/S32DS.3.6.3/S32DS/build_tools/gcc_v10.2/gcc-10.2-arm32-eabi/bin/../lib/gcc/arm-none-eabi/10.2.0/../../../../arm-none-eabi/lib/thumb/v7e-m/nofp/libc.a(lib_a-errno.o)
 .ARM.attributes
                0x0000000000000c22       0x2e /usr/local/NXP/S32DS.3.6.3/S32DS/build_tools/gcc_v10.2/gcc-10.2-arm32-eabi/bin/../lib/gcc/arm-none-eabi/10.2.0/thumb/v7e-m/nofp/crtend.o
 .ARM.attributes
                0x0000000000000c50       0x1e /usr/local/NXP/S32DS.3.6.3/S32DS/build_tools/gcc_v10.2/gcc-10.2-arm32-eabi/bin/../lib/gcc/arm-none-eabi/10.2.0/thumb/v7e-m/nofp/crtn.o
                0x0000000000000001                ASSERT ((__StackLimit >= __HeapLimit), region m_data_2 overflowed with stack and heap)
OUTPUT(Ass1.elf elf32-littlearm)
LOAD linker stubs

.comment        0x0000000000000000       0x53
 .comment       0x0000000000000000       0x53 /usr/local/NXP/S32DS.3.6.3/S32DS/build_tools/gcc_v10.2/gcc-10.2-arm32-eabi/bin/../lib/gcc/arm-none-eabi/10.2.0/thumb/v7e-m/nofp/crtbegin.o
                                         0x54 (size before relaxing)
 .comment       0x0000000000000053       0x54 ./Project_Settings/Startup_Code/startup.o
 .comment       0x0000000000000053       0x54 ./Project_Settings/Startup_Code/system_S32K144.o
 .comment       0x0000000000000053       0x54 ./src/driver_gpio.o
 .comment       0x0000000000000053       0x54 ./src/driver_port.o
 .comment       0x0000000000000053       0x54 ./src/main.o
 .comment       0x0000000000000053       0x54 /usr/local/NXP/S32DS.3.6.3/S32DS/build_tools/gcc_v10.2/gcc-10.2-arm32-eabi/bin/../lib/gcc/arm-none-eabi/10.2.0/../../../../arm-none-eabi/lib/thumb/v7e-m/nofp/libc.a(lib_a-exit.o)
 .comment       0x0000000000000053       0x54 /usr/local/NXP/S32DS.3.6.3/S32DS/build_tools/gcc_v10.2/gcc-10.2-arm32-eabi/bin/../lib/gcc/arm-none-eabi/10.2.0/../../../../arm-none-eabi/lib/thumb/v7e-m/nofp/libc.a(lib_a-impure.o)
 .comment       0x0000000000000053       0x54 /usr/local/NXP/S32DS.3.6.3/S32DS/build_tools/gcc_v10.2/gcc-10.2-arm32-eabi/bin/../lib/gcc/arm-none-eabi/10.2.0/../../../../arm-none-eabi/lib/thumb/v7e-m/nofp/libc.a(lib_a-init.o)
 .comment       0x0000000000000053       0x54 /usr/local/NXP/S32DS.3.6.3/S32DS/build_tools/gcc_v10.2/gcc-10.2-arm32-eabi/bin/../lib/gcc/arm-none-eabi/10.2.0/../../../../arm-none-eabi/lib/thumb/v7e-m/nofp/libc.a(lib_a-memset.o)
 .comment       0x0000000000000053       0x54 /usr/local/NXP/S32DS.3.6.3/S32DS/build_tools/gcc_v10.2/gcc-10.2-arm32-eabi/bin/../lib/gcc/arm-none-eabi/10.2.0/../../../../arm-none-eabi/lib/thumb/v7e-m/nofp/libc.a(lib_a-printf.o)
 .comment       0x0000000000000053       0x54 /usr/local/NXP/S32DS.3.6.3/S32DS/build_tools/gcc_v10.2/gcc-10.2-arm32-eabi/bin/../lib/gcc/arm-none-eabi/10.2.0/../../../../arm-none-eabi/lib/thumb/v7e-m/nofp/libc.a(lib_a-vfprintf.o)
 .comment       0x0000000000000053       0x54 /usr/local/NXP/S32DS.3.6.3/S32DS/build_tools/gcc_v10.2/gcc-10.2-arm32-eabi/bin/../lib/gcc/arm-none-eabi/10.2.0/../../../../arm-none-eabi/lib/thumb/v7e-m/nofp/libc.a(lib_a-wsetup.o)
 .comment       0x0000000000000053       0x54 /usr/local/NXP/S32DS.3.6.3/S32DS/build_tools/gcc_v10.2/gcc-10.2-arm32-eabi/bin/../lib/gcc/arm-none-eabi/10.2.0/../../../../arm-none-eabi/lib/thumb/v7e-m/nofp/libc.a(lib_a-__call_atexit.o)
 .comment       0x0000000000000053       0x54 /usr/local/NXP/S32DS.3.6.3/S32DS/build_tools/gcc_v10.2/gcc-10.2-arm32-eabi/bin/../lib/gcc/arm-none-eabi/10.2.0/../../../../arm-none-eabi/lib/thumb/v7e-m/nofp/libc.a(lib_a-dtoa.o)
 .comment       0x0000000000000053       0x54 /usr/local/NXP/S32DS.3.6.3/S32DS/build_tools/gcc_v10.2/gcc-10.2-arm32-eabi/bin/../lib/gcc/arm-none-eabi/10.2.0/../../../../arm-none-eabi/lib/thumb/v7e-m/nofp/libc.a(lib_a-fflush.o)